Archive member included because of file (symbol)

c:/program files (x86)/embitz/0.42/share/em_armgcc/bin/../lib/gcc/arm-none-eabi/4.8.4/../../../../arm-none-eabi/lib/armv7e-m/fpu\librdimon_f.a(rdimon-syscalls.o)
                              c:/program files (x86)/embitz/0.42/share/em_armgcc/bin/../lib/gcc/arm-none-eabi/4.8.4/../../../../arm-none-eabi/lib/armv7e-m/fpu/rdimon-crt0.o (initialise_monitor_handles)
c:/program files (x86)/embitz/0.42/share/em_armgcc/bin/../lib/gcc/arm-none-eabi/4.8.4/armv7e-m/fpu\libgcc.a(_arm_addsubdf3.o)
                              obj\release\src\drivers\sdcard\tm_stm32f4_fatfs.o (__aeabi_ui2d)
c:/program files (x86)/embitz/0.42/share/em_armgcc/bin/../lib/gcc/arm-none-eabi/4.8.4/armv7e-m/fpu\libgcc.a(_arm_muldivdf3.o)
                              obj\release\src\drivers\sdcard\tm_stm32f4_fatfs.o (__aeabi_dmul)
c:/program files (x86)/embitz/0.42/share/em_armgcc/bin/../lib/gcc/arm-none-eabi/4.8.4/armv7e-m/fpu\libgcc.a(_arm_cmpdf2.o)
                              obj\release\src\drivers\sdcard\tm_stm32f4_timer_properties.o (__aeabi_dcmpeq)
c:/program files (x86)/embitz/0.42/share/em_armgcc/bin/../lib/gcc/arm-none-eabi/4.8.4/armv7e-m/fpu\libgcc.a(_arm_fixunsdfsi.o)
                              obj\release\src\drivers\sdcard\tm_stm32f4_fatfs.o (__aeabi_d2uiz)
c:/program files (x86)/embitz/0.42/share/em_armgcc/bin/../lib/gcc/arm-none-eabi/4.8.4/../../../../arm-none-eabi/lib/armv7e-m/fpu\libg_f.a(lib_a-errno.o)
                              c:/program files (x86)/embitz/0.42/share/em_armgcc/bin/../lib/gcc/arm-none-eabi/4.8.4/../../../../arm-none-eabi/lib/armv7e-m/fpu\librdimon_f.a(rdimon-syscalls.o) (__errno)
c:/program files (x86)/embitz/0.42/share/em_armgcc/bin/../lib/gcc/arm-none-eabi/4.8.4/../../../../arm-none-eabi/lib/armv7e-m/fpu\libg_f.a(lib_a-exit.o)
                              c:/program files (x86)/embitz/0.42/share/em_armgcc/bin/../lib/gcc/arm-none-eabi/4.8.4/../../../../arm-none-eabi/lib/armv7e-m/fpu/rdimon-crt0.o (exit)
c:/program files (x86)/embitz/0.42/share/em_armgcc/bin/../lib/gcc/arm-none-eabi/4.8.4/../../../../arm-none-eabi/lib/armv7e-m/fpu\libg_f.a(lib_a-findfp.o)
                              c:/program files (x86)/embitz/0.42/share/em_armgcc/bin/../lib/gcc/arm-none-eabi/4.8.4/../../../../arm-none-eabi/lib/armv7e-m/fpu\librdimon_f.a(rdimon-syscalls.o) (__sinit)
c:/program files (x86)/embitz/0.42/share/em_armgcc/bin/../lib/gcc/arm-none-eabi/4.8.4/../../../../arm-none-eabi/lib/armv7e-m/fpu\libg_f.a(lib_a-fwalk.o)
                              c:/program files (x86)/embitz/0.42/share/em_armgcc/bin/../lib/gcc/arm-none-eabi/4.8.4/../../../../arm-none-eabi/lib/armv7e-m/fpu\libg_f.a(lib_a-findfp.o) (_fwalk)
c:/program files (x86)/embitz/0.42/share/em_armgcc/bin/../lib/gcc/arm-none-eabi/4.8.4/../../../../arm-none-eabi/lib/armv7e-m/fpu\libg_f.a(lib_a-impure.o)
                              c:/program files (x86)/embitz/0.42/share/em_armgcc/bin/../lib/gcc/arm-none-eabi/4.8.4/../../../../arm-none-eabi/lib/armv7e-m/fpu\libg_f.a(lib_a-exit.o) (_global_impure_ptr)
c:/program files (x86)/embitz/0.42/share/em_armgcc/bin/../lib/gcc/arm-none-eabi/4.8.4/../../../../arm-none-eabi/lib/armv7e-m/fpu\libg_f.a(lib_a-init.o)
                              c:/program files (x86)/embitz/0.42/share/em_armgcc/bin/../lib/gcc/arm-none-eabi/4.8.4/../../../../arm-none-eabi/lib/armv7e-m/fpu/rdimon-crt0.o (__libc_init_array)
c:/program files (x86)/embitz/0.42/share/em_armgcc/bin/../lib/gcc/arm-none-eabi/4.8.4/../../../../arm-none-eabi/lib/armv7e-m/fpu\libg_f.a(lib_a-malloc.o)
                              obj\release\src\drivers\sdcard\syscall.o (malloc)
c:/program files (x86)/embitz/0.42/share/em_armgcc/bin/../lib/gcc/arm-none-eabi/4.8.4/../../../../arm-none-eabi/lib/armv7e-m/fpu\libg_f.a(lib_a-mallocr.o)
                              c:/program files (x86)/embitz/0.42/share/em_armgcc/bin/../lib/gcc/arm-none-eabi/4.8.4/../../../../arm-none-eabi/lib/armv7e-m/fpu\libg_f.a(lib_a-findfp.o) (_malloc_r)
c:/program files (x86)/embitz/0.42/share/em_armgcc/bin/../lib/gcc/arm-none-eabi/4.8.4/../../../../arm-none-eabi/lib/armv7e-m/fpu\libg_f.a(lib_a-memcpy.o)
                              obj\release\src\comm\bluetooth.o (memcpy)
c:/program files (x86)/embitz/0.42/share/em_armgcc/bin/../lib/gcc/arm-none-eabi/4.8.4/../../../../arm-none-eabi/lib/armv7e-m/fpu\libg_f.a(lib_a-memset.o)
                              c:/program files (x86)/embitz/0.42/share/em_armgcc/bin/../lib/gcc/arm-none-eabi/4.8.4/../../../../arm-none-eabi/lib/armv7e-m/fpu/rdimon-crt0.o (memset)
c:/program files (x86)/embitz/0.42/share/em_armgcc/bin/../lib/gcc/arm-none-eabi/4.8.4/../../../../arm-none-eabi/lib/armv7e-m/fpu\libg_f.a(lib_a-mlock.o)
                              c:/program files (x86)/embitz/0.42/share/em_armgcc/bin/../lib/gcc/arm-none-eabi/4.8.4/../../../../arm-none-eabi/lib/armv7e-m/fpu\libg_f.a(lib_a-mallocr.o) (__malloc_lock)
[...]
Memory Configuration

Name             Origin             Length             Attributes
ROM              0x08000000         0x00100000         xr
RAM              0x20000000         0x00020000         xrw
CCRAM            0x10000000         0x00010000         xrw
*default*        0x00000000         0xffffffff

Linker script and memory map

LOAD c:/program files (x86)/embitz/0.42/share/em_armgcc/bin/../lib/gcc/arm-none-eabi/4.8.4/armv7e-m/fpu/crti.o
LOAD c:/program files (x86)/embitz/0.42/share/em_armgcc/bin/../lib/gcc/arm-none-eabi/4.8.4/armv7e-m/fpu/crtbegin.o
LOAD c:/program files (x86)/embitz/0.42/share/em_armgcc/bin/../lib/gcc/arm-none-eabi/4.8.4/../../../../arm-none-eabi/lib/armv7e-m/fpu/rdimon-crt0.o
                0x00000000                __HEAP_SIZE = 0x0
                0x00000100                __STACK_SIZE = 0x100

.text           0x08000000     0xaa30
 *(.isr_vector)
 .isr_vector    0x08000000      0x188 obj\release\src\system\startup_stm32f4xx.o
                0x08000000                __isr_vector
 *(.text*)
 .text          0x08000188       0x54 c:/program files (x86)/embitz/0.42/share/em_armgcc/bin/../lib/gcc/arm-none-eabi/4.8.4/armv7e-m/fpu/crtbegin.o
 .text          0x080001dc       0xdc c:/program files (x86)/embitz/0.42/share/em_armgcc/bin/../lib/gcc/arm-none-eabi/4.8.4/../../../../arm-none-eabi/lib/armv7e-m/fpu/rdimon-crt0.o
                0x080001dc                _start
                0x080001dc                _mainCRTStartup
 .text.NVIC_Init
                0x080002b8       0x78 obj\release\spl\src\misc.o
                0x080002b8                NVIC_Init
 .text.DMA_Init
                0x08000330       0x68 obj\release\spl\src\stm32f4xx_dma.o
                0x08000330                DMA_Init
 .text.EXTI_Init
                0x08000398       0x94 obj\release\spl\src\stm32f4xx_exti.o
                0x08000398                EXTI_Init
 .text.EXTI_GetITStatus
                0x0800042c       0x1c obj\release\spl\src\stm32f4xx_exti.o
                0x0800042c                EXTI_GetITStatus
 .text.EXTI_ClearITPendingBit
                0x08000448        0xc obj\release\spl\src\stm32f4xx_exti.o
                0x08000448                EXTI_ClearITPendingBit
 .text.GPIO_Init
                0x08000454       0xb8 obj\release\spl\src\stm32f4xx_gpio.o
                0x08000454                GPIO_Init
 .text.GPIO_SetBits
                0x0800050c        0x4 obj\release\spl\src\stm32f4xx_gpio.o
                0x0800050c                GPIO_SetBits
 .text.GPIO_ResetBits
                0x08000510        0x4 obj\release\spl\src\stm32f4xx_gpio.o
                0x08000510                GPIO_ResetBits
 .text.PWR_BackupAccessCmd
                0x08000514        0xc obj\release\spl\src\stm32f4xx_pwr.o
                0x08000514                PWR_BackupAccessCmd
 .text.RCC_LSEConfig
                0x08000520       0x20 obj\release\spl\src\stm32f4xx_rcc.o
                0x08000520                RCC_LSEConfig
 .text.RCC_LSICmd
                0x08000540        0xc obj\release\spl\src\stm32f4xx_rcc.o
                0x08000540                RCC_LSICmd
 .text.RCC_GetClocksFreq
                0x0800054c       0x90 obj\release\spl\src\stm32f4xx_rcc.o
                0x0800054c                RCC_GetClocksFreq
 .text.RCC_RTCCLKConfig
                0x080005dc       0x30 obj\release\spl\src\stm32f4xx_rcc.o
                0x080005dc                RCC_RTCCLKConfig
 .text.RCC_RTCCLKCmd
                0x0800060c        0xc obj\release\spl\src\stm32f4xx_rcc.o
                0x0800060c                RCC_RTCCLKCmd
 .text.RCC_AHB1PeriphClockCmd
                0x08000618       0x18 obj\release\spl\src\stm32f4xx_rcc.o
                0x08000618                RCC_AHB1PeriphClockCmd
 .text.RCC_APB1PeriphClockCmd
                0x08000630       0x18 obj\release\spl\src\stm32f4xx_rcc.o
                0x08000630                RCC_APB1PeriphClockCmd
 .text.RCC_APB2PeriphClockCmd
                0x08000648       0x18 obj\release\spl\src\stm32f4xx_rcc.o
                0x08000648                RCC_APB2PeriphClockCmd
 .text.RCC_APB1PeriphResetCmd
                0x08000660       0x18 obj\release\spl\src\stm32f4xx_rcc.o
                0x08000660                RCC_APB1PeriphResetCmd
 .text.RCC_APB2PeriphResetCmd
                0x08000678       0x18 obj\release\spl\src\stm32f4xx_rcc.o
                0x08000678                RCC_APB2PeriphResetCmd
 .text.RCC_GetFlagStatus
                0x08000690       0x34 obj\release\spl\src\stm32f4xx_rcc.o
                0x08000690                RCC_GetFlagStatus
 .text.RTC_WriteProtectionCmd
                0x080006c4       0x18 obj\release\spl\src\stm32f4xx_rtc.o
                0x080006c4                RTC_WriteProtectionCmd
 .text.RTC_EnterInitMode
                0x080006dc       0x44 obj\release\spl\src\stm32f4xx_rtc.o
                0x080006dc                RTC_EnterInitMode
 .text.RTC_Init
                0x08000720       0x48 obj\release\spl\src\stm32f4xx_rtc.o
                0x08000720                RTC_Init
 .text.RTC_WaitForSynchro
                0x08000768       0x44 obj\release\spl\src\stm32f4xx_rtc.o
                0x08000768                RTC_WaitForSynchro
 .text.RTC_SetTime
                0x080007ac       0xd8 obj\release\spl\src\stm32f4xx_rtc.o
                0x080007ac                RTC_SetTime
 .text.RTC_GetTime
                0x08000884       0x5c obj\release\spl\src\stm32f4xx_rtc.o
                0x08000884                RTC_GetTime
 .text.RTC_SetDate
                0x080008e0       0xcc obj\release\spl\src\stm32f4xx_rtc.o
                0x080008e0                RTC_SetDate
 .text.RTC_GetDate
                0x080009ac       0x58 obj\release\spl\src\stm32f4xx_rtc.o
                0x080009ac                RTC_GetDate
 .text.RTC_WakeUpClockConfig
                0x08000a04       0x24 obj\release\spl\src\stm32f4xx_rtc.o
                0x08000a04                RTC_WakeUpClockConfig
 .text.RTC_SetWakeUpCounter
                0x08000a28       0x1c obj\release\spl\src\stm32f4xx_rtc.o
                0x08000a28                RTC_SetWakeUpCounter
 .text.RTC_WakeUpCmd
                0x08000a44       0x58 obj\release\spl\src\stm32f4xx_rtc.o
                0x08000a44                RTC_WakeUpCmd
 .text.RTC_WriteBackupRegister
                0x08000a9c       0x20 obj\release\spl\src\stm32f4xx_rtc.o
                0x08000a9c                RTC_WriteBackupRegister
 .text.RTC_ReadBackupRegister
                0x08000abc       0x20 obj\release\spl\src\stm32f4xx_rtc.o
                0x08000abc                RTC_ReadBackupRegister
 .text.RTC_ITConfig
                0x08000adc       0x4c obj\release\spl\src\stm32f4xx_rtc.o
                0x08000adc                RTC_ITConfig
 .text.RTC_GetITStatus
                0x08000b28       0x38 obj\release\spl\src\stm32f4xx_rtc.o
                0x08000b28                RTC_GetITStatus
 .text.RTC_ClearITPendingBit
                0x08000b60       0x1c obj\release\spl\src\stm32f4xx_rtc.o
                0x08000b60                RTC_ClearITPendingBit
 .text.SPI_Init
                0x08000b7c       0x50 obj\release\spl\src\stm32f4xx_spi.o
                0x08000b7c                SPI_Init
 .text.SPI_StructInit
                0x08000bcc       0x18 obj\release\spl\src\stm32f4xx_spi.o
                0x08000bcc                SPI_StructInit
 .text.SYSCFG_EXTILineConfig
                0x08000be4       0x30 obj\release\spl\src\stm32f4xx_syscfg.o
                0x08000be4                SYSCFG_EXTILineConfig
 .text.TIM_TimeBaseInit
                0x08000c14       0xa4 obj\release\spl\src\stm32f4xx_tim.o
                0x08000c14                TIM_TimeBaseInit
 .text.TIM_SetCounter
                0x08000cb8        0x4 obj\release\spl\src\stm32f4xx_tim.o
                0x08000cb8                TIM_SetCounter
 .text.TIM_SetClockDivision
                0x08000cbc       0x18 obj\release\spl\src\stm32f4xx_tim.o
                0x08000cbc                TIM_SetClockDivision
 .text.TIM_Cmd  0x08000cd4       0x1c obj\release\spl\src\stm32f4xx_tim.o
                0x08000cd4                TIM_Cmd
 .text.TIM_ITConfig
                0x08000cf0       0x14 obj\release\spl\src\stm32f4xx_tim.o
                0x08000cf0                TIM_ITConfig
 .text.TIM_GetITStatus
                0x08000d04       0x18 obj\release\spl\src\stm32f4xx_tim.o
                0x08000d04                TIM_GetITStatus
 .text.TIM_ClearITPendingBit
                0x08000d1c        0x8 obj\release\spl\src\stm32f4xx_tim.o
                0x08000d1c                TIM_ClearITPendingBit
 .text.USART_DeInit
                0x08000d24       0xc8 obj\release\spl\src\stm32f4xx_usart.o
                0x08000d24                USART_DeInit
 .text.USART_Init
                0x08000dec       0xc4 obj\release\spl\src\stm32f4xx_usart.o
                0x08000dec                USART_Init
 .text          0x08000eb0      0x168 obj\release\src\comm\bluetooth.o
                0x08000ec8                usart_packet_cback(BluetoothData*)
                0x08000ef8                TM_USART3_ReceiveHandler
                0x08000fa4                BluetoothManager::init()
                0x08000fd0                BluetoothManager::rx_timeout()
                0x08000ff0                BluetoothManager::sendPacket(BluetoothData*)
 .text._ZN16BluetoothManager3getEv
                0x08001018       0x40 obj\release\src\comm\bluetooth.o
                0x08001018                BluetoothManager::get()
 .text._ZN16BluetoothManager7getDataEv
                0x08001058       0x18 obj\release\src\comm\bluetooth.o
                0x08001058                BluetoothManager::getData()
 .text._ZN16BluetoothManager10flush_dataEv
                0x08001070       0x24 obj\release\src\comm\bluetooth.o
                0x08001070                BluetoothManager::flush_data()
 .text._ZN16BluetoothManagerC2Ev
                0x08001094       0x24 obj\release\src\comm\bluetooth.o
                0x08001094                BluetoothManager::BluetoothManager()
                0x08001094                BluetoothManager::BluetoothManager()
 .text.TM_USART_Send
                0x080010b8       0x3c obj\release\src\comm\tm_stm32f4_usart.o
                0x080010b8                TM_USART_Send
 .text.TM_USART_InitCustomPinsCallback
                0x080010f4        0x4 obj\release\src\comm\tm_stm32f4_usart.o
                0x080010f4                TM_USART_InitCustomPinsCallback
 .text.TM_USART3_InitPins
                0x080010f8       0x88 obj\release\src\comm\tm_stm32f4_usart.o
                0x080010f8                TM_USART3_InitPins
 .text.TM_USART_INT_Init.constprop.0
                0x08001180       0x98 obj\release\src\comm\tm_stm32f4_usart.o
 .text.TM_USART_Init
                0x08001218       0x18 obj\release\src\comm\tm_stm32f4_usart.o
                0x08001218                TM_USART_Init
 .text.USART3_IRQHandler
                0x08001230       0x18 obj\release\src\comm\tm_stm32f4_usart.o
                0x08001230                USART3_IRQHandler
 .text.TM_RTC_SetDateTime
                0x08001248      0x204 obj\release\src\drivers\rtc\tm_stm32f4_rtc.o
                0x08001248                TM_RTC_SetDateTime
 .text.TM_RTC_SetDateTimeString
                0x0800144c      0x254 obj\release\src\drivers\rtc\tm_stm32f4_rtc.o
                0x0800144c                TM_RTC_SetDateTimeString
 .text.TM_RTC_Config
                0x080016a0       0x60 obj\release\src\drivers\rtc\tm_stm32f4_rtc.o
                0x080016a0                TM_RTC_Config
 .text.TM_RTC_Interrupts
                0x08001700      0x104 obj\release\src\drivers\rtc\tm_stm32f4_rtc.o
                0x08001700                TM_RTC_Interrupts
 .text.TM_RTC_GetUnixTimeStamp
                0x08001804      0x100 obj\release\src\drivers\rtc\tm_stm32f4_rtc.o
                0x08001804                TM_RTC_GetUnixTimeStamp
 .text.TM_RTC_GetDateTime
                0x08001904       0x7c obj\release\src\drivers\rtc\tm_stm32f4_rtc.o
                0x08001904                TM_RTC_GetDateTime
 .text.TM_RTC_Init
                0x08001980       0xac obj\release\src\drivers\rtc\tm_stm32f4_rtc.o
                0x08001980                TM_RTC_Init
 .text.TM_RTC_AlarmAHandler
                0x08001a2c        0x4 obj\release\src\drivers\rtc\tm_stm32f4_rtc.o
                0x08001a2c                TM_RTC_AlarmAHandler
 .text.TM_RTC_AlarmBHandler
                0x08001a30        0x4 obj\release\src\drivers\rtc\tm_stm32f4_rtc.o
                0x08001a30                TM_RTC_AlarmBHandler
 .text.RTC_WKUP_IRQHandler
                0x08001a34       0x28 obj\release\src\drivers\rtc\tm_stm32f4_rtc.o
                0x08001a34                RTC_WKUP_IRQHandler
 .text.RTC_Alarm_IRQHandler
                0x08001a5c       0x40 obj\release\src\drivers\rtc\tm_stm32f4_rtc.o
                0x08001a5c                RTC_Alarm_IRQHandler
 .text.TIM2_IRQHandler
                0x08001a9c       0x70 obj\release\src\drivers\sdcard\tm_stm32f4_delay.o
                0x08001a9c                TIM2_IRQHandler
 .text.TM_GPIO_INT_Init
                0x08001b0c       0xd8 obj\release\src\drivers\sdcard\tm_stm32f4_gpio.o
                0x08001b0c                TM_GPIO_INT_Init
 .text.TM_GPIO_Init
                0x08001be4       0x44 obj\release\src\drivers\sdcard\tm_stm32f4_gpio.o
                0x08001be4                TM_GPIO_Init
 .text.TM_GPIO_InitAlternate
                0x08001c28       0x7c obj\release\src\drivers\sdcard\tm_stm32f4_gpio.o
                0x08001c28                TM_GPIO_InitAlternate
 .text          0x08001ca4      0x2bc obj\release\src\drivers\tlc5941\leddriver.o
                0x08001cbc                LedDriver::LedDriver()
                0x08001cbc                LedDriver::LedDriver()
                0x08001ce4                LedDriver::sendGreyScaleData()
                0x08001d64                LedDriver::sendDotCorrectionData()
                0x08001de0                LedDriver::enable()
                0x08001e38                LedDriver::disable()
                0x08001e4c                TM_DMA_HalfTransferCompleteHandler
                0x08001e80                TM_DMA_TransferErrorHandler
                0x08001eb4                TM_DMA_TransferCompleteHandler
 .text._ZN7ColourTC2Ev
                0x08001f60       0x18 obj\release\src\drivers\tlc5941\leddriver.o
                0x08001f60                ColourT::ColourT()
                0x08001f60                ColourT::ColourT()
 .text._ZN12ClockManagerC2Ev
                0x08001f78       0x54 obj\release\src\drivers\tlc5941\leddriver.o
                0x08001f78                ClockManager::ClockManager()
                0x08001f78                ClockManager::ClockManager()
 .text._ZN13SegmentBufferC2Ev
                0x08001fcc       0x38 obj\release\src\drivers\tlc5941\leddriver.o
                0x08001fcc                SegmentBuffer::SegmentBuffer()
                0x08001fcc                SegmentBuffer::SegmentBuffer()
 .text._ZN13SegmentBuffer11sizeInBytesEv
                0x08002004       0x10 obj\release\src\drivers\tlc5941\leddriver.o
                0x08002004                SegmentBuffer::sizeInBytes()
 .text._ZN13SegmentBuffer10getPointerEv
                0x08002014       0x1c obj\release\src\drivers\tlc5941\leddriver.o
                0x08002014                SegmentBuffer::getPointer()
 .text._ZNSt5arrayI13SegmentBufferLj72EEC2Ev
                0x08002030       0x2c obj\release\src\drivers\tlc5941\leddriver.o
                0x08002030                std::array<SegmentBuffer, 72u>::array()
                0x08002030                std::array<SegmentBuffer, 72u>::array()
 .text._ZN11ImageBufferC2Ev
                0x0800205c       0x1c obj\release\src\drivers\tlc5941\leddriver.o
                0x0800205c                ImageBuffer::ImageBuffer()
                0x0800205c                ImageBuffer::ImageBuffer()
 .text._ZN11ImageBuffer10getSegmentEi
                0x08002078       0x20 obj\release\src\drivers\tlc5941\leddriver.o
                0x08002078                ImageBuffer::getSegment(int)
 .text._ZN17DotCorrectionDataC2Ev
                0x08002098       0x38 obj\release\src\drivers\tlc5941\leddriver.o
                0x08002098                DotCorrectionData::DotCorrectionData()
                0x08002098                DotCorrectionData::DotCorrectionData()
 .text._ZNKSt5arrayIhLj72EE4sizeEv
                0x080020d0       0x18 obj\release\src\drivers\tlc5941\leddriver.o
                0x080020d0                std::array<unsigned char, 72u>::size() const
 .text._ZNK17DotCorrectionData4sizeEv
                0x080020e8       0x1c obj\release\src\drivers\tlc5941\leddriver.o
                0x080020e8                DotCorrectionData::size() const
 .text._ZN17DotCorrectionData10getPointerEv
                0x08002104       0x1c obj\release\src\drivers\tlc5941\leddriver.o
                0x08002104                DotCorrectionData::getPointer()
 .text._ZN9LedDriver4modeEv
                0x08002120       0x18 obj\release\src\drivers\tlc5941\leddriver.o
                0x08002120                LedDriver::mode()
 .text._ZN9LedDriver15goToNextSegmentEv
                0x08002138       0x1c obj\release\src\drivers\tlc5941\leddriver.o
                0x08002138                LedDriver::goToNextSegment()
 .text._ZN14MessageManagerC2Ev
                0x08002154       0x24 obj\release\src\drivers\tlc5941\leddriver.o
                0x08002154                MessageManager::MessageManager()
                0x08002154                MessageManager::MessageManager()
 .text._ZN12PropellerManC2Ev
                0x08002178       0x54 obj\release\src\drivers\tlc5941\leddriver.o
                0x08002178                PropellerMan::PropellerMan()
                0x08002178                PropellerMan::PropellerMan()
 .text._ZN12PropellerMan3getEv
                0x080021cc       0x40 obj\release\src\drivers\tlc5941\leddriver.o
                0x080021cc                PropellerMan::get()
 .text._ZN12PropellerMan12getLedDriverEv
                0x0800220c       0x18 obj\release\src\drivers\tlc5941\leddriver.o
                0x0800220c                PropellerMan::getLedDriver()
 .text._Z14GPIO_PulsePinsP12GPIO_TypeDefti
                0x08002224       0x28 obj\release\src\drivers\tlc5941\leddriver.o
                0x08002224                GPIO_PulsePins(GPIO_TypeDef*, unsigned short, int)
 .text._ZNSt5arrayIhLj144EE5beginEv
                0x0800224c       0x18 obj\release\src\drivers\tlc5941\leddriver.o
                0x0800224c                std::array<unsigned char, 144u>::begin()
 .text._ZNSt5arrayIhLj144EE3endEv
                0x08002264       0x1c obj\release\src\drivers\tlc5941\leddriver.o
                0x08002264                std::array<unsigned char, 144u>::end()
 .text._ZSt4fillIPhiEvT_S1_RKT0_
                0x08002280       0x2c obj\release\src\drivers\tlc5941\leddriver.o
                0x08002280                void std::fill<unsigned char*, int>(unsigned char*, unsigned char*, int const&)
 .text._ZNSt14__array_traitsIhLj144EE6_S_refERA144_Khj
                0x080022ac       0x1c obj\release\src\drivers\tlc5941\leddriver.o
                0x080022ac                std::__array_traits<unsigned char, 144u>::_S_ref(unsigned char const (&) [144], unsigned int)
 .text._ZNSt5arrayIhLj144EE4dataEv
                0x080022c8       0x24 obj\release\src\drivers\tlc5941\leddriver.o
                0x080022c8                std::array<unsigned char, 144u>::data()
 .text._ZNSt14__array_traitsI13SegmentBufferLj72EE6_S_refERA72_KS0_j
                0x080022ec       0x24 obj\release\src\drivers\tlc5941\leddriver.o
                0x080022ec                std::__array_traits<SegmentBuffer, 72u>::_S_ref(SegmentBuffer const (&) [72], unsigned int)
 .text._ZNSt5arrayI13SegmentBufferLj72EEixEj
                0x08002310       0x20 obj\release\src\drivers\tlc5941\leddriver.o
                0x08002310                std::array<SegmentBuffer, 72u>::operator[](unsigned int)
 .text._ZNSt5arrayIhLj72EE5beginEv
                0x08002330       0x18 obj\release\src\drivers\tlc5941\leddriver.o
                0x08002330                std::array<unsigned char, 72u>::begin()
 .text._ZNSt5arrayIhLj72EE3endEv
                0x08002348       0x1c obj\release\src\drivers\tlc5941\leddriver.o
                0x08002348                std::array<unsigned char, 72u>::end()
 .text._ZNSt14__array_traitsIhLj72EE6_S_refERA72_Khj
                0x08002364       0x1c obj\release\src\drivers\tlc5941\leddriver.o
                0x08002364                std::__array_traits<unsigned char, 72u>::_S_ref(unsigned char const (&) [72], unsigned int)
 .text._ZNSt5arrayIhLj72EE4dataEv
                0x08002380       0x24 obj\release\src\drivers\tlc5941\leddriver.o
                0x08002380                std::array<unsigned char, 72u>::data()
 .text._ZSt12__niter_baseIPhENSt11_Niter_baseIT_E13iterator_typeES2_
                0x080023a4       0x18 obj\release\src\drivers\tlc5941\leddriver.o
                0x080023a4                std::_Niter_base<unsigned char*>::iterator_type std::__niter_base<unsigned char*>(unsigned char*)
 .text._ZSt8__fill_aIPhiEN9__gnu_cxx11__enable_ifIXsrSt11__is_scalarIT0_E7__valueEvE6__typeET_S8_RKS4_
                0x080023bc       0x34 obj\release\src\drivers\tlc5941\leddriver.o
                0x080023bc                __gnu_cxx::__enable_if<std::__is_scalar<int>::__value, void>::__type std::__fill_a<unsigned char*, int>(unsigned char*, unsigned char*, int const&)
 .text._ZSt11__addressofIhEPT_RS0_
                0x080023f0       0x18 obj\release\src\drivers\tlc5941\leddriver.o
                0x080023f0                unsigned char* std::__addressof<unsigned char>(unsigned char&)
 .text._ZNSt10_Iter_baseIPhLb0EE7_S_baseES0_
                0x08002408       0x18 obj\release\src\drivers\tlc5941\leddriver.o
                0x08002408                std::_Iter_base<unsigned char*, false>::_S_base(unsigned char*)
 .text.TM_DMA_ClearFlag
                0x08002420       0x60 obj\release\src\drivers\tlc5941\tm_stm32f4_dma.o
                0x08002420                TM_DMA_ClearFlag
 .text.TM_DMA_EnableInterrupts
                0x08002480       0xc4 obj\release\src\drivers\tlc5941\tm_stm32f4_dma.o
                0x08002480                TM_DMA_EnableInterrupts
 .text.TM_DMA_DirectModeErrorHandler
                0x08002544        0x4 obj\release\src\drivers\tlc5941\tm_stm32f4_dma.o
                0x08002544                TM_DMA_DirectModeErrorHandler
 .text.TM_DMA_FIFOErrorHandler
                0x08002548        0x4 obj\release\src\drivers\tlc5941\tm_stm32f4_dma.o
                0x08002548                TM_DMA_FIFOErrorHandler
 .text.TM_DMA_INT_ProcessInterrupt
                0x0800254c       0xf0 obj\release\src\drivers\tlc5941\tm_stm32f4_dma.o
 .text.DMA1_Stream0_IRQHandler
                0x0800263c        0xc obj\release\src\drivers\tlc5941\tm_stm32f4_dma.o
                0x0800263c                DMA1_Stream0_IRQHandler
 .text.DMA1_Stream1_IRQHandler
                0x08002648        0xc obj\release\src\drivers\tlc5941\tm_stm32f4_dma.o
                0x08002648                DMA1_Stream1_IRQHandler
 .text.DMA1_Stream2_IRQHandler
                0x08002654        0xc obj\release\src\drivers\tlc5941\tm_stm32f4_dma.o
                0x08002654                DMA1_Stream2_IRQHandler
 .text.DMA1_Stream3_IRQHandler
                0x08002660        0xc obj\release\src\drivers\tlc5941\tm_stm32f4_dma.o
                0x08002660                DMA1_Stream3_IRQHandler
 .text.DMA1_Stream4_IRQHandler
                0x0800266c        0xc obj\release\src\drivers\tlc5941\tm_stm32f4_dma.o
                0x0800266c                DMA1_Stream4_IRQHandler
 .text.DMA1_Stream5_IRQHandler
                0x08002678        0xc obj\release\src\drivers\tlc5941\tm_stm32f4_dma.o
                0x08002678                DMA1_Stream5_IRQHandler
 .text.DMA1_Stream6_IRQHandler
                0x08002684        0xc obj\release\src\drivers\tlc5941\tm_stm32f4_dma.o
                0x08002684                DMA1_Stream6_IRQHandler
 .text.DMA1_Stream7_IRQHandler
                0x08002690        0xc obj\release\src\drivers\tlc5941\tm_stm32f4_dma.o
                0x08002690                DMA1_Stream7_IRQHandler
 .text.DMA2_Stream0_IRQHandler
                0x0800269c        0xc obj\release\src\drivers\tlc5941\tm_stm32f4_dma.o
                0x0800269c                DMA2_Stream0_IRQHandler
 .text.DMA2_Stream1_IRQHandler
                0x080026a8        0xc obj\release\src\drivers\tlc5941\tm_stm32f4_dma.o
                0x080026a8                DMA2_Stream1_IRQHandler
 .text.DMA2_Stream2_IRQHandler
                0x080026b4        0xc obj\release\src\drivers\tlc5941\tm_stm32f4_dma.o
                0x080026b4                DMA2_Stream2_IRQHandler
 .text.DMA2_Stream3_IRQHandler
                0x080026c0        0xc obj\release\src\drivers\tlc5941\tm_stm32f4_dma.o
                0x080026c0                DMA2_Stream3_IRQHandler
 .text.DMA2_Stream4_IRQHandler
                0x080026cc        0xc obj\release\src\drivers\tlc5941\tm_stm32f4_dma.o
                0x080026cc                DMA2_Stream4_IRQHandler
 .text.DMA2_Stream5_IRQHandler
                0x080026d8        0xc obj\release\src\drivers\tlc5941\tm_stm32f4_dma.o
                0x080026d8                DMA2_Stream5_IRQHandler
 .text.DMA2_Stream6_IRQHandler
                0x080026e4        0xc obj\release\src\drivers\tlc5941\tm_stm32f4_dma.o
                0x080026e4                DMA2_Stream6_IRQHandler
 .text.DMA2_Stream7_IRQHandler
                0x080026f0        0xc obj\release\src\drivers\tlc5941\tm_stm32f4_dma.o
                0x080026f0                DMA2_Stream7_IRQHandler
 .text.TM_SPI1_INT_InitPins
                0x080026fc       0x60 obj\release\src\drivers\tlc5941\tm_stm32f4_spi.o
                0x080026fc                TM_SPI1_INT_InitPins
 .text.TM_SPI2_INT_InitPins
                0x0800275c       0x8c obj\release\src\drivers\tlc5941\tm_stm32f4_spi.o
                0x0800275c                TM_SPI2_INT_InitPins
 .text.TM_SPI3_INT_InitPins
                0x080027e8       0x64 obj\release\src\drivers\tlc5941\tm_stm32f4_spi.o
                0x080027e8                TM_SPI3_INT_InitPins
 .text.TM_SPIx_Init
                0x0800284c      0x100 obj\release\src\drivers\tlc5941\tm_stm32f4_spi.o
 .text.TM_SPI_InitFull
                0x0800294c       0x40 obj\release\src\drivers\tlc5941\tm_stm32f4_spi.o
                0x0800294c                TM_SPI_InitFull
 .text.TM_SPI_DMA_Init
                0x0800298c       0x7c obj\release\src\drivers\tlc5941\tm_stm32f4_spi_dma.o
                0x0800298c                TM_SPI_DMA_Init
 .text.TM_SPI_DMA_Transmit
                0x08002a08      0x128 obj\release\src\drivers\tlc5941\tm_stm32f4_spi_dma.o
                0x08002a08                TM_SPI_DMA_Transmit
 .text.TM_SPI_DMA_Working
                0x08002b30       0x48 obj\release\src\drivers\tlc5941\tm_stm32f4_spi_dma.o
                0x08002b30                TM_SPI_DMA_Working
 .text.TM_SPI_DMA_GetStreamTX
                0x08002b78       0x34 obj\release\src\drivers\tlc5941\tm_stm32f4_spi_dma.o
                0x08002b78                TM_SPI_DMA_GetStreamTX
 .text.TM_SPI_DMA_EnableInterrupts
                0x08002bac       0x40 obj\release\src\drivers\tlc5941\tm_stm32f4_spi_dma.o
                0x08002bac                TM_SPI_DMA_EnableInterrupts
 .text          0x08002bec      0x1c0 obj\release\src\main.o
                0x08002c04                __cxa_guard_acquire
                0x08002c28                __cxa_guard_release
                0x08002c44                main
 .text._ZN7ColourTC2Ettt
                0x08002dac       0x5c obj\release\src\main.o
                0x08002dac                ColourT::ColourT(unsigned short, unsigned short, unsigned short)
                0x08002dac                ColourT::ColourT(unsigned short, unsigned short, unsigned short)
 .text._ZN7ColourT3redEv
                0x08002e08       0x20 obj\release\src\main.o
                0x08002e08                ColourT::red()
 .text._ZN7ColourT4blueEv
                0x08002e28       0x34 obj\release\src\main.o
                0x08002e28                ColourT::blue()
 .text._ZN7ColourT5greenEv
                0x08002e5c       0x34 obj\release\src\main.o
                0x08002e5c                ColourT::green()
 .text._ZN13SegmentBuffer9setColourEij
                0x08002e90      0x118 obj\release\src\main.o
                0x08002e90                SegmentBuffer::setColour(int, unsigned int)
 .text._ZN13SegmentBuffer8setPixelEi7ColourT
                0x08002fa8       0x6c obj\release\src\main.o
                0x08002fa8                SegmentBuffer::setPixel(int, ColourT)
 .text._ZN13SegmentBuffer4sizeEv
                0x08003014       0x10 obj\release\src\main.o
                0x08003014                SegmentBuffer::size()
 .text._ZN11ImageBufferixEi
                0x08003024       0x20 obj\release\src\main.o
                0x08003024                ImageBuffer::operator[](int)
 .text._ZN11ImageBuffer4sizeEv
                0x08003044       0x10 obj\release\src\main.o
                0x08003044                ImageBuffer::size()
 .text._ZN9LedDriver16setDotCorrectionER17DotCorrectionData
                0x08003054       0x24 obj\release\src\main.o
                0x08003054                LedDriver::setDotCorrection(DotCorrectionData&)
 .text._ZN9LedDriver8setImageER11ImageBuffer
                0x08003078       0x1c obj\release\src\main.o
                0x08003078                LedDriver::setImage(ImageBuffer&)
 .text._ZN12PropellerMan8setImageER11ImageBuffer
                0x08003094       0x9c obj\release\src\main.o
                0x08003094                PropellerMan::setImage(ImageBuffer&)
 .text._ZN12PropellerMan7setModeE8DrawMode
                0x08003130       0x30 obj\release\src\main.o
                0x08003130                PropellerMan::setMode(DrawMode)
 .text._ZN12PropellerMan4modeEv
                0x08003160       0x18 obj\release\src\main.o
                0x08003160                PropellerMan::mode()
 .text._ZNSt5arrayIhLj144EEixEj
                0x08003178       0x20 obj\release\src\main.o
                0x08003178                std::array<unsigned char, 144u>::operator[](unsigned int)
 .text          0x08003198      0x558 obj\release\src\propeller\clockmanager.o
                0x080031b0                ClockManager::init()
                0x08003274                ClockManager::adjustClockHandles()
                0x080033d0                ClockManager::drawClockFace()
                0x08003424                ClockManager::disableClockFace()
                0x0800343c                ClockManager::moveHourHandle()
                0x0800352c                ClockManager::moveMinuteHandle()
                0x080035f0                ClockManager::moveSecondHandle()
                0x080036b0                TM_RTC_RequestHandler
 .text._ZN9LedDriver15getCurrentImageEv
                0x080036f0       0x18 obj\release\src\propeller\clockmanager.o
                0x080036f0                LedDriver::getCurrentImage()
 .text._ZN12PropellerMan11swapBuffersEv
                0x08003708       0x58 obj\release\src\propeller\clockmanager.o
                0x08003708                PropellerMan::swapBuffers()
 .text._ZN12PropellerMan14getUpdateImageEv
                0x08003760       0x38 obj\release\src\propeller\clockmanager.o
                0x08003760                PropellerMan::getUpdateImage()
 .text          0x08003798      0x27c obj\release\src\propeller\frametimemanager.o
                0x0800388c                FrameTimeManager::init()
                0x080038ac                FrameTimeManager::enable()
                0x080038c8                FrameTimeManager::disable()
                0x080038ec                TIM5_IRQHandler
                0x08003950                EXTI15_10_IRQHandler
 .text._ZN16FrameTimeManager22decrementTimerDivisionEv
                0x08003a14       0x2c obj\release\src\propeller\frametimemanager.o
                0x08003a14                FrameTimeManager::decrementTimerDivision()
 .text._ZN16FrameTimeManager22incrementTimerDivisionEv
                0x08003a40       0x2c obj\release\src\propeller\frametimemanager.o
                0x08003a40                FrameTimeManager::incrementTimerDivision()
 .text._ZN16FrameTimeManager14resetDrawTimerEv
                0x08003a6c       0x1c obj\release\src\propeller\frametimemanager.o
                0x08003a6c                FrameTimeManager::resetDrawTimer()
 .text._ZN12ClockManager17shouldSwapBuffersEv
                0x08003a88       0x30 obj\release\src\propeller\frametimemanager.o
                0x08003a88                ClockManager::shouldSwapBuffers()
 .text._ZN12ClockManager19notifyBufferSwappedEv
                0x08003ab8       0x18 obj\release\src\propeller\frametimemanager.o
                0x08003ab8                ClockManager::notifyBufferSwapped()
 .text._ZN9LedDriver16resetDrawCounterEv
                0x08003ad0       0x20 obj\release\src\propeller\frametimemanager.o
                0x08003ad0                LedDriver::resetDrawCounter()
 .text._ZN9LedDriver14getDrawCounterEv
                0x08003af0       0x18 obj\release\src\propeller\frametimemanager.o
                0x08003af0                LedDriver::getDrawCounter()
 .text._ZN12PropellerMan19getFrameTimeManagerEv
                0x08003b08       0x18 obj\release\src\propeller\frametimemanager.o
                0x08003b08                PropellerMan::getFrameTimeManager()
 .text._ZN12PropellerMan15getClockManagerEv
                0x08003b20       0x18 obj\release\src\propeller\frametimemanager.o
                0x08003b20                PropellerMan::getClockManager()
 .text          0x08003b38      0x220 obj\release\src\propeller\messagemanager.o
                0x08003b50                MessageManager::init()
                0x08003b98                translateLetter(ImageBuffer&, char, int, int, ColourT)
                0x08003cf8                MessageManager::display(std::array<unsigned char, 23u>&, int)
 .text._ZNSt14__array_traitsIhLj23EE6_S_refERA23_Khj
                0x08003d58       0x1c obj\release\src\propeller\messagemanager.o
                0x08003d58                std::__array_traits<unsigned char, 23u>::_S_ref(unsigned char const (&) [23], unsigned int)
 .text._ZNKSt5arrayIhLj23EEixEj
                0x08003d74       0x20 obj\release\src\propeller\messagemanager.o
                0x08003d74                std::array<unsigned char, 23u>::operator[](unsigned int) const
 .text          0x08003d94      0x104 obj\release\src\propeller\propellermanager.o
                0x08003dac                PropellerMan::run()
 .text._ZN16BluetoothManager8receivedEP13BluetoothData
                0x08003e98       0x34 obj\release\src\propeller\propellermanager.o
                0x08003e98                BluetoothManager::received(BluetoothData*)
 .text._ZN9LedDriver7setModeE13LedDriverMode
                0x08003ecc       0x54 obj\release\src\propeller\propellermanager.o
                0x08003ecc                LedDriver::setMode(LedDriverMode)
 .text          0x08003f20      0x108 obj\release\src\system\startup_stm32f4xx.o
                0x08003f20                Reset_Handler
                0x08003f66                NMI_Handler
                0x08003f68                HardFault_Handler
                0x08003f6a                MemManage_Handler
                0x08003f6c                BusFault_Handler
                0x08003f6e                UsageFault_Handler
                0x08003f70                SVC_Handler
                0x08003f72                DebugMon_Handler
                0x08003f74                PendSV_Handler
                0x08003f76                SysTick_Handler
                0x08003f78                Default_Handler
                0x08003f7a                WWDG_IRQHandler
                0x08003f7c                PVD_IRQHandler
                0x08003f7e                TAMP_STAMP_IRQHandler
                0x08003f82                FLASH_IRQHandler
                0x08003f84                RCC_IRQHandler
                0x08003f86                EXTI0_IRQHandler
                0x08003f88                EXTI1_IRQHandler
                0x08003f8a                EXTI2_IRQHandler
                0x08003f8c                EXTI3_IRQHandler
                0x08003f8e                EXTI4_IRQHandler
                0x08003f9e                ADC_IRQHandler
                0x08003fa0                CAN1_TX_IRQHandler
                0x08003fa2                CAN1_RX0_IRQHandler
                0x08003fa4                CAN1_RX1_IRQHandler
                0x08003fa6                CAN1_SCE_IRQHandler
                0x08003fa8                EXTI9_5_IRQHandler
                0x08003faa                TIM1_BRK_TIM9_IRQHandler
                0x08003fac                TIM1_UP_TIM10_IRQHandler
                0x08003fae                TIM1_TRG_COM_TIM11_IRQHandler
                0x08003fb0                TIM1_CC_IRQHandler
                0x08003fb4                TIM3_IRQHandler
                0x08003fb6                TIM4_IRQHandler
                0x08003fb8                I2C1_EV_IRQHandler
                0x08003fba                I2C1_ER_IRQHandler
                0x08003fbc                I2C2_EV_IRQHandler
                0x08003fbe                I2C2_ER_IRQHandler
                0x08003fc0                SPI1_IRQHandler
                0x08003fc2                SPI2_IRQHandler
                0x08003fc4                USART1_IRQHandler
                0x08003fc6                USART2_IRQHandler
                0x08003fce                OTG_FS_WKUP_IRQHandler
                0x08003fd0                TIM8_BRK_TIM12_IRQHandler
                0x08003fd2                TIM8_UP_TIM13_IRQHandler
                0x08003fd4                TIM8_TRG_COM_TIM14_IRQHandler
                0x08003fd6                TIM8_CC_IRQHandler
                0x08003fda                FSMC_IRQHandler
                0x08003fdc                SDIO_IRQHandler
                0x08003fe0                SPI3_IRQHandler
                0x08003fe2                UART4_IRQHandler
                0x08003fe4                UART5_IRQHandler
                0x08003fe6                TIM6_DAC_IRQHandler
                0x08003fe8                TIM7_IRQHandler
                0x08003ff4                ETH_IRQHandler
                0x08003ff6                ETH_WKUP_IRQHandler
                0x08003ff8                CAN2_TX_IRQHandler
                0x08003ffa                CAN2_RX0_IRQHandler
                0x08003ffc                CAN2_RX1_IRQHandler
                0x08003ffe                CAN2_SCE_IRQHandler
                0x08004000                OTG_FS_IRQHandler
                0x08004008                USART6_IRQHandler
                0x0800400a                I2C3_EV_IRQHandler
                0x0800400c                I2C3_ER_IRQHandler
                0x0800400e                OTG_HS_EP1_OUT_IRQHandler
                0x08004010                OTG_HS_EP1_IN_IRQHandler
                0x08004012                OTG_HS_WKUP_IRQHandler
                0x08004014                OTG_HS_IRQHandler
                0x08004016                DCMI_IRQHandler
                0x08004018                CRYP_IRQHandler
                0x0800401a                HASH_RNG_IRQHandler
                0x0800401c                FPU_IRQHandler
 .text.SystemInit
                0x08004028      0x100 obj\release\src\system\system_stm32f4xx.o
                0x08004028                SystemInit
 .text.SystemCoreClockUpdate
                0x08004128       0x70 obj\release\src\system\system_stm32f4xx.o
                0x08004128                SystemCoreClockUpdate
 .text.initialise_monitor_handles
                0x08004198       0xa4 c:/program files (x86)/embitz/0.42/share/em_armgcc/bin/../lib/gcc/arm-none-eabi/4.8.4/../../../../arm-none-eabi/lib/armv7e-m/fpu\librdimon_f.a(rdimon-syscalls.o)
                0x08004198                initialise_monitor_handles
 .text._read    0x0800423c       0x84 c:/program files (x86)/embitz/0.42/share/em_armgcc/bin/../lib/gcc/arm-none-eabi/4.8.4/../../../../arm-none-eabi/lib/armv7e-m/fpu\librdimon_f.a(rdimon-syscalls.o)
                0x0800423c                _read
 .text._lseek   0x080042c0       0xe8 c:/program files (x86)/embitz/0.42/share/em_armgcc/bin/../lib/gcc/arm-none-eabi/4.8.4/../../../../arm-none-eabi/lib/armv7e-m/fpu\librdimon_f.a(rdimon-syscalls.o)
                0x080042c0                _lseek
 .text._write   0x080043a8       0xa8 c:/program files (x86)/embitz/0.42/share/em_armgcc/bin/../lib/gcc/arm-none-eabi/4.8.4/../../../../arm-none-eabi/lib/armv7e-m/fpu\librdimon_f.a(rdimon-syscalls.o)
                0x080043a8                _write
 .text._close   0x08004450       0xa4 c:/program files (x86)/embitz/0.42/share/em_armgcc/bin/../lib/gcc/arm-none-eabi/4.8.4/../../../../arm-none-eabi/lib/armv7e-m/fpu\librdimon_f.a(rdimon-syscalls.o)
                0x08004450                _close
 .text._sbrk    0x080044f4       0x34 c:/program files (x86)/embitz/0.42/share/em_armgcc/bin/../lib/gcc/arm-none-eabi/4.8.4/../../../../arm-none-eabi/lib/armv7e-m/fpu\librdimon_f.a(rdimon-syscalls.o)
                0x080044f4                _sbrk
 .text._fstat   0x08004528       0x84 c:/program files (x86)/embitz/0.42/share/em_armgcc/bin/../lib/gcc/arm-none-eabi/4.8.4/../../../../arm-none-eabi/lib/armv7e-m/fpu\librdimon_f.a(rdimon-syscalls.o)
                0x08004528                _fstat
 .text._isatty  0x080045ac       0x68 c:/program files (x86)/embitz/0.42/share/em_armgcc/bin/../lib/gcc/arm-none-eabi/4.8.4/../../../../arm-none-eabi/lib/armv7e-m/fpu\librdimon_f.a(rdimon-syscalls.o)
                0x080045ac                _isatty
 .text          0x08004614      0x370 c:/program files (x86)/embitz/0.42/share/em_armgcc/bin/../lib/gcc/arm-none-eabi/4.8.4/armv7e-m/fpu\libgcc.a(_arm_addsubdf3.o)
                0x08004614                __aeabi_drsub
                0x0800461c                __aeabi_dsub
                0x0800461c                __subdf3
                0x08004620                __aeabi_dadd
                0x08004620                __adddf3
                0x08004898                __floatunsidf
                0x08004898                __aeabi_ui2d
                0x080048b8                __floatsidf
                0x080048b8                __aeabi_i2d
                0x080048dc                __aeabi_f2d
                0x080048dc                __extendsfdf2
                0x08004918                __floatundidf
                0x08004918                __aeabi_ul2d
                0x08004928                __floatdidf
                0x08004928                __aeabi_l2d
 .text          0x08004984      0x424 c:/program files (x86)/embitz/0.42/share/em_armgcc/bin/../lib/gcc/arm-none-eabi/4.8.4/armv7e-m/fpu\libgcc.a(_arm_muldivdf3.o)
                0x08004984                __aeabi_dmul
                0x08004984                __muldf3
                0x08004bd8                __divdf3
                0x08004bd8                __aeabi_ddiv
 .text          0x08004da8      0x110 c:/program files (x86)/embitz/0.42/share/em_armgcc/bin/../lib/gcc/arm-none-eabi/4.8.4/armv7e-m/fpu\libgcc.a(_arm_cmpdf2.o)
                0x08004da8                __gtdf2
                0x08004da8                __gedf2
                0x08004db0                __ltdf2
                0x08004db0                __ledf2
                0x08004db8                __nedf2
                0x08004db8                __eqdf2
                0x08004db8                __cmpdf2
                0x08004e34                __aeabi_cdrcmple
                0x08004e44                __aeabi_cdcmpeq
                0x08004e44                __aeabi_cdcmple
                0x08004e54                __aeabi_dcmpeq
                0x08004e68                __aeabi_dcmplt
                0x08004e7c                __aeabi_dcmple
                0x08004e90                __aeabi_dcmpge
                0x08004ea4                __aeabi_dcmpgt
 .text.__errno  0x08004eb8        0xc c:/program files (x86)/embitz/0.42/share/em_armgcc/bin/../lib/gcc/arm-none-eabi/4.8.4/../../../../arm-none-eabi/lib/armv7e-m/fpu\libg_f.a(lib_a-errno.o)
                0x08004eb8                __errno
 .text.exit     0x08004ec4       0x20 c:/program files (x86)/embitz/0.42/share/em_armgcc/bin/../lib/gcc/arm-none-eabi/4.8.4/../../../../arm-none-eabi/lib/armv7e-m/fpu\libg_f.a(lib_a-exit.o)
                0x08004ec4                exit
 .text._cleanup_r
                0x08004ee4        0xc c:/program files (x86)/embitz/0.42/share/em_armgcc/bin/../lib/gcc/arm-none-eabi/4.8.4/../../../../arm-none-eabi/lib/armv7e-m/fpu\libg_f.a(lib_a-findfp.o)
                0x08004ee4                _cleanup_r
 .text.__sinit  0x08004ef0       0xf4 c:/program files (x86)/embitz/0.42/share/em_armgcc/bin/../lib/gcc/arm-none-eabi/4.8.4/../../../../arm-none-eabi/lib/armv7e-m/fpu\libg_f.a(lib_a-findfp.o)
                0x08004ef0                __sinit
 .text.__sfp_lock_acquire
                0x08004fe4        0x4 c:/program files (x86)/embitz/0.42/share/em_armgcc/bin/../lib/gcc/arm-none-eabi/4.8.4/../../../../arm-none-eabi/lib/armv7e-m/fpu\libg_f.a(lib_a-findfp.o)
                0x08004fe4                __sfp_lock_acquire
 .text.__sfp_lock_release
                0x08004fe8        0x4 c:/program files (x86)/embitz/0.42/share/em_armgcc/bin/../lib/gcc/arm-none-eabi/4.8.4/../../../../arm-none-eabi/lib/armv7e-m/fpu\libg_f.a(lib_a-findfp.o)
                0x08004fe8                __sfp_lock_release
 .text._fwalk   0x08004fec       0x4c c:/program files (x86)/embitz/0.42/share/em_armgcc/bin/../lib/gcc/arm-none-eabi/4.8.4/../../../../arm-none-eabi/lib/armv7e-m/fpu\libg_f.a(lib_a-fwalk.o)
                0x08004fec                _fwalk
 .text.__libc_init_array
                0x08005038       0x50 c:/program files (x86)/embitz/0.42/share/em_armgcc/bin/../lib/gcc/arm-none-eabi/4.8.4/../../../../arm-none-eabi/lib/armv7e-m/fpu\libg_f.a(lib_a-init.o)
                0x08005038                __libc_init_array
 .text.malloc   0x08005088       0x10 c:/program files (x86)/embitz/0.42/share/em_armgcc/bin/../lib/gcc/arm-none-eabi/4.8.4/../../../../arm-none-eabi/lib/armv7e-m/fpu\libg_f.a(lib_a-malloc.o)
                0x08005088                malloc
 .text.free     0x08005098       0x10 c:/program files (x86)/embitz/0.42/share/em_armgcc/bin/../lib/gcc/arm-none-eabi/4.8.4/../../../../arm-none-eabi/lib/armv7e-m/fpu\libg_f.a(lib_a-malloc.o)
                0x08005098                free
 .text._malloc_r
                0x080050a8      0x564 c:/program files (x86)/embitz/0.42/share/em_armgcc/bin/../lib/gcc/arm-none-eabi/4.8.4/../../../../arm-none-eabi/lib/armv7e-m/fpu\libg_f.a(lib_a-mallocr.o)
                0x080050a8                _malloc_r
 .text          0x0800560c      0x134 c:/program files (x86)/embitz/0.42/share/em_armgcc/bin/../lib/gcc/arm-none-eabi/4.8.4/../../../../arm-none-eabi/lib/armv7e-m/fpu\libg_f.a(lib_a-memcpy.o)
                0x0800560c                memcpy
 .text.memset   0x08005740       0x98 c:/program files (x86)/embitz/0.42/share/em_armgcc/bin/../lib/gcc/arm-none-eabi/4.8.4/../../../../arm-none-eabi/lib/armv7e-m/fpu\libg_f.a(lib_a-memset.o)
                0x08005740                memset
 .text.__malloc_lock
                0x080057d8        0x4 c:/program files (x86)/embitz/0.42/share/em_armgcc/bin/../lib/gcc/arm-none-eabi/4.8.4/../../../../arm-none-eabi/lib/armv7e-m/fpu\libg_f.a(lib_a-mlock.o)
                0x080057d8                __malloc_lock
 .text.__malloc_unlock
                0x080057dc        0x4 c:/program files (x86)/embitz/0.42/share/em_armgcc/bin/../lib/gcc/arm-none-eabi/4.8.4/../../../../arm-none-eabi/lib/armv7e-m/fpu\libg_f.a(lib_a-mlock.o)
                0x080057dc                __malloc_unlock
 .text.printf   0x080057e0       0x28 c:/program files (x86)/embitz/0.42/share/em_armgcc/bin/../lib/gcc/arm-none-eabi/4.8.4/../../../../arm-none-eabi/lib/armv7e-m/fpu\libg_f.a(lib_a-printf.o)
                0x080057e0                printf
 .text.puts     0x08005808       0x60 c:/program files (x86)/embitz/0.42/share/em_armgcc/bin/../lib/gcc/arm-none-eabi/4.8.4/../../../../arm-none-eabi/lib/armv7e-m/fpu\libg_f.a(lib_a-puts.o)
                0x08005808                puts
 .text._sbrk_r  0x08005868       0x24 c:/program files (x86)/embitz/0.42/share/em_armgcc/bin/../lib/gcc/arm-none-eabi/4.8.4/../../../../arm-none-eabi/lib/armv7e-m/fpu\libg_f.a(lib_a-sbrkr.o)
                0x08005868                _sbrk_r
 .text.__sread  0x0800588c       0x24 c:/program files (x86)/embitz/0.42/share/em_armgcc/bin/../lib/gcc/arm-none-eabi/4.8.4/../../../../arm-none-eabi/lib/armv7e-m/fpu\libg_f.a(lib_a-stdio.o)
                0x0800588c                __sread
 .text.__swrite
                0x080058b0       0x38 c:/program files (x86)/embitz/0.42/share/em_armgcc/bin/../lib/gcc/arm-none-eabi/4.8.4/../../../../arm-none-eabi/lib/armv7e-m/fpu\libg_f.a(lib_a-stdio.o)
                0x080058b0                __swrite
 .text.__sseek  0x080058e8       0x24 c:/program files (x86)/embitz/0.42/share/em_armgcc/bin/../lib/gcc/arm-none-eabi/4.8.4/../../../../arm-none-eabi/lib/armv7e-m/fpu\libg_f.a(lib_a-stdio.o)
                0x080058e8                __sseek
 .text.__sclose
                0x0800590c        0x8 c:/program files (x86)/embitz/0.42/share/em_armgcc/bin/../lib/gcc/arm-none-eabi/4.8.4/../../../../arm-none-eabi/lib/armv7e-m/fpu\libg_f.a(lib_a-stdio.o)
                0x0800590c                __sclose
 .text.strlen   0x08005914       0x60 c:/program files (x86)/embitz/0.42/share/em_armgcc/bin/../lib/gcc/arm-none-eabi/4.8.4/../../../../arm-none-eabi/lib/armv7e-m/fpu\libg_f.a(lib_a-strlen.o)
                0x08005914                strlen
 *fill*         0x08005974        0x4 
 .text._vfprintf_r
                0x08005978     0x1540 c:/program files (x86)/embitz/0.42/share/em_armgcc/bin/../lib/gcc/arm-none-eabi/4.8.4/../../../../arm-none-eabi/lib/armv7e-m/fpu\libg_f.a(lib_a-vfprintf.o)
                0x08005978                _vfprintf_r
 .text.__sbprintf
                0x08006eb8       0x78 c:/program files (x86)/embitz/0.42/share/em_armgcc/bin/../lib/gcc/arm-none-eabi/4.8.4/../../../../arm-none-eabi/lib/armv7e-m/fpu\libg_f.a(lib_a-vfprintf.o)
 .text._write_r
                0x08006f30       0x28 c:/program files (x86)/embitz/0.42/share/em_armgcc/bin/../lib/gcc/arm-none-eabi/4.8.4/../../../../arm-none-eabi/lib/armv7e-m/fpu\libg_f.a(lib_a-writer.o)
                0x08006f30                _write_r
 .text.__swsetup_r
                0x08006f58       0xc4 c:/program files (x86)/embitz/0.42/share/em_armgcc/bin/../lib/gcc/arm-none-eabi/4.8.4/../../../../arm-none-eabi/lib/armv7e-m/fpu\libg_f.a(lib_a-wsetup.o)
                0x08006f58                __swsetup_r
 .text.startup.register_fini
                0x0800701c       0x14 c:/program files (x86)/embitz/0.42/share/em_armgcc/bin/../lib/gcc/arm-none-eabi/4.8.4/../../../../arm-none-eabi/lib/armv7e-m/fpu\libg_f.a(lib_a-__call_atexit.o)
 .text.__call_exitprocs
                0x08007030      0x178 c:/program files (x86)/embitz/0.42/share/em_armgcc/bin/../lib/gcc/arm-none-eabi/4.8.4/../../../../arm-none-eabi/lib/armv7e-m/fpu\libg_f.a(lib_a-__call_atexit.o)
                0x08007030                __call_exitprocs
 .text.atexit   0x080071a8        0xc c:/program files (x86)/embitz/0.42/share/em_armgcc/bin/../lib/gcc/arm-none-eabi/4.8.4/../../../../arm-none-eabi/lib/armv7e-m/fpu\libg_f.a(lib_a-atexit.o)
                0x080071a8                atexit
 .text._close_r
                0x080071b4       0x24 c:/program files (x86)/embitz/0.42/share/em_armgcc/bin/../lib/gcc/arm-none-eabi/4.8.4/../../../../arm-none-eabi/lib/armv7e-m/fpu\libg_f.a(lib_a-closer.o)
                0x080071b4                _close_r
 .text.quorem   0x080071d8      0x130 c:/program files (x86)/embitz/0.42/share/em_armgcc/bin/../lib/gcc/arm-none-eabi/4.8.4/../../../../arm-none-eabi/lib/armv7e-m/fpu\libg_f.a(lib_a-dtoa.o)
 .text._dtoa_r  0x08007308      0xe28 c:/program files (x86)/embitz/0.42/share/em_armgcc/bin/../lib/gcc/arm-none-eabi/4.8.4/../../../../arm-none-eabi/lib/armv7e-m/fpu\libg_f.a(lib_a-dtoa.o)
                0x08007308                _dtoa_r
 .text.fclose   0x08008130       0x88 c:/program files (x86)/embitz/0.42/share/em_armgcc/bin/../lib/gcc/arm-none-eabi/4.8.4/../../../../arm-none-eabi/lib/armv7e-m/fpu\libg_f.a(lib_a-fclose.o)
                0x08008130                fclose
 .text._fflush_r
                0x080081b8      0x168 c:/program files (x86)/embitz/0.42/share/em_armgcc/bin/../lib/gcc/arm-none-eabi/4.8.4/../../../../arm-none-eabi/lib/armv7e-m/fpu\libg_f.a(lib_a-fflush.o)
                0x080081b8                _fflush_r
 .text.__libc_fini_array
                0x08008320       0x30 c:/program files (x86)/embitz/0.42/share/em_armgcc/bin/../lib/gcc/arm-none-eabi/4.8.4/../../../../arm-none-eabi/lib/armv7e-m/fpu\libg_f.a(lib_a-fini.o)
                0x08008320                __libc_fini_array
 .text._malloc_trim_r
                0x08008350       0x9c c:/program files (x86)/embitz/0.42/share/em_armgcc/bin/../lib/gcc/arm-none-eabi/4.8.4/../../../../arm-none-eabi/lib/armv7e-m/fpu\libg_f.a(lib_a-freer.o)
                0x08008350                _malloc_trim_r
 .text._free_r  0x080083ec      0x19c c:/program files (x86)/embitz/0.42/share/em_armgcc/bin/../lib/gcc/arm-none-eabi/4.8.4/../../../../arm-none-eabi/lib/armv7e-m/fpu\libg_f.a(lib_a-freer.o)
                0x080083ec                _free_r
 .text.__sfvwrite_r
                0x08008588      0x318 c:/program files (x86)/embitz/0.42/share/em_armgcc/bin/../lib/gcc/arm-none-eabi/4.8.4/../../../../arm-none-eabi/lib/armv7e-m/fpu\libg_f.a(lib_a-fvwrite.o)
                0x08008588                __sfvwrite_r
 .text.__locale_charset
                0x080088a0        0x8 c:/program files (x86)/embitz/0.42/share/em_armgcc/bin/../lib/gcc/arm-none-eabi/4.8.4/../../../../arm-none-eabi/lib/armv7e-m/fpu\libg_f.a(lib_a-locale.o)
                0x080088a0                __locale_charset
 .text.__locale_mb_cur_max
                0x080088a8        0xc c:/program files (x86)/embitz/0.42/share/em_armgcc/bin/../lib/gcc/arm-none-eabi/4.8.4/../../../../arm-none-eabi/lib/armv7e-m/fpu\libg_f.a(lib_a-locale.o)
                0x080088a8                __locale_mb_cur_max
 .text._localeconv_r
                0x080088b4        0x8 c:/program files (x86)/embitz/0.42/share/em_armgcc/bin/../lib/gcc/arm-none-eabi/4.8.4/../../../../arm-none-eabi/lib/armv7e-m/fpu\libg_f.a(lib_a-locale.o)
                0x080088b4                _localeconv_r
 .text._lseek_r
                0x080088bc       0x28 c:/program files (x86)/embitz/0.42/share/em_armgcc/bin/../lib/gcc/arm-none-eabi/4.8.4/../../../../arm-none-eabi/lib/armv7e-m/fpu\libg_f.a(lib_a-lseekr.o)
                0x080088bc                _lseek_r
 .text.__smakebuf_r
                0x080088e4       0xe0 c:/program files (x86)/embitz/0.42/share/em_armgcc/bin/../lib/gcc/arm-none-eabi/4.8.4/../../../../arm-none-eabi/lib/armv7e-m/fpu\libg_f.a(lib_a-makebuf.o)
                0x080088e4                __smakebuf_r
 .text.memchr   0x080089c4       0x90 c:/program files (x86)/embitz/0.42/share/em_armgcc/bin/../lib/gcc/arm-none-eabi/4.8.4/../../../../arm-none-eabi/lib/armv7e-m/fpu\libg_f.a(lib_a-memchr-stub.o)
                0x080089c4                memchr
 .text.memmove  0x08008a54      0x130 c:/program files (x86)/embitz/0.42/share/em_armgcc/bin/../lib/gcc/arm-none-eabi/4.8.4/../../../../arm-none-eabi/lib/armv7e-m/fpu\libg_f.a(lib_a-memmove.o)
                0x08008a54                memmove
 .text._Balloc  0x08008b84       0x4c c:/program files (x86)/embitz/0.42/share/em_armgcc/bin/../lib/gcc/arm-none-eabi/4.8.4/../../../../arm-none-eabi/lib/armv7e-m/fpu\libg_f.a(lib_a-mprec.o)
                0x08008b84                _Balloc
 .text._Bfree   0x08008bd0       0x14 c:/program files (x86)/embitz/0.42/share/em_armgcc/bin/../lib/gcc/arm-none-eabi/4.8.4/../../../../arm-none-eabi/lib/armv7e-m/fpu\libg_f.a(lib_a-mprec.o)
                0x08008bd0                _Bfree
 .text.__multadd
                0x08008be4       0xe4 c:/program files (x86)/embitz/0.42/share/em_armgcc/bin/../lib/gcc/arm-none-eabi/4.8.4/../../../../arm-none-eabi/lib/armv7e-m/fpu\libg_f.a(lib_a-mprec.o)
                0x08008be4                __multadd
 .text.__hi0bits
                0x08008cc8       0x44 c:/program files (x86)/embitz/0.42/share/em_armgcc/bin/../lib/gcc/arm-none-eabi/4.8.4/../../../../arm-none-eabi/lib/armv7e-m/fpu\libg_f.a(lib_a-mprec.o)
                0x08008cc8                __hi0bits
 .text.__i2b    0x08008d0c       0x4c c:/program files (x86)/embitz/0.42/share/em_armgcc/bin/../lib/gcc/arm-none-eabi/4.8.4/../../../../arm-none-eabi/lib/armv7e-m/fpu\libg_f.a(lib_a-mprec.o)
                0x08008d0c                __i2b
 .text.__multiply
                0x08008d58      0x188 c:/program files (x86)/embitz/0.42/share/em_armgcc/bin/../lib/gcc/arm-none-eabi/4.8.4/../../../../arm-none-eabi/lib/armv7e-m/fpu\libg_f.a(lib_a-mprec.o)
                0x08008d58                __multiply
 .text.__pow5mult
                0x08008ee0      0x198 c:/program files (x86)/embitz/0.42/share/em_armgcc/bin/../lib/gcc/arm-none-eabi/4.8.4/../../../../arm-none-eabi/lib/armv7e-m/fpu\libg_f.a(lib_a-mprec.o)
                0x08008ee0                __pow5mult
 .text.__lshift
                0x08009078      0x104 c:/program files (x86)/embitz/0.42/share/em_armgcc/bin/../lib/gcc/arm-none-eabi/4.8.4/../../../../arm-none-eabi/lib/armv7e-m/fpu\libg_f.a(lib_a-mprec.o)
                0x08009078                __lshift
 .text.__mcmp   0x0800917c       0x48 c:/program files (x86)/embitz/0.42/share/em_armgcc/bin/../lib/gcc/arm-none-eabi/4.8.4/../../../../arm-none-eabi/lib/armv7e-m/fpu\libg_f.a(lib_a-mprec.o)
                0x0800917c                __mcmp
 .text.__mdiff  0x080091c4      0x1a0 c:/program files (x86)/embitz/0.42/share/em_armgcc/bin/../lib/gcc/arm-none-eabi/4.8.4/../../../../arm-none-eabi/lib/armv7e-m/fpu\libg_f.a(lib_a-mprec.o)
                0x080091c4                __mdiff
 .text.__d2b    0x08009364      0x1c4 c:/program files (x86)/embitz/0.42/share/em_armgcc/bin/../lib/gcc/arm-none-eabi/4.8.4/../../../../arm-none-eabi/lib/armv7e-m/fpu\libg_f.a(lib_a-mprec.o)
                0x08009364                __d2b
 .text._read_r  0x08009528       0x28 c:/program files (x86)/embitz/0.42/share/em_armgcc/bin/../lib/gcc/arm-none-eabi/4.8.4/../../../../arm-none-eabi/lib/armv7e-m/fpu\libg_f.a(lib_a-readr.o)
                0x08009528                _read_r
 .text._realloc_r
                0x08009550      0x3cc c:/program files (x86)/embitz/0.42/share/em_armgcc/bin/../lib/gcc/arm-none-eabi/4.8.4/../../../../arm-none-eabi/lib/armv7e-m/fpu\libg_f.a(lib_a-reallocr.o)
                0x08009550                _realloc_r
 .text.__fpclassifyd
                0x0800991c       0x54 c:/program files (x86)/embitz/0.42/share/em_armgcc/bin/../lib/gcc/arm-none-eabi/4.8.4/../../../../arm-none-eabi/lib/armv7e-m/fpu\libg_f.a(lib_a-s_fpclassify.o)
                0x0800991c                __fpclassifyd
 .text.__sprint_r
                0x08009970       0x88 c:/program files (x86)/embitz/0.42/share/em_armgcc/bin/../lib/gcc/arm-none-eabi/4.8.4/../../../../arm-none-eabi/lib/armv7e-m/fpu\libg_f.a(lib_a-vfiprintf.o)
                0x08009970                __sprint_r
 .text.__register_exitproc
                0x080099f8       0xa8 c:/program files (x86)/embitz/0.42/share/em_armgcc/bin/../lib/gcc/arm-none-eabi/4.8.4/../../../../arm-none-eabi/lib/armv7e-m/fpu\libg_f.a(lib_a-__atexit.o)
                0x080099f8                __register_exitproc
 .text._calloc_r
                0x08009aa0       0x60 c:/program files (x86)/embitz/0.42/share/em_armgcc/bin/../lib/gcc/arm-none-eabi/4.8.4/../../../../arm-none-eabi/lib/armv7e-m/fpu\libg_f.a(lib_a-callocr.o)
                0x08009aa0                _calloc_r
 .text._fputwc_r
                0x08009b00       0xb8 c:/program files (x86)/embitz/0.42/share/em_armgcc/bin/../lib/gcc/arm-none-eabi/4.8.4/../../../../arm-none-eabi/lib/armv7e-m/fpu\libg_f.a(lib_a-fputwc.o)
                0x08009b00                _fputwc_r
 .text._fstat_r
                0x08009bb8       0x28 c:/program files (x86)/embitz/0.42/share/em_armgcc/bin/../lib/gcc/arm-none-eabi/4.8.4/../../../../arm-none-eabi/lib/armv7e-m/fpu\libg_f.a(lib_a-fstatr.o)
                0x08009bb8                _fstat_r
 .text._isatty_r
                0x08009be0       0x24 c:/program files (x86)/embitz/0.42/share/em_armgcc/bin/../lib/gcc/arm-none-eabi/4.8.4/../../../../arm-none-eabi/lib/armv7e-m/fpu\libg_f.a(lib_a-isattyr.o)
                0x08009be0                _isatty_r
 .text.__swbuf_r
                0x08009c04       0xa8 c:/program files (x86)/embitz/0.42/share/em_armgcc/bin/../lib/gcc/arm-none-eabi/4.8.4/../../../../arm-none-eabi/lib/armv7e-m/fpu\libg_f.a(lib_a-wbuf.o)
                0x08009c04                __swbuf_r
 .text._wcrtomb_r
                0x08009cac       0x50 c:/program files (x86)/embitz/0.42/share/em_armgcc/bin/../lib/gcc/arm-none-eabi/4.8.4/../../../../arm-none-eabi/lib/armv7e-m/fpu\libg_f.a(lib_a-wcrtomb.o)
                0x08009cac                _wcrtomb_r
 .text.__ascii_wctomb
                0x08009cfc       0x1c c:/program files (x86)/embitz/0.42/share/em_armgcc/bin/../lib/gcc/arm-none-eabi/4.8.4/../../../../arm-none-eabi/lib/armv7e-m/fpu\libg_f.a(lib_a-wctomb_r.o)
                0x08009cfc                __ascii_wctomb
 .text          0x08009d18       0x50 c:/program files (x86)/embitz/0.42/share/em_armgcc/bin/../lib/gcc/arm-none-eabi/4.8.4/armv7e-m/fpu\libgcc.a(_arm_fixdfsi.o)
                0x08009d18                __aeabi_d2iz
                0x08009d18                __fixdfsi
 .text          0x08009d68       0x2c c:/program files (x86)/embitz/0.42/share/em_armgcc/bin/../lib/gcc/arm-none-eabi/4.8.4/armv7e-m/fpu\libgcc.a(_aeabi_uldivmod.o)
                0x08009d68                __aeabi_uldivmod
 .text          0x08009d94       0x60 c:/program files (x86)/embitz/0.42/share/em_armgcc/bin/../lib/gcc/arm-none-eabi/4.8.4/armv7e-m/fpu\libgcc.a(bpabi.o)
                0x08009d94                __gnu_ldivmod_helper
                0x08009dc4                __gnu_uldivmod_helper
 .text          0x08009df4        0x4 c:/program files (x86)/embitz/0.42/share/em_armgcc/bin/../lib/gcc/arm-none-eabi/4.8.4/armv7e-m/fpu\libgcc.a(_dvmd_tls.o)
                0x08009df4                __aeabi_idiv0
                0x08009df4                __aeabi_ldiv0
 .text          0x08009df8      0x298 c:/program files (x86)/embitz/0.42/share/em_armgcc/bin/../lib/gcc/arm-none-eabi/4.8.4/armv7e-m/fpu\libgcc.a(_divdi3.o)
                0x08009df8                __divdi3
 .text          0x0800a090      0x284 c:/program files (x86)/embitz/0.42/share/em_armgcc/bin/../lib/gcc/arm-none-eabi/4.8.4/armv7e-m/fpu\libgcc.a(_udivdi3.o)
                0x0800a090                __udivdi3
 .text._exit    0x0800a314        0x8 c:/program files (x86)/embitz/0.42/share/em_armgcc/bin/../lib/gcc/arm-none-eabi/4.8.4/../../../../arm-none-eabi/lib/armv7e-m/fpu\librdimon_f.a(rdimon-_exit.o)
                0x0800a314                _exit
 .text._kill    0x0800a31c       0x20 c:/program files (x86)/embitz/0.42/share/em_armgcc/bin/../lib/gcc/arm-none-eabi/4.8.4/../../../../arm-none-eabi/lib/armv7e-m/fpu\librdimon_f.a(rdimon-_kill.o)
                0x0800a31c                _kill
 *(.init)
 .init          0x0800a33c        0x4 c:/program files (x86)/embitz/0.42/share/em_armgcc/bin/../lib/gcc/arm-none-eabi/4.8.4/armv7e-m/fpu/crti.o
                0x0800a33c                _init
 .init          0x0800a340        0x8 c:/program files (x86)/embitz/0.42/share/em_armgcc/bin/../lib/gcc/arm-none-eabi/4.8.4/armv7e-m/fpu/crtn.o
 *(.fini)
 .fini          0x0800a348        0x4 c:/program files (x86)/embitz/0.42/share/em_armgcc/bin/../lib/gcc/arm-none-eabi/4.8.4/armv7e-m/fpu/crti.o
                0x0800a348                _fini
 .fini          0x0800a34c        0x8 c:/program files (x86)/embitz/0.42/share/em_armgcc/bin/../lib/gcc/arm-none-eabi/4.8.4/armv7e-m/fpu/crtn.o
 *crtbegin.o(.ctors)
 *crtbegin?.o(.ctors)
 *(EXCLUDE_FILE(*crtend.o *crtend?.o) .ctors)
 *(SORT(.ctors.*))
 *(.ctors)
 *crtbegin.o(.dtors)
 *crtbegin?.o(.dtors)
 *(EXCLUDE_FILE(*crtend.o *crtend?.o) .dtors)
 *(SORT(.dtors.*))
 *(.dtors)
 *(.rodata*)
 .rodata        0x0800a354       0xe4 obj\release\src\drivers\tlc5941\leddriver.o
 .rodata.DMA_Flags_Bit_Pos
                0x0800a438        0x4 obj\release\src\drivers\tlc5941\tm_stm32f4_dma.o
 .rodata.DMA_IRQs
                0x0800a43c       0x10 obj\release\src\drivers\tlc5941\tm_stm32f4_dma.o
 .rodata        0x0800a44c       0x40 obj\release\src\propeller\clockmanager.o
 .rodata        0x0800a48c       0x30 obj\release\src\propeller\frametimemanager.o
 .rodata        0x0800a4bc      0x3a0 obj\release\src\propeller\messagemanager.o
 .rodata        0x0800a85c       0x44 obj\release\src\propeller\propellermanager.o
 .rodata.str1.4
                0x0800a8a0        0x4 c:/program files (x86)/embitz/0.42/share/em_armgcc/bin/../lib/gcc/arm-none-eabi/4.8.4/../../../../arm-none-eabi/lib/armv7e-m/fpu\librdimon_f.a(rdimon-syscalls.o)
 .rodata.str1.4
                0x0800a8a4        0x2 c:/program files (x86)/embitz/0.42/share/em_armgcc/bin/../lib/gcc/arm-none-eabi/4.8.4/../../../../arm-none-eabi/lib/armv7e-m/fpu\libg_f.a(lib_a-impure.o)
                                  0x4 (size before relaxing)
 *fill*         0x0800a8a6        0x2 
 .rodata._global_impure_ptr
                0x0800a8a8        0x4 c:/program files (x86)/embitz/0.42/share/em_armgcc/bin/../lib/gcc/arm-none-eabi/4.8.4/../../../../arm-none-eabi/lib/armv7e-m/fpu\libg_f.a(lib_a-impure.o)
                0x0800a8a8                _global_impure_ptr
 .rodata.str1.4
                0x0800a8ac        0x2 c:/program files (x86)/embitz/0.42/share/em_armgcc/bin/../lib/gcc/arm-none-eabi/4.8.4/../../../../arm-none-eabi/lib/armv7e-m/fpu\libg_f.a(lib_a-puts.o)
                                  0x4 (size before relaxing)
 *fill*         0x0800a8ae        0x2 
 .rodata.blanks.6777
                0x0800a8b0       0x10 c:/program files (x86)/embitz/0.42/share/em_armgcc/bin/../lib/gcc/arm-none-eabi/4.8.4/../../../../arm-none-eabi/lib/armv7e-m/fpu\libg_f.a(lib_a-vfprintf.o)
 .rodata.str1.4
                0x0800a8c0       0x42 c:/program files (x86)/embitz/0.42/share/em_armgcc/bin/../lib/gcc/arm-none-eabi/4.8.4/../../../../arm-none-eabi/lib/armv7e-m/fpu\libg_f.a(lib_a-vfprintf.o)
                                 0x44 (size before relaxing)
 *fill*         0x0800a902        0x2 
 .rodata.zeroes.6778
                0x0800a904       0x10 c:/program files (x86)/embitz/0.42/share/em_armgcc/bin/../lib/gcc/arm-none-eabi/4.8.4/../../../../arm-none-eabi/lib/armv7e-m/fpu\libg_f.a(lib_a-vfprintf.o)
 .rodata.str1.4
                0x0800a914       0x10 c:/program files (x86)/embitz/0.42/share/em_armgcc/bin/../lib/gcc/arm-none-eabi/4.8.4/../../../../arm-none-eabi/lib/armv7e-m/fpu\libg_f.a(lib_a-dtoa.o)
                                 0x14 (size before relaxing)
 .rodata.str1.4
                0x0800a924        0xc c:/program files (x86)/embitz/0.42/share/em_armgcc/bin/../lib/gcc/arm-none-eabi/4.8.4/../../../../arm-none-eabi/lib/armv7e-m/fpu\libg_f.a(lib_a-locale.o)
                                 0x14 (size before relaxing)
 .rodata.__mprec_tens
                0x0800a930       0xc8 c:/program files (x86)/embitz/0.42/share/em_armgcc/bin/../lib/gcc/arm-none-eabi/4.8.4/../../../../arm-none-eabi/lib/armv7e-m/fpu\libg_f.a(lib_a-mprec.o)
                0x0800a930                __mprec_tens
 .rodata.__mprec_bigtens
                0x0800a9f8       0x28 c:/program files (x86)/embitz/0.42/share/em_armgcc/bin/../lib/gcc/arm-none-eabi/4.8.4/../../../../arm-none-eabi/lib/armv7e-m/fpu\libg_f.a(lib_a-mprec.o)
                0x0800a9f8                __mprec_bigtens
 .rodata.p05.5269
                0x0800aa20        0xc c:/program files (x86)/embitz/0.42/share/em_armgcc/bin/../lib/gcc/arm-none-eabi/4.8.4/../../../../arm-none-eabi/lib/armv7e-m/fpu\libg_f.a(lib_a-mprec.o)
 *(.eh_frame*)
 .eh_frame      0x0800aa2c        0x0 c:/program files (x86)/embitz/0.42/share/em_armgcc/bin/../lib/gcc/arm-none-eabi/4.8.4/armv7e-m/fpu/crtbegin.o
 .eh_frame      0x0800aa2c        0x4 c:/program files (x86)/embitz/0.42/share/em_armgcc/bin/../lib/gcc/arm-none-eabi/4.8.4/armv7e-m/fpu/crtend.o

.glue_7         0x0800aa30        0x0
 .glue_7        0x00000000        0x0 linker stubs

.glue_7t        0x0800aa30        0x0
 .glue_7t       0x00000000        0x0 linker stubs

.vfp11_veneer   0x0800aa30        0x0
 .vfp11_veneer  0x00000000        0x0 linker stubs

.v4_bx          0x0800aa30        0x0
 .v4_bx         0x00000000        0x0 linker stubs

.iplt           0x0800aa30        0x0
 .iplt          0x00000000        0x0 c:/program files (x86)/embitz/0.42/share/em_armgcc/bin/../lib/gcc/arm-none-eabi/4.8.4/armv7e-m/fpu/crtbegin.o

.ARM.extab
 *(.ARM.extab* .gnu.linkonce.armextab.*)
                0x0800aa30                __exidx_start = .

.ARM.exidx      0x0800aa30        0x8
 *(.ARM.exidx* .gnu.linkonce.armexidx.*)
 .ARM.exidx     0x0800aa30        0x8 c:/program files (x86)/embitz/0.42/share/em_armgcc/bin/../lib/gcc/arm-none-eabi/4.8.4/../../../../arm-none-eabi/lib/armv7e-m/fpu/rdimon-crt0.o
 .ARM.exidx     0x0800aa38        0x0 c:/program files (x86)/embitz/0.42/share/em_armgcc/bin/../lib/gcc/arm-none-eabi/4.8.4/armv7e-m/fpu\libgcc.a(_divdi3.o)
                                  0x8 (size before relaxing)
 .ARM.exidx     0x0800aa38        0x0 c:/program files (x86)/embitz/0.42/share/em_armgcc/bin/../lib/gcc/arm-none-eabi/4.8.4/armv7e-m/fpu\libgcc.a(_udivdi3.o)
                                  0x8 (size before relaxing)
                0x0800aa38                __exidx_end = .
                0x0800aa38                __etext = .

.rel.dyn        0x0800aa38        0x0
 .rel.iplt      0x00000000        0x0 c:/program files (x86)/embitz/0.42/share/em_armgcc/bin/../lib/gcc/arm-none-eabi/4.8.4/armv7e-m/fpu/crtbegin.o

.data           0x20000000      0xa50 load address 0x0800aa38
                0x20000000                __data_start__ = .
 *(vtable)
 *(.data*)
 .data          0x20000000      0x110 c:/program files (x86)/embitz/0.42/share/em_armgcc/bin/../lib/gcc/arm-none-eabi/4.8.4/../../../../arm-none-eabi/lib/armv7e-m/fpu/rdimon-crt0.o
                0x20000008                __stack_base__
 .data.APBAHBPrescTable
                0x20000110       0x10 obj\release\spl\src\stm32f4xx_rcc.o
 .data.TM_USART3
                0x20000120       0x10 obj\release\src\comm\tm_stm32f4_usart.o
                0x20000120                TM_USART3
 .data.TM_RTC_Months
                0x20000130       0x18 obj\release\src\drivers\rtc\tm_stm32f4_rtc.o
                0x20000130                TM_RTC_Months
 .data.SPI3_DMA_INT
                0x20000148       0x18 obj\release\src\drivers\tlc5941\tm_stm32f4_spi_dma.o
 .data.SPI1_DMA_INT
                0x20000160       0x18 obj\release\src\drivers\tlc5941\tm_stm32f4_spi_dma.o
 .data.SPI2_DMA_INT
                0x20000178       0x18 obj\release\src\drivers\tlc5941\tm_stm32f4_spi_dma.o
 .data.AHBPrescTable
                0x20000190       0x10 obj\release\src\system\system_stm32f4xx.o
                0x20000190                AHBPrescTable
 .data.SystemCoreClock
                0x200001a0        0x4 obj\release\src\system\system_stm32f4xx.o
                0x200001a0                SystemCoreClock
 *fill*         0x200001a4        0x4 
 .data.impure_data
                0x200001a8      0x428 c:/program files (x86)/embitz/0.42/share/em_armgcc/bin/../lib/gcc/arm-none-eabi/4.8.4/../../../../arm-none-eabi/lib/armv7e-m/fpu\libg_f.a(lib_a-impure.o)
 .data._impure_ptr
                0x200005d0        0x4 c:/program files (x86)/embitz/0.42/share/em_armgcc/bin/../lib/gcc/arm-none-eabi/4.8.4/../../../../arm-none-eabi/lib/armv7e-m/fpu\libg_f.a(lib_a-impure.o)
                0x200005d0                _impure_ptr
 .data.__malloc_av_
                0x200005d4      0x408 c:/program files (x86)/embitz/0.42/share/em_armgcc/bin/../lib/gcc/arm-none-eabi/4.8.4/../../../../arm-none-eabi/lib/armv7e-m/fpu\libg_f.a(lib_a-mallocr.o)
                0x200005d4                __malloc_av_
 .data.__malloc_trim_threshold
                0x200009dc        0x4 c:/program files (x86)/embitz/0.42/share/em_armgcc/bin/../lib/gcc/arm-none-eabi/4.8.4/../../../../arm-none-eabi/lib/armv7e-m/fpu\libg_f.a(lib_a-mallocr.o)
                0x200009dc                __malloc_trim_threshold
 .data.__malloc_sbrk_base
                0x200009e0        0x4 c:/program files (x86)/embitz/0.42/share/em_armgcc/bin/../lib/gcc/arm-none-eabi/4.8.4/../../../../arm-none-eabi/lib/armv7e-m/fpu\libg_f.a(lib_a-mallocr.o)
                0x200009e0                __malloc_sbrk_base
 .data.lconv    0x200009e4       0x38 c:/program files (x86)/embitz/0.42/share/em_armgcc/bin/../lib/gcc/arm-none-eabi/4.8.4/../../../../arm-none-eabi/lib/armv7e-m/fpu\libg_f.a(lib_a-locale.o)
 .data.lc_ctype_charset
                0x20000a1c       0x20 c:/program files (x86)/embitz/0.42/share/em_armgcc/bin/../lib/gcc/arm-none-eabi/4.8.4/../../../../arm-none-eabi/lib/armv7e-m/fpu\libg_f.a(lib_a-locale.o)
 .data.__mb_cur_max
                0x20000a3c        0x4 c:/program files (x86)/embitz/0.42/share/em_armgcc/bin/../lib/gcc/arm-none-eabi/4.8.4/../../../../arm-none-eabi/lib/armv7e-m/fpu\libg_f.a(lib_a-locale.o)
                0x20000a3c                __mb_cur_max
 .data.__wctomb
                0x20000a40        0x4 c:/program files (x86)/embitz/0.42/share/em_armgcc/bin/../lib/gcc/arm-none-eabi/4.8.4/../../../../arm-none-eabi/lib/armv7e-m/fpu\libg_f.a(lib_a-wctomb_r.o)
                0x20000a40                __wctomb
                0x20000a44                . = ALIGN (0x4)
                0x20000a44                PROVIDE (__preinit_array_start, .)
 *(.preinit_array)
                0x20000a44                PROVIDE (__preinit_array_end, .)
                0x20000a44                . = ALIGN (0x4)
                0x20000a44                PROVIDE (__init_array_start, .)
 *(SORT(.init_array.*))
 .init_array.00000
                0x20000a44        0x4 c:/program files (x86)/embitz/0.42/share/em_armgcc/bin/../lib/gcc/arm-none-eabi/4.8.4/../../../../arm-none-eabi/lib/armv7e-m/fpu\libg_f.a(lib_a-__call_atexit.o)
 *(.init_array)
 .init_array    0x20000a48        0x4 c:/program files (x86)/embitz/0.42/share/em_armgcc/bin/../lib/gcc/arm-none-eabi/4.8.4/armv7e-m/fpu/crtbegin.o
                0x20000a4c                PROVIDE (__init_array_end, .)
                0x20000a4c                . = ALIGN (0x4)
                0x20000a4c                PROVIDE (__fini_array_start, .)
 *(SORT(.fini_array.*))
 *(.fini_array)
 .fini_array    0x20000a4c        0x4 c:/program files (x86)/embitz/0.42/share/em_armgcc/bin/../lib/gcc/arm-none-eabi/4.8.4/armv7e-m/fpu/crtbegin.o
                0x20000a50                PROVIDE (__fini_array_end, .)
                0x20000a50                . = ALIGN (0x4)
                0x20000a50                __data_end__ = .

.jcr            0x20000a50        0x0 load address 0x0800b488
 .jcr           0x20000a50        0x0 c:/program files (x86)/embitz/0.42/share/em_armgcc/bin/../lib/gcc/arm-none-eabi/4.8.4/armv7e-m/fpu/crtbegin.o

.igot.plt       0x20000a50        0x0 load address 0x0800b488
 .igot.plt      0x00000000        0x0 c:/program files (x86)/embitz/0.42/share/em_armgcc/bin/../lib/gcc/arm-none-eabi/4.8.4/armv7e-m/fpu/crtbegin.o

.bss            0x20000a60     0x5484 load address 0x0800b4a0
                0x20000a60                __bss_start__ = .
 *(.bss*)
 .bss           0x20000a60       0x1c c:/program files (x86)/embitz/0.42/share/em_armgcc/bin/../lib/gcc/arm-none-eabi/4.8.4/armv7e-m/fpu/crtbegin.o
 *fill*         0x20000a7c        0x4 
 .bss           0x20000a80       0x40 obj\release\src\comm\bluetooth.o
                0x20000aa0                rx_carrier_ptr
                0x20000aa4                rx_carrier_ptr_index
                0x20000aa5                start_flag
 .bss._ZGVZN16BluetoothManager3getEvE8instance
                0x20000ac0        0x4 obj\release\src\comm\bluetooth.o
                0x20000ac0                guard variable for BluetoothManager::get()::instance
 *fill*         0x20000ac4       0x1c 
 .bss._ZZN16BluetoothManager3getEvE8instance
                0x20000ae0       0x40 obj\release\src\comm\bluetooth.o
                0x20000ae0                BluetoothManager::get()::instance
 .bss.TM_RTC_Status
                0x20000b20        0x4 obj\release\src\drivers\rtc\tm_stm32f4_rtc.o
                0x20000b20                TM_RTC_Status
 .bss.CustomTimers
                0x20000b24       0x18 obj\release\src\drivers\sdcard\tm_stm32f4_delay.o
 .bss.TM_Time   0x20000b3c        0x4 obj\release\src\drivers\sdcard\tm_stm32f4_delay.o
                0x20000b3c                TM_Time
 .bss.TM_Time2  0x20000b40        0x4 obj\release\src\drivers\sdcard\tm_stm32f4_delay.o
                0x20000b40                TM_Time2
 .bss.GPIO_UsedPins
                0x20000b44       0x18 obj\release\src\drivers\sdcard\tm_stm32f4_gpio.o
 .bss._ZGVZN12PropellerMan3getEvE8instance
                0x20000b5c        0x4 obj\release\src\drivers\tlc5941\leddriver.o
                0x20000b5c                guard variable for PropellerMan::get()::instance
 .bss._ZZN12PropellerMan3getEvE8instance
                0x20000b60     0x5210 obj\release\src\drivers\tlc5941\leddriver.o
                0x20000b60                PropellerMan::get()::instance
 .bss.DMA_InitStruct
                0x20005d70       0x3c obj\release\src\drivers\tlc5941\tm_stm32f4_spi_dma.o
 .bss           0x20005dac       0x10 obj\release\src\propeller\clockmanager.o
                0x20005dac                ClockManager::rtcTime
 .bss.monitor_stdout
                0x20005dbc        0x4 c:/program files (x86)/embitz/0.42/share/em_armgcc/bin/../lib/gcc/arm-none-eabi/4.8.4/../../../../arm-none-eabi/lib/armv7e-m/fpu\librdimon_f.a(rdimon-syscalls.o)
 .bss.monitor_stdin
                0x20005dc0        0x4 c:/program files (x86)/embitz/0.42/share/em_armgcc/bin/../lib/gcc/arm-none-eabi/4.8.4/../../../../arm-none-eabi/lib/armv7e-m/fpu\librdimon_f.a(rdimon-syscalls.o)
 .bss.heap_end.5774
                0x20005dc4        0x4 c:/program files (x86)/embitz/0.42/share/em_armgcc/bin/../lib/gcc/arm-none-eabi/4.8.4/../../../../arm-none-eabi/lib/armv7e-m/fpu\librdimon_f.a(rdimon-syscalls.o)
 .bss.monitor_stderr
                0x20005dc8        0x4 c:/program files (x86)/embitz/0.42/share/em_armgcc/bin/../lib/gcc/arm-none-eabi/4.8.4/../../../../arm-none-eabi/lib/armv7e-m/fpu\librdimon_f.a(rdimon-syscalls.o)
 .bss.openfiles
                0x20005dcc       0xa0 c:/program files (x86)/embitz/0.42/share/em_armgcc/bin/../lib/gcc/arm-none-eabi/4.8.4/../../../../arm-none-eabi/lib/armv7e-m/fpu\librdimon_f.a(rdimon-syscalls.o)
 .bss.__malloc_max_total_mem
                0x20005e6c        0x4 c:/program files (x86)/embitz/0.42/share/em_armgcc/bin/../lib/gcc/arm-none-eabi/4.8.4/../../../../arm-none-eabi/lib/armv7e-m/fpu\libg_f.a(lib_a-mallocr.o)
                0x20005e6c                __malloc_max_total_mem
 .bss.__malloc_max_sbrked_mem
                0x20005e70        0x4 c:/program files (x86)/embitz/0.42/share/em_armgcc/bin/../lib/gcc/arm-none-eabi/4.8.4/../../../../arm-none-eabi/lib/armv7e-m/fpu\libg_f.a(lib_a-mallocr.o)
                0x20005e70                __malloc_max_sbrked_mem
 .bss.__malloc_top_pad
                0x20005e74        0x4 c:/program files (x86)/embitz/0.42/share/em_armgcc/bin/../lib/gcc/arm-none-eabi/4.8.4/../../../../arm-none-eabi/lib/armv7e-m/fpu\libg_f.a(lib_a-mallocr.o)
                0x20005e74                __malloc_top_pad
 .bss.__malloc_current_mallinfo
                0x20005e78       0x28 c:/program files (x86)/embitz/0.42/share/em_armgcc/bin/../lib/gcc/arm-none-eabi/4.8.4/../../../../arm-none-eabi/lib/armv7e-m/fpu\libg_f.a(lib_a-mallocr.o)
                0x20005e78                __malloc_current_mallinfo
 *(COMMON)
 COMMON         0x20005ea0       0x20 obj\release\src\comm\tm_stm32f4_usart.o
                0x20005ea0                TM_USART3_Buffer
 COMMON         0x20005ec0       0x20 obj\release\src\drivers\rtc\tm_stm32f4_rtc.o
                0x20005ec0                RTC_TimeStruct
                0x20005ec4                RTC_InitStruct
                0x20005ed0                RTC_DateStruct
                0x20005ed4                NVIC_InitStruct
                0x20005ed8                EXTI_InitStruct
 COMMON         0x20005ee0        0x4 c:/program files (x86)/embitz/0.42/share/em_armgcc/bin/../lib/gcc/arm-none-eabi/4.8.4/../../../../arm-none-eabi/lib/armv7e-m/fpu\libg_f.a(lib_a-reent.o)
                0x20005ee0                errno
                0x20005ee4                __bss_end__ = .

.heap           0x20005ee8        0x0
                0x20005ee8                __end__ = .
                0x20005ee8                end = __end__
 *(.heap*)
 .heap          0x20005ee8        0x0 obj\release\src\system\startup_stm32f4xx.o
                0x20005ee8                __HeapLimit = .

.stack_dummy    0x20005ee8      0x100
 *(.stack)
 .stack         0x20005ee8      0x100 obj\release\src\system\startup_stm32f4xx.o
                0x20020000                __StackTop = (ORIGIN (RAM) + 0x20000)
                0x2001ff00                __StackLimit = (__StackTop - SIZEOF (.stack_dummy))
                0x20020000                PROVIDE (__stack, __StackTop)
                0x00000001                ASSERT ((__StackLimit >= __HeapLimit), region RAM overflowed with stack)
LOAD obj\release\spl\src\misc.o
LOAD obj\release\spl\src\stm32f4xx_adc.o
LOAD obj\release\spl\src\stm32f4xx_can.o
LOAD obj\release\spl\src\stm32f4xx_crc.o
LOAD obj\release\spl\src\stm32f4xx_cryp.o
LOAD obj\release\spl\src\stm32f4xx_cryp_aes.o
LOAD obj\release\spl\src\stm32f4xx_cryp_des.o
LOAD obj\release\spl\src\stm32f4xx_cryp_tdes.o
LOAD obj\release\spl\src\stm32f4xx_dac.o
LOAD obj\release\spl\src\stm32f4xx_dbgmcu.o
LOAD obj\release\spl\src\stm32f4xx_dcmi.o
LOAD obj\release\spl\src\stm32f4xx_dma.o
LOAD obj\release\spl\src\stm32f4xx_exti.o
LOAD obj\release\spl\src\stm32f4xx_flash.o
LOAD obj\release\spl\src\stm32f4xx_fsmc.o
LOAD obj\release\spl\src\stm32f4xx_gpio.o
LOAD obj\release\spl\src\stm32f4xx_hash.o
LOAD obj\release\spl\src\stm32f4xx_hash_md5.o
LOAD obj\release\spl\src\stm32f4xx_hash_sha1.o
LOAD obj\release\spl\src\stm32f4xx_i2c.o
LOAD obj\release\spl\src\stm32f4xx_iwdg.o
LOAD obj\release\spl\src\stm32f4xx_pwr.o
LOAD obj\release\spl\src\stm32f4xx_rcc.o
LOAD obj\release\spl\src\stm32f4xx_rng.o
LOAD obj\release\spl\src\stm32f4xx_rtc.o
LOAD obj\release\spl\src\stm32f4xx_sdio.o
LOAD obj\release\spl\src\stm32f4xx_spi.o
LOAD obj\release\spl\src\stm32f4xx_syscfg.o
LOAD obj\release\spl\src\stm32f4xx_tim.o
LOAD obj\release\spl\src\stm32f4xx_usart.o
LOAD obj\release\spl\src\stm32f4xx_wwdg.o
LOAD obj\release\src\comm\bluetooth.o
LOAD obj\release\src\comm\tm_stm32f4_usart.o
LOAD obj\release\src\drivers\rtc\tm_stm32f4_rtc.o
LOAD obj\release\src\drivers\sdcard\ccsbcs.o
LOAD obj\release\src\drivers\sdcard\fatfs\diskio.o
LOAD obj\release\src\drivers\sdcard\fatfs\drivers\fatfs_sd.o
LOAD obj\release\src\drivers\sdcard\fatfs\drivers\fatfs_spi_flash.o
LOAD obj\release\src\drivers\sdcard\fatfs\ff.o
LOAD obj\release\src\drivers\sdcard\syscall.o
LOAD obj\release\src\drivers\sdcard\tm_stm32f4_delay.o
LOAD obj\release\src\drivers\sdcard\tm_stm32f4_fatfs.o
LOAD obj\release\src\drivers\sdcard\tm_stm32f4_gpio.o
LOAD obj\release\src\drivers\sdcard\tm_stm32f4_timer_properties.o
LOAD obj\release\src\drivers\tlc5941\leddriver.o
LOAD obj\release\src\drivers\tlc5941\tm_stm32f4_dma.o
LOAD obj\release\src\drivers\tlc5941\tm_stm32f4_spi.o
LOAD obj\release\src\drivers\tlc5941\tm_stm32f4_spi_dma.o
LOAD obj\release\src\graphics\fonts\clockfonts.o
LOAD obj\release\src\main.o
LOAD obj\release\src\propeller\clockmanager.o
LOAD obj\release\src\propeller\frametimemanager.o
LOAD obj\release\src\propeller\messagemanager.o
LOAD obj\release\src\propeller\propellermanager.o
LOAD obj\release\src\system\startup_stm32f4xx.o
LOAD obj\release\src\system\system_stm32f4xx.o
LOAD c:/program files (x86)/embitz/0.42/share/em_armgcc/bin/../lib/gcc/arm-none-eabi/4.8.4/../../../../arm-none-eabi/lib/armv7e-m/fpu\librdimon_f.a
START GROUP
LOAD c:/program files (x86)/embitz/0.42/share/em_armgcc/bin/../lib/gcc/arm-none-eabi/4.8.4/armv7e-m/fpu\libgcc.a
LOAD c:/program files (x86)/embitz/0.42/share/em_armgcc/bin/../lib/gcc/arm-none-eabi/4.8.4/../../../../arm-none-eabi/lib/armv7e-m/fpu\libg_f.a
LOAD c:/program files (x86)/embitz/0.42/share/em_armgcc/bin/../lib/gcc/arm-none-eabi/4.8.4/../../../../arm-none-eabi/lib/armv7e-m/fpu\libc_f.a
END GROUP
START GROUP
LOAD c:/program files (x86)/embitz/0.42/share/em_armgcc/bin/../lib/gcc/arm-none-eabi/4.8.4/armv7e-m/fpu\libgcc.a
LOAD c:/program files (x86)/embitz/0.42/share/em_armgcc/bin/../lib/gcc/arm-none-eabi/4.8.4/../../../../arm-none-eabi/lib/armv7e-m/fpu\libc_f.a
LOAD c:/program files (x86)/embitz/0.42/share/em_armgcc/bin/../lib/gcc/arm-none-eabi/4.8.4/../../../../arm-none-eabi/lib/armv7e-m/fpu\librdimon_f.a
LOAD c:/program files (x86)/embitz/0.42/share/em_armgcc/bin/../lib/gcc/arm-none-eabi/4.8.4/../../../../arm-none-eabi/lib/armv7e-m/fpu\libnosys_f.a
END GROUP
START GROUP
LOAD c:/program files (x86)/embitz/0.42/share/em_armgcc/bin/../lib/gcc/arm-none-eabi/4.8.4/armv7e-m/fpu\libgcc.a
LOAD c:/program files (x86)/embitz/0.42/share/em_armgcc/bin/../lib/gcc/arm-none-eabi/4.8.4/../../../../arm-none-eabi/lib/armv7e-m/fpu\libc.a
LOAD c:/program files (x86)/embitz/0.42/share/em_armgcc/bin/../lib/gcc/arm-none-eabi/4.8.4/../../../../arm-none-eabi/lib/armv7e-m/fpu\librdimon.a
END GROUP
LOAD c:/program files (x86)/embitz/0.42/share/em_armgcc/bin/../lib/gcc/arm-none-eabi/4.8.4/armv7e-m/fpu/crtend.o
LOAD c:/program files (x86)/embitz/0.42/share/em_armgcc/bin/../lib/gcc/arm-none-eabi/4.8.4/armv7e-m/fpu/crtn.o
OUTPUT(bin\Release\PropellerDisplay.elf elf32-littlearm)

.ARM.attributes
                0x00000000       0x30
 .ARM.attributes
                0x00000000       0x22 c:/program files (x86)/embitz/0.42/share/em_armgcc/bin/../lib/gcc/arm-none-eabi/4.8.4/armv7e-m/fpu/crti.o
 .ARM.attributes
                0x00000022       0x34 c:/program files (x86)/embitz/0.42/share/em_armgcc/bin/../lib/gcc/arm-none-eabi/4.8.4/armv7e-m/fpu/crtbegin.o
 .ARM.attributes
                0x00000056       0x20 c:/program files (x86)/embitz/0.42/share/em_armgcc/bin/../lib/gcc/arm-none-eabi/4.8.4/../../../../arm-none-eabi/lib/armv7e-m/fpu/rdimon-crt0.o
 .ARM.attributes
                0x00000076       0x39 obj\release\spl\src\misc.o
 .ARM.attributes
                0x000000af       0x39 obj\release\spl\src\stm32f4xx_dma.o
 .ARM.attributes
                0x000000e8       0x39 obj\release\spl\src\stm32f4xx_exti.o
 .ARM.attributes
                0x00000121       0x39 obj\release\spl\src\stm32f4xx_gpio.o
 .ARM.attributes
                0x0000015a       0x39 obj\release\spl\src\stm32f4xx_pwr.o
 .ARM.attributes
                0x00000193       0x39 obj\release\spl\src\stm32f4xx_rcc.o
 .ARM.attributes
                0x000001cc       0x39 obj\release\spl\src\stm32f4xx_rtc.o
 .ARM.attributes
                0x00000205       0x39 obj\release\spl\src\stm32f4xx_spi.o
 .ARM.attributes
                0x0000023e       0x39 obj\release\spl\src\stm32f4xx_syscfg.o
 .ARM.attributes
                0x00000277       0x39 obj\release\spl\src\stm32f4xx_tim.o
 .ARM.attributes
                0x000002b0       0x39 obj\release\spl\src\stm32f4xx_usart.o
 .ARM.attributes
                0x000002e9       0x39 obj\release\src\comm\bluetooth.o
 .ARM.attributes
                0x00000322       0x39 obj\release\src\comm\tm_stm32f4_usart.o
 .ARM.attributes
                0x0000035b       0x39 obj\release\src\drivers\rtc\tm_stm32f4_rtc.o
 .ARM.attributes
                0x00000394       0x39 obj\release\src\drivers\sdcard\tm_stm32f4_delay.o
 .ARM.attributes
                0x000003cd       0x39 obj\release\src\drivers\sdcard\tm_stm32f4_gpio.o
 .ARM.attributes
                0x00000406       0x39 obj\release\src\drivers\tlc5941\leddriver.o
 .ARM.attributes
                0x0000043f       0x39 obj\release\src\drivers\tlc5941\tm_stm32f4_dma.o
 .ARM.attributes
                0x00000478       0x39 obj\release\src\drivers\tlc5941\tm_stm32f4_spi.o
 .ARM.attributes
                0x000004b1       0x39 obj\release\src\drivers\tlc5941\tm_stm32f4_spi_dma.o
 .ARM.attributes
                0x000004ea       0x39 obj\release\src\main.o
 .ARM.attributes
                0x00000523       0x39 obj\release\src\propeller\clockmanager.o
 .ARM.attributes
                0x0000055c       0x39 obj\release\src\propeller\frametimemanager.o
 .ARM.attributes
                0x00000595       0x39 obj\release\src\propeller\messagemanager.o
 .ARM.attributes
                0x000005ce       0x39 obj\release\src\propeller\propellermanager.o
 .ARM.attributes
                0x00000607       0x1f obj\release\src\system\startup_stm32f4xx.o
 .ARM.attributes
                0x00000626       0x39 obj\release\src\system\system_stm32f4xx.o
 .ARM.attributes
                0x0000065f       0x30 c:/program files (x86)/embitz/0.42/share/em_armgcc/bin/../lib/gcc/arm-none-eabi/4.8.4/../../../../arm-none-eabi/lib/armv7e-m/fpu\librdimon_f.a(rdimon-syscalls.o)
 .ARM.attributes
                0x0000068f       0x22 c:/program files (x86)/embitz/0.42/share/em_armgcc/bin/../lib/gcc/arm-none-eabi/4.8.4/armv7e-m/fpu\libgcc.a(_arm_addsubdf3.o)
 .ARM.attributes
                0x000006b1       0x22 c:/program files (x86)/embitz/0.42/share/em_armgcc/bin/../lib/gcc/arm-none-eabi/4.8.4/armv7e-m/fpu\libgcc.a(_arm_muldivdf3.o)
 .ARM.attributes
                0x000006d3       0x22 c:/program files (x86)/embitz/0.42/share/em_armgcc/bin/../lib/gcc/arm-none-eabi/4.8.4/armv7e-m/fpu\libgcc.a(_arm_cmpdf2.o)
 .ARM.attributes
                0x000006f5       0x30 c:/program files (x86)/embitz/0.42/share/em_armgcc/bin/../lib/gcc/arm-none-eabi/4.8.4/../../../../arm-none-eabi/lib/armv7e-m/fpu\libg_f.a(lib_a-errno.o)
 .ARM.attributes
                0x00000725       0x30 c:/program files (x86)/embitz/0.42/share/em_armgcc/bin/../lib/gcc/arm-none-eabi/4.8.4/../../../../arm-none-eabi/lib/armv7e-m/fpu\libg_f.a(lib_a-exit.o)
 .ARM.attributes
                0x00000755       0x30 c:/program files (x86)/embitz/0.42/share/em_armgcc/bin/../lib/gcc/arm-none-eabi/4.8.4/../../../../arm-none-eabi/lib/armv7e-m/fpu\libg_f.a(lib_a-findfp.o)
 .ARM.attributes
                0x00000785       0x30 c:/program files (x86)/embitz/0.42/share/em_armgcc/bin/../lib/gcc/arm-none-eabi/4.8.4/../../../../arm-none-eabi/lib/armv7e-m/fpu\libg_f.a(lib_a-fwalk.o)
 .ARM.attributes
                0x000007b5       0x30 c:/program files (x86)/embitz/0.42/share/em_armgcc/bin/../lib/gcc/arm-none-eabi/4.8.4/../../../../arm-none-eabi/lib/armv7e-m/fpu\libg_f.a(lib_a-impure.o)
 .ARM.attributes
                0x000007e5       0x30 c:/program files (x86)/embitz/0.42/share/em_armgcc/bin/../lib/gcc/arm-none-eabi/4.8.4/../../../../arm-none-eabi/lib/armv7e-m/fpu\libg_f.a(lib_a-init.o)
 .ARM.attributes
                0x00000815       0x30 c:/program files (x86)/embitz/0.42/share/em_armgcc/bin/../lib/gcc/arm-none-eabi/4.8.4/../../../../arm-none-eabi/lib/armv7e-m/fpu\libg_f.a(lib_a-malloc.o)
 .ARM.attributes
                0x00000845       0x30 c:/program files (x86)/embitz/0.42/share/em_armgcc/bin/../lib/gcc/arm-none-eabi/4.8.4/../../../../arm-none-eabi/lib/armv7e-m/fpu\libg_f.a(lib_a-mallocr.o)
 .ARM.attributes
                0x00000875       0x20 c:/program files (x86)/embitz/0.42/share/em_armgcc/bin/../lib/gcc/arm-none-eabi/4.8.4/../../../../arm-none-eabi/lib/armv7e-m/fpu\libg_f.a(lib_a-memcpy.o)
 .ARM.attributes
                0x00000895       0x30 c:/program files (x86)/embitz/0.42/share/em_armgcc/bin/../lib/gcc/arm-none-eabi/4.8.4/../../../../arm-none-eabi/lib/armv7e-m/fpu\libg_f.a(lib_a-memset.o)
 .ARM.attributes
                0x000008c5       0x30 c:/program files (x86)/embitz/0.42/share/em_armgcc/bin/../lib/gcc/arm-none-eabi/4.8.4/../../../../arm-none-eabi/lib/armv7e-m/fpu\libg_f.a(lib_a-mlock.o)
 .ARM.attributes
                0x000008f5       0x30 c:/program files (x86)/embitz/0.42/share/em_armgcc/bin/../lib/gcc/arm-none-eabi/4.8.4/../../../../arm-none-eabi/lib/armv7e-m/fpu\libg_f.a(lib_a-printf.o)
 .ARM.attributes
                0x00000925       0x30 c:/program files (x86)/embitz/0.42/share/em_armgcc/bin/../lib/gcc/arm-none-eabi/4.8.4/../../../../arm-none-eabi/lib/armv7e-m/fpu\libg_f.a(lib_a-puts.o)
 .ARM.attributes
                0x00000955       0x30 c:/program files (x86)/embitz/0.42/share/em_armgcc/bin/../lib/gcc/arm-none-eabi/4.8.4/../../../../arm-none-eabi/lib/armv7e-m/fpu\libg_f.a(lib_a-sbrkr.o)
 .ARM.attributes
                0x00000985       0x30 c:/program files (x86)/embitz/0.42/share/em_armgcc/bin/../lib/gcc/arm-none-eabi/4.8.4/../../../../arm-none-eabi/lib/armv7e-m/fpu\libg_f.a(lib_a-stdio.o)
 .ARM.attributes
                0x000009b5       0x30 c:/program files (x86)/embitz/0.42/share/em_armgcc/bin/../lib/gcc/arm-none-eabi/4.8.4/../../../../arm-none-eabi/lib/armv7e-m/fpu\libg_f.a(lib_a-strlen.o)
 .ARM.attributes
                0x000009e5       0x30 c:/program files (x86)/embitz/0.42/share/em_armgcc/bin/../lib/gcc/arm-none-eabi/4.8.4/../../../../arm-none-eabi/lib/armv7e-m/fpu\libg_f.a(lib_a-vfprintf.o)
 .ARM.attributes
                0x00000a15       0x30 c:/program files (x86)/embitz/0.42/share/em_armgcc/bin/../lib/gcc/arm-none-eabi/4.8.4/../../../../arm-none-eabi/lib/armv7e-m/fpu\libg_f.a(lib_a-writer.o)
 .ARM.attributes
                0x00000a45       0x30 c:/program files (x86)/embitz/0.42/share/em_armgcc/bin/../lib/gcc/arm-none-eabi/4.8.4/../../../../arm-none-eabi/lib/armv7e-m/fpu\libg_f.a(lib_a-wsetup.o)
 .ARM.attributes
                0x00000a75       0x30 c:/program files (x86)/embitz/0.42/share/em_armgcc/bin/../lib/gcc/arm-none-eabi/4.8.4/../../../../arm-none-eabi/lib/armv7e-m/fpu\libg_f.a(lib_a-__call_atexit.o)