Archive member included because of file (symbol)

c:/program files (x86)/embitz/0.42/share/em_armgcc/bin/../lib/gcc/arm-none-eabi/4.8.4/../../../../arm-none-eabi/lib/armv7e-m/fpu\librdimon_n.a(rdimon-syscalls.o)
                              c:/program files (x86)/embitz/0.42/share/em_armgcc/bin/../lib/gcc/arm-none-eabi/4.8.4/../../../../arm-none-eabi/lib/armv7e-m/fpu/rdimon-crt0.o (initialise_monitor_handles)
c:/program files (x86)/embitz/0.42/share/em_armgcc/bin/../lib/gcc/arm-none-eabi/4.8.4/armv7e-m/fpu\libgcc.a(_arm_addsubdf3.o)
                              obj\debug\src\drivers\sdcard\tm_stm32f4_fatfs.o (__aeabi_ui2d)
c:/program files (x86)/embitz/0.42/share/em_armgcc/bin/../lib/gcc/arm-none-eabi/4.8.4/armv7e-m/fpu\libgcc.a(_arm_muldivdf3.o)
                              obj\debug\src\drivers\sdcard\tm_stm32f4_fatfs.o (__aeabi_dmul)
c:/program files (x86)/embitz/0.42/share/em_armgcc/bin/../lib/gcc/arm-none-eabi/4.8.4/armv7e-m/fpu\libgcc.a(_arm_cmpdf2.o)
                              obj\debug\src\drivers\sdcard\tm_stm32f4_timer_properties.o (__aeabi_dcmpeq)
c:/program files (x86)/embitz/0.42/share/em_armgcc/bin/../lib/gcc/arm-none-eabi/4.8.4/armv7e-m/fpu\libgcc.a(_arm_fixunsdfsi.o)
                              obj\debug\src\drivers\sdcard\tm_stm32f4_fatfs.o (__aeabi_d2uiz)
c:/program files (x86)/embitz/0.42/share/em_armgcc/bin/../lib/gcc/arm-none-eabi/4.8.4/../../../../arm-none-eabi/lib/armv7e-m/fpu\libg_n.a(lib_a-errno.o)
                              c:/program files (x86)/embitz/0.42/share/em_armgcc/bin/../lib/gcc/arm-none-eabi/4.8.4/../../../../arm-none-eabi/lib/armv7e-m/fpu\librdimon_n.a(rdimon-syscalls.o) (__errno)
c:/program files (x86)/embitz/0.42/share/em_armgcc/bin/../lib/gcc/arm-none-eabi/4.8.4/../../../../arm-none-eabi/lib/armv7e-m/fpu\libg_n.a(lib_a-exit.o)
                              c:/program files (x86)/embitz/0.42/share/em_armgcc/bin/../lib/gcc/arm-none-eabi/4.8.4/../../../../arm-none-eabi/lib/armv7e-m/fpu/rdimon-crt0.o (exit)
c:/program files (x86)/embitz/0.42/share/em_armgcc/bin/../lib/gcc/arm-none-eabi/4.8.4/../../../../arm-none-eabi/lib/armv7e-m/fpu\libg_n.a(lib_a-findfp.o)
                              c:/program files (x86)/embitz/0.42/share/em_armgcc/bin/../lib/gcc/arm-none-eabi/4.8.4/../../../../arm-none-eabi/lib/armv7e-m/fpu\librdimon_n.a(rdimon-syscalls.o) (__sinit)
c:/program files (x86)/embitz/0.42/share/em_armgcc/bin/../lib/gcc/arm-none-eabi/4.8.4/../../../../arm-none-eabi/lib/armv7e-m/fpu\libg_n.a(lib_a-fwalk.o)
                              c:/program files (x86)/embitz/0.42/share/em_armgcc/bin/../lib/gcc/arm-none-eabi/4.8.4/../../../../arm-none-eabi/lib/armv7e-m/fpu\libg_n.a(lib_a-findfp.o) (_fwalk)
c:/program files (x86)/embitz/0.42/share/em_armgcc/bin/../lib/gcc/arm-none-eabi/4.8.4/../../../../arm-none-eabi/lib/armv7e-m/fpu\libg_n.a(lib_a-impure.o)
                              c:/program files (x86)/embitz/0.42/share/em_armgcc/bin/../lib/gcc/arm-none-eabi/4.8.4/../../../../arm-none-eabi/lib/armv7e-m/fpu\libg_n.a(lib_a-exit.o) (_global_impure_ptr)
c:/program files (x86)/embitz/0.42/share/em_armgcc/bin/../lib/gcc/arm-none-eabi/4.8.4/../../../../arm-none-eabi/lib/armv7e-m/fpu\libg_n.a(lib_a-init.o)
                              c:/program files (x86)/embitz/0.42/share/em_armgcc/bin/../lib/gcc/arm-none-eabi/4.8.4/../../../../arm-none-eabi/lib/armv7e-m/fpu/rdimon-crt0.o (__libc_init_array)
c:/program files (x86)/embitz/0.42/share/em_armgcc/bin/../lib/gcc/arm-none-eabi/4.8.4/../../../../arm-none-eabi/lib/armv7e-m/fpu\libg_n.a(lib_a-malloc.o)
                              obj\debug\src\drivers\sdcard\syscall.o (malloc)
c:/program files (x86)/embitz/0.42/share/em_armgcc/bin/../lib/gcc/arm-none-eabi/4.8.4/../../../../arm-none-eabi/lib/armv7e-m/fpu\libg_n.a(lib_a-memcpy-stub.o)
                              obj\debug\src\comm\bluetooth.o (memcpy)
c:/program files (x86)/embitz/0.42/share/em_armgcc/bin/../lib/gcc/arm-none-eabi/4.8.4/../../../../arm-none-eabi/lib/armv7e-m/fpu\libg_n.a(lib_a-memset.o)
                              c:/program files (x86)/embitz/0.42/share/em_armgcc/bin/../lib/gcc/arm-none-eabi/4.8.4/../../../../arm-none-eabi/lib/armv7e-m/fpu/rdimon-crt0.o (memset)
c:/program files (x86)/embitz/0.42/share/em_armgcc/bin/../lib/gcc/arm-none-eabi/4.8.4/../../../../arm-none-eabi/lib/armv7e-m/fpu\libg_n.a(lib_a-nano-freer.o)
                              c:/program files (x86)/embitz/0.42/share/em_armgcc/bin/../lib/gcc/arm-none-eabi/4.8.4/../../../../arm-none-eabi/lib/armv7e-m/fpu\libg_n.a(lib_a-malloc.o) (_free_r)
c:/program files (x86)/embitz/0.42/share/em_armgcc/bin/../lib/gcc/arm-none-eabi/4.8.4/../../../../arm-none-eabi/lib/armv7e-m/fpu\libg_n.a(lib_a-nano-mallocr.o)
                              c:/program files (x86)/embitz/0.42/share/em_armgcc/bin/../lib/gcc/arm-none-eabi/4.8.4/../../../../arm-none-eabi/lib/armv7e-m/fpu\libg_n.a(lib_a-findfp.o) (_malloc_r)
[...]
Memory Configuration

Name             Origin             Length             Attributes
ROM              0x08000000         0x00100000         xr
RAM              0x20000000         0x00020000         xrw
CCRAM            0x10000000         0x00010000         xrw
*default*        0x00000000         0xffffffff

Linker script and memory map

LOAD c:/program files (x86)/embitz/0.42/share/em_armgcc/bin/../lib/gcc/arm-none-eabi/4.8.4/armv7e-m/fpu/crti.o
LOAD c:/program files (x86)/embitz/0.42/share/em_armgcc/bin/../lib/gcc/arm-none-eabi/4.8.4/armv7e-m/fpu/crtbegin.o
LOAD c:/program files (x86)/embitz/0.42/share/em_armgcc/bin/../lib/gcc/arm-none-eabi/4.8.4/../../../../arm-none-eabi/lib/armv7e-m/fpu/rdimon-crt0.o
                0x00000000                __HEAP_SIZE = 0x0
                0x00000100                __STACK_SIZE = 0x100

.text           0x08000000     0x69b8
 *(.isr_vector)
 .isr_vector    0x08000000      0x188 obj\debug\src\system\startup_stm32f4xx.o
                0x08000000                __isr_vector
 *(.text*)
 .text          0x08000188       0x54 c:/program files (x86)/embitz/0.42/share/em_armgcc/bin/../lib/gcc/arm-none-eabi/4.8.4/armv7e-m/fpu/crtbegin.o
 .text          0x080001dc       0xdc c:/program files (x86)/embitz/0.42/share/em_armgcc/bin/../lib/gcc/arm-none-eabi/4.8.4/../../../../arm-none-eabi/lib/armv7e-m/fpu/rdimon-crt0.o
                0x080001dc                _start
                0x080001dc                _mainCRTStartup
 .text.NVIC_Init
                0x080002b8       0xbc obj\debug\spl\src\misc.o
                0x080002b8                NVIC_Init
 .text.DMA_Init
                0x08000374       0xac obj\debug\spl\src\stm32f4xx_dma.o
                0x08000374                DMA_Init
 .text.EXTI_Init
                0x08000420       0xdc obj\debug\spl\src\stm32f4xx_exti.o
                0x08000420                EXTI_Init
 .text.EXTI_GetITStatus
                0x080004fc       0x48 obj\debug\spl\src\stm32f4xx_exti.o
                0x080004fc                EXTI_GetITStatus
 .text.EXTI_ClearITPendingBit
                0x08000544       0x1c obj\debug\spl\src\stm32f4xx_exti.o
                0x08000544                EXTI_ClearITPendingBit
 .text.GPIO_Init
                0x08000560      0x11c obj\debug\spl\src\stm32f4xx_gpio.o
                0x08000560                GPIO_Init
 .text.GPIO_SetBits
                0x0800067c       0x1c obj\debug\spl\src\stm32f4xx_gpio.o
                0x0800067c                GPIO_SetBits
 .text.GPIO_ResetBits
                0x08000698       0x1c obj\debug\spl\src\stm32f4xx_gpio.o
                0x08000698                GPIO_ResetBits
 .text.PWR_BackupAccessCmd
                0x080006b4       0x20 obj\debug\spl\src\stm32f4xx_pwr.o
                0x080006b4                PWR_BackupAccessCmd
 .text.RCC_LSEConfig
                0x080006d4       0x40 obj\debug\spl\src\stm32f4xx_rcc.o
                0x080006d4                RCC_LSEConfig
 .text.RCC_LSICmd
                0x08000714       0x20 obj\debug\spl\src\stm32f4xx_rcc.o
                0x08000714                RCC_LSICmd
 .text.RCC_GetClocksFreq
                0x08000734      0x154 obj\debug\spl\src\stm32f4xx_rcc.o
                0x08000734                RCC_GetClocksFreq
 .text.RCC_RTCCLKConfig
                0x08000888       0x5c obj\debug\spl\src\stm32f4xx_rcc.o
                0x08000888                RCC_RTCCLKConfig
 .text.RCC_RTCCLKCmd
                0x080008e4       0x20 obj\debug\spl\src\stm32f4xx_rcc.o
                0x080008e4                RCC_RTCCLKCmd
 .text.RCC_AHB1PeriphClockCmd
                0x08000904       0x3c obj\debug\spl\src\stm32f4xx_rcc.o
                0x08000904                RCC_AHB1PeriphClockCmd
 .text.RCC_APB1PeriphClockCmd
                0x08000940       0x3c obj\debug\spl\src\stm32f4xx_rcc.o
                0x08000940                RCC_APB1PeriphClockCmd
 .text.RCC_APB2PeriphClockCmd
                0x0800097c       0x3c obj\debug\spl\src\stm32f4xx_rcc.o
                0x0800097c                RCC_APB2PeriphClockCmd
 .text.RCC_APB1PeriphResetCmd
                0x080009b8       0x3c obj\debug\spl\src\stm32f4xx_rcc.o
                0x080009b8                RCC_APB1PeriphResetCmd
 .text.RCC_APB2PeriphResetCmd
                0x080009f4       0x3c obj\debug\spl\src\stm32f4xx_rcc.o
                0x080009f4                RCC_APB2PeriphResetCmd
 .text.RCC_GetFlagStatus
                0x08000a30       0x74 obj\debug\spl\src\stm32f4xx_rcc.o
                0x08000a30                RCC_GetFlagStatus
 .text.RTC_Init
                0x08000aa4       0x78 obj\debug\spl\src\stm32f4xx_rtc.o
                0x08000aa4                RTC_Init
 .text.RTC_WriteProtectionCmd
                0x08000b1c       0x34 obj\debug\spl\src\stm32f4xx_rtc.o
                0x08000b1c                RTC_WriteProtectionCmd
 .text.RTC_EnterInitMode
                0x08000b50       0x74 obj\debug\spl\src\stm32f4xx_rtc.o
                0x08000b50                RTC_EnterInitMode
 .text.RTC_ExitInitMode
                0x08000bc4       0x1c obj\debug\spl\src\stm32f4xx_rtc.o
                0x08000bc4                RTC_ExitInitMode
 .text.RTC_WaitForSynchro
                0x08000be0       0x78 obj\debug\spl\src\stm32f4xx_rtc.o
                0x08000be0                RTC_WaitForSynchro
 .text.RTC_SetTime
                0x08000c58      0x104 obj\debug\spl\src\stm32f4xx_rtc.o
                0x08000c58                RTC_SetTime
 .text.RTC_GetTime
                0x08000d5c       0x9c obj\debug\spl\src\stm32f4xx_rtc.o
                0x08000d5c                RTC_GetTime
 .text.RTC_SetDate
                0x08000df8      0x10c obj\debug\spl\src\stm32f4xx_rtc.o
                0x08000df8                RTC_SetDate
 .text.RTC_GetDate
                0x08000f04       0x9c obj\debug\spl\src\stm32f4xx_rtc.o
                0x08000f04                RTC_GetDate
 .text.RTC_WakeUpClockConfig
                0x08000fa0       0x40 obj\debug\spl\src\stm32f4xx_rtc.o
                0x08000fa0                RTC_WakeUpClockConfig
 .text.RTC_SetWakeUpCounter
                0x08000fe0       0x30 obj\debug\spl\src\stm32f4xx_rtc.o
                0x08000fe0                RTC_SetWakeUpCounter
 .text.RTC_WakeUpCmd
                0x08001010       0x94 obj\debug\spl\src\stm32f4xx_rtc.o
                0x08001010                RTC_WakeUpCmd
 .text.RTC_WriteBackupRegister
                0x080010a4       0x30 obj\debug\spl\src\stm32f4xx_rtc.o
                0x080010a4                RTC_WriteBackupRegister
 .text.RTC_ReadBackupRegister
                0x080010d4       0x30 obj\debug\spl\src\stm32f4xx_rtc.o
                0x080010d4                RTC_ReadBackupRegister
 .text.RTC_ITConfig
                0x08001104       0x78 obj\debug\spl\src\stm32f4xx_rtc.o
                0x08001104                RTC_ITConfig
 .text.RTC_GetITStatus
                0x0800117c       0x68 obj\debug\spl\src\stm32f4xx_rtc.o
                0x0800117c                RTC_GetITStatus
 .text.RTC_ClearITPendingBit
                0x080011e4       0x38 obj\debug\spl\src\stm32f4xx_rtc.o
                0x080011e4                RTC_ClearITPendingBit
 .text.RTC_ByteToBcd2
                0x0800121c       0x3c obj\debug\spl\src\stm32f4xx_rtc.o
 .text.RTC_Bcd2ToByte
                0x08001258       0x38 obj\debug\spl\src\stm32f4xx_rtc.o
 .text.SPI_Init
                0x08001290       0x88 obj\debug\spl\src\stm32f4xx_spi.o
                0x08001290                SPI_Init
 .text.SPI_StructInit
                0x08001318       0x48 obj\debug\spl\src\stm32f4xx_spi.o
                0x08001318                SPI_StructInit
 .text.SYSCFG_EXTILineConfig
                0x08001360       0x7c obj\debug\spl\src\stm32f4xx_syscfg.o
                0x08001360                SYSCFG_EXTILineConfig
 .text.TIM_TimeBaseInit
                0x080013dc       0xd4 obj\debug\spl\src\stm32f4xx_tim.o
                0x080013dc                TIM_TimeBaseInit
 .text.TIM_SetCounter
                0x080014b0       0x1c obj\debug\spl\src\stm32f4xx_tim.o
                0x080014b0                TIM_SetCounter
 .text.TIM_SetClockDivision
                0x080014cc       0x38 obj\debug\spl\src\stm32f4xx_tim.o
                0x080014cc                TIM_SetClockDivision
 .text.TIM_Cmd  0x08001504       0x40 obj\debug\spl\src\stm32f4xx_tim.o
                0x08001504                TIM_Cmd
 .text.TIM_ITConfig
                0x08001544       0x48 obj\debug\spl\src\stm32f4xx_tim.o
                0x08001544                TIM_ITConfig
 .text.TIM_GetITStatus
                0x0800158c       0x54 obj\debug\spl\src\stm32f4xx_tim.o
                0x0800158c                TIM_GetITStatus
 .text.TIM_ClearITPendingBit
                0x080015e0       0x20 obj\debug\spl\src\stm32f4xx_tim.o
                0x080015e0                TIM_ClearITPendingBit
 .text.USART_DeInit
                0x08001600       0xd0 obj\debug\spl\src\stm32f4xx_usart.o
                0x08001600                USART_DeInit
 .text.USART_Init
                0x080016d0      0x174 obj\debug\spl\src\stm32f4xx_usart.o
                0x080016d0                USART_Init
 .text          0x08001844      0x168 obj\debug\src\comm\bluetooth.o
                0x0800185c                usart_packet_cback(BluetoothData*)
                0x0800188c                TM_USART3_ReceiveHandler
                0x08001938                BluetoothManager::init()
                0x08001964                BluetoothManager::rx_timeout()
                0x08001984                BluetoothManager::sendPacket(BluetoothData*)
 .text._ZN16BluetoothManager3getEv
                0x080019ac       0x40 obj\debug\src\comm\bluetooth.o
                0x080019ac                BluetoothManager::get()
 .text._ZN16BluetoothManager7getDataEv
                0x080019ec       0x18 obj\debug\src\comm\bluetooth.o
                0x080019ec                BluetoothManager::getData()
 .text._ZN16BluetoothManager10flush_dataEv
                0x08001a04       0x24 obj\debug\src\comm\bluetooth.o
                0x08001a04                BluetoothManager::flush_data()
 .text._ZN16BluetoothManagerC2Ev
                0x08001a28       0x24 obj\debug\src\comm\bluetooth.o
                0x08001a28                BluetoothManager::BluetoothManager()
                0x08001a28                BluetoothManager::BluetoothManager()
 .text.TM_USART_Init
                0x08001a4c       0x40 obj\debug\src\comm\tm_stm32f4_usart.o
                0x08001a4c                TM_USART_Init
 .text.TM_USART_Send
                0x08001a8c       0x68 obj\debug\src\comm\tm_stm32f4_usart.o
                0x08001a8c                TM_USART_Send
 .text.TM_USART_InitCustomPinsCallback
                0x08001af4       0x18 obj\debug\src\comm\tm_stm32f4_usart.o
                0x08001af4                TM_USART_InitCustomPinsCallback
 .text.TM_USART_INT_GetUsart
                0x08001b0c       0x30 obj\debug\src\comm\tm_stm32f4_usart.o
                0x08001b0c                TM_USART_INT_GetUsart
 .text.TM_USART_INT_GetSubPriority
                0x08001b3c       0x2c obj\debug\src\comm\tm_stm32f4_usart.o
                0x08001b3c                TM_USART_INT_GetSubPriority
 .text.TM_USART3_InitPins
                0x08001b68       0x84 obj\debug\src\comm\tm_stm32f4_usart.o
                0x08001b68                TM_USART3_InitPins
 .text.USART3_IRQHandler
                0x08001bec       0x28 obj\debug\src\comm\tm_stm32f4_usart.o
                0x08001bec                USART3_IRQHandler
 .text.TM_USART_INT_Init
                0x08001c14       0xd4 obj\debug\src\comm\tm_stm32f4_usart.o
 .text.TM_RTC_Init
                0x08001ce8      0x120 obj\debug\src\drivers\rtc\tm_stm32f4_rtc.o
                0x08001ce8                TM_RTC_Init
 .text.TM_RTC_SetDateTime
                0x08001e08      0x284 obj\debug\src\drivers\rtc\tm_stm32f4_rtc.o
                0x08001e08                TM_RTC_SetDateTime
 .text.TM_RTC_SetDateTimeString
                0x0800208c      0x21c obj\debug\src\drivers\rtc\tm_stm32f4_rtc.o
                0x0800208c                TM_RTC_SetDateTimeString
 .text.TM_RTC_GetDateTime
                0x080022a8       0xa0 obj\debug\src\drivers\rtc\tm_stm32f4_rtc.o
                0x080022a8                TM_RTC_GetDateTime
 .text.TM_RTC_Config
                0x08002348       0x78 obj\debug\src\drivers\rtc\tm_stm32f4_rtc.o
                0x08002348                TM_RTC_Config
 .text.TM_RTC_Interrupts
                0x080023c0      0x140 obj\debug\src\drivers\rtc\tm_stm32f4_rtc.o
                0x080023c0                TM_RTC_Interrupts
 .text.TM_RTC_GetUnixTimeStamp
                0x08002500      0x164 obj\debug\src\drivers\rtc\tm_stm32f4_rtc.o
                0x08002500                TM_RTC_GetUnixTimeStamp
 .text.TM_RTC_AlarmAHandler
                0x08002664        0xc obj\debug\src\drivers\rtc\tm_stm32f4_rtc.o
                0x08002664                TM_RTC_AlarmAHandler
 .text.TM_RTC_AlarmBHandler
                0x08002670        0xc obj\debug\src\drivers\rtc\tm_stm32f4_rtc.o
                0x08002670                TM_RTC_AlarmBHandler
 .text.RTC_WKUP_IRQHandler
                0x0800267c       0x2c obj\debug\src\drivers\rtc\tm_stm32f4_rtc.o
                0x0800267c                RTC_WKUP_IRQHandler
 .text.RTC_Alarm_IRQHandler
                0x080026a8       0x48 obj\debug\src\drivers\rtc\tm_stm32f4_rtc.o
                0x080026a8                RTC_Alarm_IRQHandler
 .text.TIM2_IRQHandler
                0x080026f0       0xf8 obj\debug\src\drivers\sdcard\tm_stm32f4_delay.o
                0x080026f0                TIM2_IRQHandler
 .text.TM_GPIO_Init
                0x080027e8       0x38 obj\debug\src\drivers\sdcard\tm_stm32f4_gpio.o
                0x080027e8                TM_GPIO_Init
 .text.TM_GPIO_InitAlternate
                0x08002820       0x98 obj\debug\src\drivers\sdcard\tm_stm32f4_gpio.o
                0x08002820                TM_GPIO_InitAlternate
 .text.TM_GPIO_GetPortSource
                0x080028b8       0x24 obj\debug\src\drivers\sdcard\tm_stm32f4_gpio.o
                0x080028b8                TM_GPIO_GetPortSource
 .text.TM_GPIO_INT_EnableClock
                0x080028dc       0x2c obj\debug\src\drivers\sdcard\tm_stm32f4_gpio.o
                0x080028dc                TM_GPIO_INT_EnableClock
 .text.TM_GPIO_INT_Init
                0x08002908       0xfc obj\debug\src\drivers\sdcard\tm_stm32f4_gpio.o
                0x08002908                TM_GPIO_INT_Init
 .text          0x08002a04      0x2bc obj\debug\src\drivers\tlc5941\leddriver.o
                0x08002a1c                LedDriver::LedDriver()
                0x08002a1c                LedDriver::LedDriver()
                0x08002a44                LedDriver::sendGreyScaleData()
                0x08002ac4                LedDriver::sendDotCorrectionData()
                0x08002b40                LedDriver::enable()
                0x08002b98                LedDriver::disable()
                0x08002bac                TM_DMA_HalfTransferCompleteHandler
                0x08002be0                TM_DMA_TransferErrorHandler
                0x08002c14                TM_DMA_TransferCompleteHandler
 .text._ZN7ColourTC2Ev
                0x08002cc0       0x18 obj\debug\src\drivers\tlc5941\leddriver.o
                0x08002cc0                ColourT::ColourT()
                0x08002cc0                ColourT::ColourT()
 .text._ZN12ClockManagerC2Ev
                0x08002cd8       0x54 obj\debug\src\drivers\tlc5941\leddriver.o
                0x08002cd8                ClockManager::ClockManager()
                0x08002cd8                ClockManager::ClockManager()
 .text._ZN13SegmentBufferC2Ev
                0x08002d2c       0x38 obj\debug\src\drivers\tlc5941\leddriver.o
                0x08002d2c                SegmentBuffer::SegmentBuffer()
                0x08002d2c                SegmentBuffer::SegmentBuffer()
 .text._ZN13SegmentBuffer11sizeInBytesEv
                0x08002d64       0x10 obj\debug\src\drivers\tlc5941\leddriver.o
                0x08002d64                SegmentBuffer::sizeInBytes()
 .text._ZN13SegmentBuffer10getPointerEv
                0x08002d74       0x1c obj\debug\src\drivers\tlc5941\leddriver.o
                0x08002d74                SegmentBuffer::getPointer()
 .text._ZNSt5arrayI13SegmentBufferLj72EEC2Ev
                0x08002d90       0x2c obj\debug\src\drivers\tlc5941\leddriver.o
                0x08002d90                std::array<SegmentBuffer, 72u>::array()
                0x08002d90                std::array<SegmentBuffer, 72u>::array()
 .text._ZN11ImageBufferC2Ev
                0x08002dbc       0x1c obj\debug\src\drivers\tlc5941\leddriver.o
                0x08002dbc                ImageBuffer::ImageBuffer()
                0x08002dbc                ImageBuffer::ImageBuffer()
 .text._ZN11ImageBuffer10getSegmentEi
                0x08002dd8       0x20 obj\debug\src\drivers\tlc5941\leddriver.o
                0x08002dd8                ImageBuffer::getSegment(int)
 .text._ZN17DotCorrectionDataC2Ev
                0x08002df8       0x38 obj\debug\src\drivers\tlc5941\leddriver.o
                0x08002df8                DotCorrectionData::DotCorrectionData()
                0x08002df8                DotCorrectionData::DotCorrectionData()
 .text._ZNKSt5arrayIhLj72EE4sizeEv
                0x08002e30       0x18 obj\debug\src\drivers\tlc5941\leddriver.o
                0x08002e30                std::array<unsigned char, 72u>::size() const
 .text._ZNK17DotCorrectionData4sizeEv
                0x08002e48       0x1c obj\debug\src\drivers\tlc5941\leddriver.o
                0x08002e48                DotCorrectionData::size() const
 .text._ZN17DotCorrectionData10getPointerEv
                0x08002e64       0x1c obj\debug\src\drivers\tlc5941\leddriver.o
                0x08002e64                DotCorrectionData::getPointer()
 .text._ZN9LedDriver4modeEv
                0x08002e80       0x18 obj\debug\src\drivers\tlc5941\leddriver.o
                0x08002e80                LedDriver::mode()
 .text._ZN9LedDriver15goToNextSegmentEv
                0x08002e98       0x1c obj\debug\src\drivers\tlc5941\leddriver.o
                0x08002e98                LedDriver::goToNextSegment()
 .text._ZN14MessageManagerC2Ev
                0x08002eb4       0x24 obj\debug\src\drivers\tlc5941\leddriver.o
                0x08002eb4                MessageManager::MessageManager()
                0x08002eb4                MessageManager::MessageManager()
 .text._ZN12PropellerManC2Ev
                0x08002ed8       0x54 obj\debug\src\drivers\tlc5941\leddriver.o
                0x08002ed8                PropellerMan::PropellerMan()
                0x08002ed8                PropellerMan::PropellerMan()
 .text._ZN12PropellerMan3getEv
                0x08002f2c       0x40 obj\debug\src\drivers\tlc5941\leddriver.o
                0x08002f2c                PropellerMan::get()
 .text._ZN12PropellerMan12getLedDriverEv
                0x08002f6c       0x18 obj\debug\src\drivers\tlc5941\leddriver.o
                0x08002f6c                PropellerMan::getLedDriver()
 .text._Z14GPIO_PulsePinsP12GPIO_TypeDefti
                0x08002f84       0x28 obj\debug\src\drivers\tlc5941\leddriver.o
                0x08002f84                GPIO_PulsePins(GPIO_TypeDef*, unsigned short, int)
 .text._ZNSt5arrayIhLj144EE5beginEv
                0x08002fac       0x18 obj\debug\src\drivers\tlc5941\leddriver.o
                0x08002fac                std::array<unsigned char, 144u>::begin()
 .text._ZNSt5arrayIhLj144EE3endEv
                0x08002fc4       0x1c obj\debug\src\drivers\tlc5941\leddriver.o
                0x08002fc4                std::array<unsigned char, 144u>::end()
 .text._ZSt4fillIPhiEvT_S1_RKT0_
                0x08002fe0       0x2c obj\debug\src\drivers\tlc5941\leddriver.o
                0x08002fe0                void std::fill<unsigned char*, int>(unsigned char*, unsigned char*, int const&)
 .text._ZNSt14__array_traitsIhLj144EE6_S_refERA144_Khj
                0x0800300c       0x1c obj\debug\src\drivers\tlc5941\leddriver.o
                0x0800300c                std::__array_traits<unsigned char, 144u>::_S_ref(unsigned char const (&) [144], unsigned int)
 .text._ZNSt5arrayIhLj144EE4dataEv
                0x08003028       0x24 obj\debug\src\drivers\tlc5941\leddriver.o
                0x08003028                std::array<unsigned char, 144u>::data()
 .text._ZNSt14__array_traitsI13SegmentBufferLj72EE6_S_refERA72_KS0_j
                0x0800304c       0x24 obj\debug\src\drivers\tlc5941\leddriver.o
                0x0800304c                std::__array_traits<SegmentBuffer, 72u>::_S_ref(SegmentBuffer const (&) [72], unsigned int)
 .text._ZNSt5arrayI13SegmentBufferLj72EEixEj
                0x08003070       0x20 obj\debug\src\drivers\tlc5941\leddriver.o
                0x08003070                std::array<SegmentBuffer, 72u>::operator[](unsigned int)
 .text._ZNSt5arrayIhLj72EE5beginEv
                0x08003090       0x18 obj\debug\src\drivers\tlc5941\leddriver.o
                0x08003090                std::array<unsigned char, 72u>::begin()
 .text._ZNSt5arrayIhLj72EE3endEv
                0x080030a8       0x1c obj\debug\src\drivers\tlc5941\leddriver.o
                0x080030a8                std::array<unsigned char, 72u>::end()
 .text._ZNSt14__array_traitsIhLj72EE6_S_refERA72_Khj
                0x080030c4       0x1c obj\debug\src\drivers\tlc5941\leddriver.o
                0x080030c4                std::__array_traits<unsigned char, 72u>::_S_ref(unsigned char const (&) [72], unsigned int)
 .text._ZNSt5arrayIhLj72EE4dataEv
                0x080030e0       0x24 obj\debug\src\drivers\tlc5941\leddriver.o
                0x080030e0                std::array<unsigned char, 72u>::data()
 .text._ZSt12__niter_baseIPhENSt11_Niter_baseIT_E13iterator_typeES2_
                0x08003104       0x18 obj\debug\src\drivers\tlc5941\leddriver.o
                0x08003104                std::_Niter_base<unsigned char*>::iterator_type std::__niter_base<unsigned char*>(unsigned char*)
 .text._ZSt8__fill_aIPhiEN9__gnu_cxx11__enable_ifIXsrSt11__is_scalarIT0_E7__valueEvE6__typeET_S8_RKS4_
                0x0800311c       0x34 obj\debug\src\drivers\tlc5941\leddriver.o
                0x0800311c                __gnu_cxx::__enable_if<std::__is_scalar<int>::__value, void>::__type std::__fill_a<unsigned char*, int>(unsigned char*, unsigned char*, int const&)
 .text._ZSt11__addressofIhEPT_RS0_
                0x08003150       0x18 obj\debug\src\drivers\tlc5941\leddriver.o
                0x08003150                unsigned char* std::__addressof<unsigned char>(unsigned char&)
 .text._ZNSt10_Iter_baseIPhLb0EE7_S_baseES0_
                0x08003168       0x18 obj\debug\src\drivers\tlc5941\leddriver.o
                0x08003168                std::_Iter_base<unsigned char*, false>::_S_base(unsigned char*)
 .text.TM_DMA_ClearFlag
                0x08003180       0x8c obj\debug\src\drivers\tlc5941\tm_stm32f4_dma.o
                0x08003180                TM_DMA_ClearFlag
 .text.TM_DMA_GetFlags
                0x0800320c       0xa4 obj\debug\src\drivers\tlc5941\tm_stm32f4_dma.o
                0x0800320c                TM_DMA_GetFlags
 .text.TM_DMA_EnableInterrupts
                0x080032b0       0xa4 obj\debug\src\drivers\tlc5941\tm_stm32f4_dma.o
                0x080032b0                TM_DMA_EnableInterrupts
 .text.TM_DMA_DirectModeErrorHandler
                0x08003354       0x14 obj\debug\src\drivers\tlc5941\tm_stm32f4_dma.o
                0x08003354                TM_DMA_DirectModeErrorHandler
 .text.TM_DMA_FIFOErrorHandler
                0x08003368       0x14 obj\debug\src\drivers\tlc5941\tm_stm32f4_dma.o
                0x08003368                TM_DMA_FIFOErrorHandler
 .text.TM_DMA_INT_ProcessInterrupt
                0x0800337c       0xb0 obj\debug\src\drivers\tlc5941\tm_stm32f4_dma.o
 .text.DMA1_Stream0_IRQHandler
                0x0800342c       0x10 obj\debug\src\drivers\tlc5941\tm_stm32f4_dma.o
                0x0800342c                DMA1_Stream0_IRQHandler
 .text.DMA1_Stream1_IRQHandler
                0x0800343c       0x10 obj\debug\src\drivers\tlc5941\tm_stm32f4_dma.o
                0x0800343c                DMA1_Stream1_IRQHandler
 .text.DMA1_Stream2_IRQHandler
                0x0800344c       0x10 obj\debug\src\drivers\tlc5941\tm_stm32f4_dma.o
                0x0800344c                DMA1_Stream2_IRQHandler
 .text.DMA1_Stream3_IRQHandler
                0x0800345c       0x10 obj\debug\src\drivers\tlc5941\tm_stm32f4_dma.o
                0x0800345c                DMA1_Stream3_IRQHandler
 .text.DMA1_Stream4_IRQHandler
                0x0800346c       0x10 obj\debug\src\drivers\tlc5941\tm_stm32f4_dma.o
                0x0800346c                DMA1_Stream4_IRQHandler
 .text.DMA1_Stream5_IRQHandler
                0x0800347c       0x10 obj\debug\src\drivers\tlc5941\tm_stm32f4_dma.o
                0x0800347c                DMA1_Stream5_IRQHandler
 .text.DMA1_Stream6_IRQHandler
                0x0800348c       0x10 obj\debug\src\drivers\tlc5941\tm_stm32f4_dma.o
                0x0800348c                DMA1_Stream6_IRQHandler
 .text.DMA1_Stream7_IRQHandler
                0x0800349c       0x10 obj\debug\src\drivers\tlc5941\tm_stm32f4_dma.o
                0x0800349c                DMA1_Stream7_IRQHandler
 .text.DMA2_Stream0_IRQHandler
                0x080034ac       0x10 obj\debug\src\drivers\tlc5941\tm_stm32f4_dma.o
                0x080034ac                DMA2_Stream0_IRQHandler
 .text.DMA2_Stream1_IRQHandler
                0x080034bc       0x10 obj\debug\src\drivers\tlc5941\tm_stm32f4_dma.o
                0x080034bc                DMA2_Stream1_IRQHandler
 .text.DMA2_Stream2_IRQHandler
                0x080034cc       0x10 obj\debug\src\drivers\tlc5941\tm_stm32f4_dma.o
                0x080034cc                DMA2_Stream2_IRQHandler
 .text.DMA2_Stream3_IRQHandler
                0x080034dc       0x10 obj\debug\src\drivers\tlc5941\tm_stm32f4_dma.o
                0x080034dc                DMA2_Stream3_IRQHandler
 .text.DMA2_Stream4_IRQHandler
                0x080034ec       0x10 obj\debug\src\drivers\tlc5941\tm_stm32f4_dma.o
                0x080034ec                DMA2_Stream4_IRQHandler
 .text.DMA2_Stream5_IRQHandler
                0x080034fc       0x10 obj\debug\src\drivers\tlc5941\tm_stm32f4_dma.o
                0x080034fc                DMA2_Stream5_IRQHandler
 .text.DMA2_Stream6_IRQHandler
                0x0800350c       0x10 obj\debug\src\drivers\tlc5941\tm_stm32f4_dma.o
                0x0800350c                DMA2_Stream6_IRQHandler
 .text.DMA2_Stream7_IRQHandler
                0x0800351c       0x10 obj\debug\src\drivers\tlc5941\tm_stm32f4_dma.o
                0x0800351c                DMA2_Stream7_IRQHandler
 .text.TM_SPI_InitFull
                0x0800352c       0x74 obj\debug\src\drivers\tlc5941\tm_stm32f4_spi.o
                0x0800352c                TM_SPI_InitFull
 .text.TM_SPIx_Init
                0x080035a0      0x110 obj\debug\src\drivers\tlc5941\tm_stm32f4_spi.o
 .text.TM_SPI1_INT_InitPins
                0x080036b0       0x5c obj\debug\src\drivers\tlc5941\tm_stm32f4_spi.o
                0x080036b0                TM_SPI1_INT_InitPins
 .text.TM_SPI2_INT_InitPins
                0x0800370c       0x94 obj\debug\src\drivers\tlc5941\tm_stm32f4_spi.o
                0x0800370c                TM_SPI2_INT_InitPins
 .text.TM_SPI3_INT_InitPins
                0x080037a0       0x60 obj\debug\src\drivers\tlc5941\tm_stm32f4_spi.o
                0x080037a0                TM_SPI3_INT_InitPins
 .text.TM_SPI_DMA_Init
                0x08003800       0xa0 obj\debug\src\drivers\tlc5941\tm_stm32f4_spi_dma.o
                0x08003800                TM_SPI_DMA_Init
 .text.TM_SPI_DMA_Transmit
                0x080038a0      0x134 obj\debug\src\drivers\tlc5941\tm_stm32f4_spi_dma.o
                0x080038a0                TM_SPI_DMA_Transmit
 .text.TM_SPI_DMA_Working
                0x080039d4       0x50 obj\debug\src\drivers\tlc5941\tm_stm32f4_spi_dma.o
                0x080039d4                TM_SPI_DMA_Working
 .text.TM_SPI_DMA_GetStreamTX
                0x08003a24       0x1c obj\debug\src\drivers\tlc5941\tm_stm32f4_spi_dma.o
                0x08003a24                TM_SPI_DMA_GetStreamTX
 .text.TM_SPI_DMA_EnableInterrupts
                0x08003a40       0x2c obj\debug\src\drivers\tlc5941\tm_stm32f4_spi_dma.o
                0x08003a40                TM_SPI_DMA_EnableInterrupts
 .text.TM_SPI_DMA_INT_GetSettings
                0x08003a6c       0x54 obj\debug\src\drivers\tlc5941\tm_stm32f4_spi_dma.o
 .text          0x08003ac0      0x1c0 obj\debug\src\main.o
                0x08003ad8                __cxa_guard_acquire
                0x08003afc                __cxa_guard_release
                0x08003b18                main
 .text._ZN7ColourTC2Ettt
                0x08003c80       0x5c obj\debug\src\main.o
                0x08003c80                ColourT::ColourT(unsigned short, unsigned short, unsigned short)
                0x08003c80                ColourT::ColourT(unsigned short, unsigned short, unsigned short)
 .text._ZN7ColourT3redEv
                0x08003cdc       0x20 obj\debug\src\main.o
                0x08003cdc                ColourT::red()
 .text._ZN7ColourT4blueEv
                0x08003cfc       0x34 obj\debug\src\main.o
                0x08003cfc                ColourT::blue()
 .text._ZN7ColourT5greenEv
                0x08003d30       0x34 obj\debug\src\main.o
                0x08003d30                ColourT::green()
 .text._ZN13SegmentBuffer9setColourEij
                0x08003d64      0x118 obj\debug\src\main.o
                0x08003d64                SegmentBuffer::setColour(int, unsigned int)
 .text._ZN13SegmentBuffer8setPixelEi7ColourT
                0x08003e7c       0x6c obj\debug\src\main.o
                0x08003e7c                SegmentBuffer::setPixel(int, ColourT)
 .text._ZN13SegmentBuffer4sizeEv
                0x08003ee8       0x10 obj\debug\src\main.o
                0x08003ee8                SegmentBuffer::size()
 .text._ZN11ImageBufferixEi
                0x08003ef8       0x20 obj\debug\src\main.o
                0x08003ef8                ImageBuffer::operator[](int)
 .text._ZN11ImageBuffer4sizeEv
                0x08003f18       0x10 obj\debug\src\main.o
                0x08003f18                ImageBuffer::size()
 .text._ZN9LedDriver16setDotCorrectionER17DotCorrectionData
                0x08003f28       0x24 obj\debug\src\main.o
                0x08003f28                LedDriver::setDotCorrection(DotCorrectionData&)
 .text._ZN9LedDriver8setImageER11ImageBuffer
                0x08003f4c       0x1c obj\debug\src\main.o
                0x08003f4c                LedDriver::setImage(ImageBuffer&)
 .text._ZN12PropellerMan8setImageER11ImageBuffer
                0x08003f68       0x9c obj\debug\src\main.o
                0x08003f68                PropellerMan::setImage(ImageBuffer&)
 .text._ZN12PropellerMan7setModeE8DrawMode
                0x08004004       0x30 obj\debug\src\main.o
                0x08004004                PropellerMan::setMode(DrawMode)
 .text._ZN12PropellerMan4modeEv
                0x08004034       0x18 obj\debug\src\main.o
                0x08004034                PropellerMan::mode()
 .text._ZNSt5arrayIhLj144EEixEj
                0x0800404c       0x20 obj\debug\src\main.o
                0x0800404c                std::array<unsigned char, 144u>::operator[](unsigned int)
 .text          0x0800406c      0x558 obj\debug\src\propeller\clockmanager.o
                0x08004084                ClockManager::init()
                0x08004148                ClockManager::adjustClockHandles()
                0x080042a4                ClockManager::drawClockFace()
                0x080042f8                ClockManager::disableClockFace()
                0x08004310                ClockManager::moveHourHandle()
                0x08004400                ClockManager::moveMinuteHandle()
                0x080044c4                ClockManager::moveSecondHandle()
                0x08004584                TM_RTC_RequestHandler
 .text._ZN9LedDriver15getCurrentImageEv
                0x080045c4       0x18 obj\debug\src\propeller\clockmanager.o
                0x080045c4                LedDriver::getCurrentImage()
 .text._ZN12PropellerMan11swapBuffersEv
                0x080045dc       0x58 obj\debug\src\propeller\clockmanager.o
                0x080045dc                PropellerMan::swapBuffers()
 .text._ZN12PropellerMan14getUpdateImageEv
                0x08004634       0x38 obj\debug\src\propeller\clockmanager.o
                0x08004634                PropellerMan::getUpdateImage()
 .text          0x0800466c      0x27c obj\debug\src\propeller\frametimemanager.o
                0x08004760                FrameTimeManager::init()
                0x08004780                FrameTimeManager::enable()
                0x0800479c                FrameTimeManager::disable()
                0x080047c0                TIM5_IRQHandler
                0x08004824                EXTI15_10_IRQHandler
 .text._ZN16FrameTimeManager22decrementTimerDivisionEv
                0x080048e8       0x2c obj\debug\src\propeller\frametimemanager.o
                0x080048e8                FrameTimeManager::decrementTimerDivision()
 .text._ZN16FrameTimeManager22incrementTimerDivisionEv
                0x08004914       0x2c obj\debug\src\propeller\frametimemanager.o
                0x08004914                FrameTimeManager::incrementTimerDivision()
 .text._ZN16FrameTimeManager14resetDrawTimerEv
                0x08004940       0x1c obj\debug\src\propeller\frametimemanager.o
                0x08004940                FrameTimeManager::resetDrawTimer()
 .text._ZN12ClockManager17shouldSwapBuffersEv
                0x0800495c       0x30 obj\debug\src\propeller\frametimemanager.o
                0x0800495c                ClockManager::shouldSwapBuffers()
 .text._ZN12ClockManager19notifyBufferSwappedEv
                0x0800498c       0x18 obj\debug\src\propeller\frametimemanager.o
                0x0800498c                ClockManager::notifyBufferSwapped()
 .text._ZN9LedDriver16resetDrawCounterEv
                0x080049a4       0x20 obj\debug\src\propeller\frametimemanager.o
                0x080049a4                LedDriver::resetDrawCounter()
 .text._ZN9LedDriver14getDrawCounterEv
                0x080049c4       0x18 obj\debug\src\propeller\frametimemanager.o
                0x080049c4                LedDriver::getDrawCounter()
 .text._ZN12PropellerMan19getFrameTimeManagerEv
                0x080049dc       0x18 obj\debug\src\propeller\frametimemanager.o
                0x080049dc                PropellerMan::getFrameTimeManager()
 .text._ZN12PropellerMan15getClockManagerEv
                0x080049f4       0x18 obj\debug\src\propeller\frametimemanager.o
                0x080049f4                PropellerMan::getClockManager()
 .text          0x08004a0c      0x220 obj\debug\src\propeller\messagemanager.o
                0x08004a24                MessageManager::init()
                0x08004a6c                translateLetter(ImageBuffer&, char, int, int, ColourT)
                0x08004bcc                MessageManager::display(std::array<unsigned char, 23u>&, int)
 .text._ZNSt14__array_traitsIhLj23EE6_S_refERA23_Khj
                0x08004c2c       0x1c obj\debug\src\propeller\messagemanager.o
                0x08004c2c                std::__array_traits<unsigned char, 23u>::_S_ref(unsigned char const (&) [23], unsigned int)
 .text._ZNKSt5arrayIhLj23EEixEj
                0x08004c48       0x20 obj\debug\src\propeller\messagemanager.o
                0x08004c48                std::array<unsigned char, 23u>::operator[](unsigned int) const
 .text          0x08004c68      0x104 obj\debug\src\propeller\propellermanager.o
                0x08004c80                PropellerMan::run()
 .text._ZN16BluetoothManager8receivedEP13BluetoothData
                0x08004d6c       0x34 obj\debug\src\propeller\propellermanager.o
                0x08004d6c                BluetoothManager::received(BluetoothData*)
 .text._ZN9LedDriver7setModeE13LedDriverMode
                0x08004da0       0x54 obj\debug\src\propeller\propellermanager.o
                0x08004da0                LedDriver::setMode(LedDriverMode)
 .text          0x08004df4      0x108 obj\debug\src\system\startup_stm32f4xx.o
                0x08004df4                Reset_Handler
                0x08004e3a                NMI_Handler
                0x08004e3c                HardFault_Handler
                0x08004e3e                MemManage_Handler
                0x08004e40                BusFault_Handler
                0x08004e42                UsageFault_Handler
                0x08004e44                SVC_Handler
                0x08004e46                DebugMon_Handler
                0x08004e48                PendSV_Handler
                0x08004e4a                SysTick_Handler
                0x08004e4c                Default_Handler
                0x08004e4e                WWDG_IRQHandler
                0x08004e50                PVD_IRQHandler
                0x08004e52                TAMP_STAMP_IRQHandler
                0x08004e56                FLASH_IRQHandler
                0x08004e58                RCC_IRQHandler
                0x08004e5a                EXTI0_IRQHandler
                0x08004e5c                EXTI1_IRQHandler
                0x08004e5e                EXTI2_IRQHandler
                0x08004e60                EXTI3_IRQHandler
                0x08004e62                EXTI4_IRQHandler
                0x08004e72                ADC_IRQHandler
                0x08004e74                CAN1_TX_IRQHandler
                0x08004e76                CAN1_RX0_IRQHandler
                0x08004e78                CAN1_RX1_IRQHandler
                0x08004e7a                CAN1_SCE_IRQHandler
                0x08004e7c                EXTI9_5_IRQHandler
                0x08004e7e                TIM1_BRK_TIM9_IRQHandler
                0x08004e80                TIM1_UP_TIM10_IRQHandler
                0x08004e82                TIM1_TRG_COM_TIM11_IRQHandler
                0x08004e84                TIM1_CC_IRQHandler
                0x08004e88                TIM3_IRQHandler
                0x08004e8a                TIM4_IRQHandler
                0x08004e8c                I2C1_EV_IRQHandler
                0x08004e8e                I2C1_ER_IRQHandler
                0x08004e90                I2C2_EV_IRQHandler
                0x08004e92                I2C2_ER_IRQHandler
                0x08004e94                SPI1_IRQHandler
                0x08004e96                SPI2_IRQHandler
                0x08004e98                USART1_IRQHandler
                0x08004e9a                USART2_IRQHandler
                0x08004ea2                OTG_FS_WKUP_IRQHandler
                0x08004ea4                TIM8_BRK_TIM12_IRQHandler
                0x08004ea6                TIM8_UP_TIM13_IRQHandler
                0x08004ea8                TIM8_TRG_COM_TIM14_IRQHandler
                0x08004eaa                TIM8_CC_IRQHandler
                0x08004eae                FSMC_IRQHandler
                0x08004eb0                SDIO_IRQHandler
                0x08004eb4                SPI3_IRQHandler
                0x08004eb6                UART4_IRQHandler
                0x08004eb8                UART5_IRQHandler
                0x08004eba                TIM6_DAC_IRQHandler
                0x08004ebc                TIM7_IRQHandler
                0x08004ec8                ETH_IRQHandler
                0x08004eca                ETH_WKUP_IRQHandler
                0x08004ecc                CAN2_TX_IRQHandler
                0x08004ece                CAN2_RX0_IRQHandler
                0x08004ed0                CAN2_RX1_IRQHandler
                0x08004ed2                CAN2_SCE_IRQHandler
                0x08004ed4                OTG_FS_IRQHandler
                0x08004edc                USART6_IRQHandler
                0x08004ede                I2C3_EV_IRQHandler
                0x08004ee0                I2C3_ER_IRQHandler
                0x08004ee2                OTG_HS_EP1_OUT_IRQHandler
                0x08004ee4                OTG_HS_EP1_IN_IRQHandler
                0x08004ee6                OTG_HS_WKUP_IRQHandler
                0x08004ee8                OTG_HS_IRQHandler
                0x08004eea                DCMI_IRQHandler
                0x08004eec                CRYP_IRQHandler
                0x08004eee                HASH_RNG_IRQHandler
                0x08004ef0                FPU_IRQHandler
 .text.SystemInit
                0x08004efc       0x68 obj\debug\src\system\system_stm32f4xx.o
                0x08004efc                SystemInit
 .text.SystemCoreClockUpdate
                0x08004f64       0xf8 obj\debug\src\system\system_stm32f4xx.o
                0x08004f64                SystemCoreClockUpdate
 .text.SetSysClock
                0x0800505c       0xf4 obj\debug\src\system\system_stm32f4xx.o
 .text.findslot
                0x08005150       0x34 c:/program files (x86)/embitz/0.42/share/em_armgcc/bin/../lib/gcc/arm-none-eabi/4.8.4/../../../../arm-none-eabi/lib/armv7e-m/fpu\librdimon_n.a(rdimon-syscalls.o)
 .text.error    0x08005184       0x1c c:/program files (x86)/embitz/0.42/share/em_armgcc/bin/../lib/gcc/arm-none-eabi/4.8.4/../../../../arm-none-eabi/lib/armv7e-m/fpu\librdimon_n.a(rdimon-syscalls.o)
 .text.checkerror
                0x080051a0        0xa c:/program files (x86)/embitz/0.42/share/em_armgcc/bin/../lib/gcc/arm-none-eabi/4.8.4/../../../../arm-none-eabi/lib/armv7e-m/fpu\librdimon_n.a(rdimon-syscalls.o)
 *fill*         0x080051aa        0x2 
 .text.initialise_monitor_handles
                0x080051ac       0x9c c:/program files (x86)/embitz/0.42/share/em_armgcc/bin/../lib/gcc/arm-none-eabi/4.8.4/../../../../arm-none-eabi/lib/armv7e-m/fpu\librdimon_n.a(rdimon-syscalls.o)
                0x080051ac                initialise_monitor_handles
 .text._swiread
                0x08005248       0x20 c:/program files (x86)/embitz/0.42/share/em_armgcc/bin/../lib/gcc/arm-none-eabi/4.8.4/../../../../arm-none-eabi/lib/armv7e-m/fpu\librdimon_n.a(rdimon-syscalls.o)
                0x08005248                _swiread
 .text._read    0x08005268       0x34 c:/program files (x86)/embitz/0.42/share/em_armgcc/bin/../lib/gcc/arm-none-eabi/4.8.4/../../../../arm-none-eabi/lib/armv7e-m/fpu\librdimon_n.a(rdimon-syscalls.o)
                0x08005268                _read
 .text._swilseek
                0x0800529c       0x7e c:/program files (x86)/embitz/0.42/share/em_armgcc/bin/../lib/gcc/arm-none-eabi/4.8.4/../../../../arm-none-eabi/lib/armv7e-m/fpu\librdimon_n.a(rdimon-syscalls.o)
                0x0800529c                _swilseek
 .text._lseek   0x0800531a        0x4 c:/program files (x86)/embitz/0.42/share/em_armgcc/bin/../lib/gcc/arm-none-eabi/4.8.4/../../../../arm-none-eabi/lib/armv7e-m/fpu\librdimon_n.a(rdimon-syscalls.o)
                0x0800531a                _lseek
 .text._swiwrite
                0x0800531e       0x20 c:/program files (x86)/embitz/0.42/share/em_armgcc/bin/../lib/gcc/arm-none-eabi/4.8.4/../../../../arm-none-eabi/lib/armv7e-m/fpu\librdimon_n.a(rdimon-syscalls.o)
                0x0800531e                _swiwrite
 .text._write   0x0800533e       0x42 c:/program files (x86)/embitz/0.42/share/em_armgcc/bin/../lib/gcc/arm-none-eabi/4.8.4/../../../../arm-none-eabi/lib/armv7e-m/fpu\librdimon_n.a(rdimon-syscalls.o)
                0x0800533e                _write
 .text._swiclose
                0x08005380       0x1c c:/program files (x86)/embitz/0.42/share/em_armgcc/bin/../lib/gcc/arm-none-eabi/4.8.4/../../../../arm-none-eabi/lib/armv7e-m/fpu\librdimon_n.a(rdimon-syscalls.o)
                0x08005380                _swiclose
 .text._close   0x0800539c       0x48 c:/program files (x86)/embitz/0.42/share/em_armgcc/bin/../lib/gcc/arm-none-eabi/4.8.4/../../../../arm-none-eabi/lib/armv7e-m/fpu\librdimon_n.a(rdimon-syscalls.o)
                0x0800539c                _close
 .text._sbrk    0x080053e4       0x34 c:/program files (x86)/embitz/0.42/share/em_armgcc/bin/../lib/gcc/arm-none-eabi/4.8.4/../../../../arm-none-eabi/lib/armv7e-m/fpu\librdimon_n.a(rdimon-syscalls.o)
                0x080053e4                _sbrk
 .text._swistat
                0x08005418       0x42 c:/program files (x86)/embitz/0.42/share/em_armgcc/bin/../lib/gcc/arm-none-eabi/4.8.4/../../../../arm-none-eabi/lib/armv7e-m/fpu\librdimon_n.a(rdimon-syscalls.o)
                0x08005418                _swistat
 .text._fstat   0x0800545a       0x1c c:/program files (x86)/embitz/0.42/share/em_armgcc/bin/../lib/gcc/arm-none-eabi/4.8.4/../../../../arm-none-eabi/lib/armv7e-m/fpu\librdimon_n.a(rdimon-syscalls.o)
                0x0800545a                _fstat
 .text._isatty  0x08005476       0x38 c:/program files (x86)/embitz/0.42/share/em_armgcc/bin/../lib/gcc/arm-none-eabi/4.8.4/../../../../arm-none-eabi/lib/armv7e-m/fpu\librdimon_n.a(rdimon-syscalls.o)
                0x08005476                _isatty
 *fill*         0x080054ae        0x2 
 .text.__errno  0x080054b0        0xc c:/program files (x86)/embitz/0.42/share/em_armgcc/bin/../lib/gcc/arm-none-eabi/4.8.4/../../../../arm-none-eabi/lib/armv7e-m/fpu\libg_n.a(lib_a-errno.o)
                0x080054b0                __errno
 .text.exit     0x080054bc       0x28 c:/program files (x86)/embitz/0.42/share/em_armgcc/bin/../lib/gcc/arm-none-eabi/4.8.4/../../../../arm-none-eabi/lib/armv7e-m/fpu\libg_n.a(lib_a-exit.o)
                0x080054bc                exit
 .text._cleanup_r
                0x080054e4       0x32 c:/program files (x86)/embitz/0.42/share/em_armgcc/bin/../lib/gcc/arm-none-eabi/4.8.4/../../../../arm-none-eabi/lib/armv7e-m/fpu\libg_n.a(lib_a-findfp.o)
                0x080054e4                _cleanup_r
 *fill*         0x08005516        0x2 
 .text.std.isra.0
                0x08005518       0x48 c:/program files (x86)/embitz/0.42/share/em_armgcc/bin/../lib/gcc/arm-none-eabi/4.8.4/../../../../arm-none-eabi/lib/armv7e-m/fpu\libg_n.a(lib_a-findfp.o)
 .text.__sfmoreglue
                0x08005560       0x2c c:/program files (x86)/embitz/0.42/share/em_armgcc/bin/../lib/gcc/arm-none-eabi/4.8.4/../../../../arm-none-eabi/lib/armv7e-m/fpu\libg_n.a(lib_a-findfp.o)
                0x08005560                __sfmoreglue
 .text.__sinit  0x0800558c       0x60 c:/program files (x86)/embitz/0.42/share/em_armgcc/bin/../lib/gcc/arm-none-eabi/4.8.4/../../../../arm-none-eabi/lib/armv7e-m/fpu\libg_n.a(lib_a-findfp.o)
                0x0800558c                __sinit
 .text.__sfp    0x080055ec       0x74 c:/program files (x86)/embitz/0.42/share/em_armgcc/bin/../lib/gcc/arm-none-eabi/4.8.4/../../../../arm-none-eabi/lib/armv7e-m/fpu\libg_n.a(lib_a-findfp.o)
                0x080055ec                __sfp
 .text.__libc_init_array
                0x08005660       0x4c c:/program files (x86)/embitz/0.42/share/em_armgcc/bin/../lib/gcc/arm-none-eabi/4.8.4/../../../../arm-none-eabi/lib/armv7e-m/fpu\libg_n.a(lib_a-init.o)
                0x08005660                __libc_init_array
 .text.memcpy   0x080056ac       0x12 c:/program files (x86)/embitz/0.42/share/em_armgcc/bin/../lib/gcc/arm-none-eabi/4.8.4/../../../../arm-none-eabi/lib/armv7e-m/fpu\libg_n.a(lib_a-memcpy-stub.o)
                0x080056ac                memcpy
 .text.memset   0x080056be       0x10 c:/program files (x86)/embitz/0.42/share/em_armgcc/bin/../lib/gcc/arm-none-eabi/4.8.4/../../../../arm-none-eabi/lib/armv7e-m/fpu\libg_n.a(lib_a-memset.o)
                0x080056be                memset
 *fill*         0x080056ce        0x2 
 .text._free_r  0x080056d0       0x88 c:/program files (x86)/embitz/0.42/share/em_armgcc/bin/../lib/gcc/arm-none-eabi/4.8.4/../../../../arm-none-eabi/lib/armv7e-m/fpu\libg_n.a(lib_a-nano-freer.o)
                0x080056d0                _free_r
 .text._malloc_r
                0x08005758       0xa8 c:/program files (x86)/embitz/0.42/share/em_armgcc/bin/../lib/gcc/arm-none-eabi/4.8.4/../../../../arm-none-eabi/lib/armv7e-m/fpu\libg_n.a(lib_a-nano-mallocr.o)
                0x08005758                _malloc_r
 .text.printf   0x08005800       0x30 c:/program files (x86)/embitz/0.42/share/em_armgcc/bin/../lib/gcc/arm-none-eabi/4.8.4/../../../../arm-none-eabi/lib/armv7e-m/fpu\libg_n.a(lib_a-printf.o)
                0x08005800                iprintf
                0x08005800                printf
 .text._puts_r  0x08005830       0xc0 c:/program files (x86)/embitz/0.42/share/em_armgcc/bin/../lib/gcc/arm-none-eabi/4.8.4/../../../../arm-none-eabi/lib/armv7e-m/fpu\libg_n.a(lib_a-puts.o)
                0x08005830                _puts_r
 .text.puts     0x080058f0       0x10 c:/program files (x86)/embitz/0.42/share/em_armgcc/bin/../lib/gcc/arm-none-eabi/4.8.4/../../../../arm-none-eabi/lib/armv7e-m/fpu\libg_n.a(lib_a-puts.o)
                0x080058f0                puts
 .text._sbrk_r  0x08005900       0x20 c:/program files (x86)/embitz/0.42/share/em_armgcc/bin/../lib/gcc/arm-none-eabi/4.8.4/../../../../arm-none-eabi/lib/armv7e-m/fpu\libg_n.a(lib_a-sbrkr.o)
                0x08005900                _sbrk_r
 .text.__sread  0x08005920       0x22 c:/program files (x86)/embitz/0.42/share/em_armgcc/bin/../lib/gcc/arm-none-eabi/4.8.4/../../../../arm-none-eabi/lib/armv7e-m/fpu\libg_n.a(lib_a-stdio.o)
                0x08005920                __sread
 .text.__swrite
                0x08005942       0x38 c:/program files (x86)/embitz/0.42/share/em_armgcc/bin/../lib/gcc/arm-none-eabi/4.8.4/../../../../arm-none-eabi/lib/armv7e-m/fpu\libg_n.a(lib_a-stdio.o)
                0x08005942                __swrite
 .text.__sseek  0x0800597a       0x24 c:/program files (x86)/embitz/0.42/share/em_armgcc/bin/../lib/gcc/arm-none-eabi/4.8.4/../../../../arm-none-eabi/lib/armv7e-m/fpu\libg_n.a(lib_a-stdio.o)
                0x0800597a                __sseek
 .text.__sclose
                0x0800599e        0x8 c:/program files (x86)/embitz/0.42/share/em_armgcc/bin/../lib/gcc/arm-none-eabi/4.8.4/../../../../arm-none-eabi/lib/armv7e-m/fpu\libg_n.a(lib_a-stdio.o)
                0x0800599e                __sclose
 .text.strlen   0x080059a6       0x10 c:/program files (x86)/embitz/0.42/share/em_armgcc/bin/../lib/gcc/arm-none-eabi/4.8.4/../../../../arm-none-eabi/lib/armv7e-m/fpu\libg_n.a(lib_a-strlen.o)
                0x080059a6                strlen
 .text.__sfputc_r
                0x080059b6       0x2c c:/program files (x86)/embitz/0.42/share/em_armgcc/bin/../lib/gcc/arm-none-eabi/4.8.4/../../../../arm-none-eabi/lib/armv7e-m/fpu\libg_n.a(lib_a-vfprintf.o)
 .text.__sfputs_r
                0x080059e2       0x24 c:/program files (x86)/embitz/0.42/share/em_armgcc/bin/../lib/gcc/arm-none-eabi/4.8.4/../../../../arm-none-eabi/lib/armv7e-m/fpu\libg_n.a(lib_a-vfprintf.o)
                0x080059e2                __sfputs_r
 *fill*         0x08005a06        0x2 
 .text._vfprintf_r
                0x08005a08      0x208 c:/program files (x86)/embitz/0.42/share/em_armgcc/bin/../lib/gcc/arm-none-eabi/4.8.4/../../../../arm-none-eabi/lib/armv7e-m/fpu\libg_n.a(lib_a-vfprintf.o)
                0x08005a08                _vfprintf_r
                0x08005a08                _vfiprintf_r
 .text._printf_common
                0x08005c10       0xe4 c:/program files (x86)/embitz/0.42/share/em_armgcc/bin/../lib/gcc/arm-none-eabi/4.8.4/../../../../arm-none-eabi/lib/armv7e-m/fpu\libg_n.a(lib_a-vfprintf_i.o)
                0x08005c10                _printf_common
 .text._printf_i
                0x08005cf4      0x228 c:/program files (x86)/embitz/0.42/share/em_armgcc/bin/../lib/gcc/arm-none-eabi/4.8.4/../../../../arm-none-eabi/lib/armv7e-m/fpu\libg_n.a(lib_a-vfprintf_i.o)
                0x08005cf4                _printf_i
 .text.__swbuf_r
                0x08005f1c       0xa8 c:/program files (x86)/embitz/0.42/share/em_armgcc/bin/../lib/gcc/arm-none-eabi/4.8.4/../../../../arm-none-eabi/lib/armv7e-m/fpu\libg_n.a(lib_a-wbuf.o)
                0x08005f1c                __swbuf_r
 .text._write_r
                0x08005fc4       0x24 c:/program files (x86)/embitz/0.42/share/em_armgcc/bin/../lib/gcc/arm-none-eabi/4.8.4/../../../../arm-none-eabi/lib/armv7e-m/fpu\libg_n.a(lib_a-writer.o)
                0x08005fc4                _write_r
 .text.__swsetup_r
                0x08005fe8       0xdc c:/program files (x86)/embitz/0.42/share/em_armgcc/bin/../lib/gcc/arm-none-eabi/4.8.4/../../../../arm-none-eabi/lib/armv7e-m/fpu\libg_n.a(lib_a-wsetup.o)
                0x08005fe8                __swsetup_r
 .text._close_r
                0x080060c4       0x20 c:/program files (x86)/embitz/0.42/share/em_armgcc/bin/../lib/gcc/arm-none-eabi/4.8.4/../../../../arm-none-eabi/lib/armv7e-m/fpu\libg_n.a(lib_a-closer.o)
                0x080060c4                _close_r
 .text.__sflush_r
                0x080060e4      0x106 c:/program files (x86)/embitz/0.42/share/em_armgcc/bin/../lib/gcc/arm-none-eabi/4.8.4/../../../../arm-none-eabi/lib/armv7e-m/fpu\libg_n.a(lib_a-fflush.o)
                0x080060e4                __sflush_r
 *fill*         0x080061ea        0x2 
 .text._fflush_r
                0x080061ec       0x54 c:/program files (x86)/embitz/0.42/share/em_armgcc/bin/../lib/gcc/arm-none-eabi/4.8.4/../../../../arm-none-eabi/lib/armv7e-m/fpu\libg_n.a(lib_a-fflush.o)
                0x080061ec                _fflush_r
 .text._lseek_r
                0x08006240       0x24 c:/program files (x86)/embitz/0.42/share/em_armgcc/bin/../lib/gcc/arm-none-eabi/4.8.4/../../../../arm-none-eabi/lib/armv7e-m/fpu\libg_n.a(lib_a-lseekr.o)
                0x08006240                _lseek_r
 .text.__smakebuf_r
                0x08006264       0x9c c:/program files (x86)/embitz/0.42/share/em_armgcc/bin/../lib/gcc/arm-none-eabi/4.8.4/../../../../arm-none-eabi/lib/armv7e-m/fpu\libg_n.a(lib_a-makebuf.o)
                0x08006264                __smakebuf_r
 .text.memchr   0x08006300       0x1e c:/program files (x86)/embitz/0.42/share/em_armgcc/bin/../lib/gcc/arm-none-eabi/4.8.4/../../../../arm-none-eabi/lib/armv7e-m/fpu\libg_n.a(lib_a-memchr-stub.o)
                0x08006300                memchr
 *fill*         0x0800631e        0x2 
 .text._read_r  0x08006320       0x24 c:/program files (x86)/embitz/0.42/share/em_armgcc/bin/../lib/gcc/arm-none-eabi/4.8.4/../../../../arm-none-eabi/lib/armv7e-m/fpu\libg_n.a(lib_a-readr.o)
                0x08006320                _read_r
 .text._fstat_r
                0x08006344       0x24 c:/program files (x86)/embitz/0.42/share/em_armgcc/bin/../lib/gcc/arm-none-eabi/4.8.4/../../../../arm-none-eabi/lib/armv7e-m/fpu\libg_n.a(lib_a-fstatr.o)
                0x08006344                _fstat_r
 .text._isatty_r
                0x08006368       0x20 c:/program files (x86)/embitz/0.42/share/em_armgcc/bin/../lib/gcc/arm-none-eabi/4.8.4/../../../../arm-none-eabi/lib/armv7e-m/fpu\libg_n.a(lib_a-isattyr.o)
                0x08006368                _isatty_r
 .text._exit    0x08006388        0x8 c:/program files (x86)/embitz/0.42/share/em_armgcc/bin/../lib/gcc/arm-none-eabi/4.8.4/../../../../arm-none-eabi/lib/armv7e-m/fpu\librdimon_n.a(rdimon-_exit.o)
                0x08006388                _exit
 .text._kill    0x08006390       0x20 c:/program files (x86)/embitz/0.42/share/em_armgcc/bin/../lib/gcc/arm-none-eabi/4.8.4/../../../../arm-none-eabi/lib/armv7e-m/fpu\librdimon_n.a(rdimon-_kill.o)
                0x08006390                _kill
 *(.init)
 .init          0x080063b0        0x4 c:/program files (x86)/embitz/0.42/share/em_armgcc/bin/../lib/gcc/arm-none-eabi/4.8.4/armv7e-m/fpu/crti.o
                0x080063b0                _init
 .init          0x080063b4        0x8 c:/program files (x86)/embitz/0.42/share/em_armgcc/bin/../lib/gcc/arm-none-eabi/4.8.4/armv7e-m/fpu/crtn.o
 *(.fini)
 .fini          0x080063bc        0x4 c:/program files (x86)/embitz/0.42/share/em_armgcc/bin/../lib/gcc/arm-none-eabi/4.8.4/armv7e-m/fpu/crti.o
                0x080063bc                _fini
 .fini          0x080063c0        0x8 c:/program files (x86)/embitz/0.42/share/em_armgcc/bin/../lib/gcc/arm-none-eabi/4.8.4/armv7e-m/fpu/crtn.o
 *crtbegin.o(.ctors)
 *crtbegin?.o(.ctors)
 *(EXCLUDE_FILE(*crtend.o *crtend?.o) .ctors)
 *(SORT(.ctors.*))
 *(.ctors)
 *crtbegin.o(.dtors)
 *crtbegin?.o(.dtors)
 *(EXCLUDE_FILE(*crtend.o *crtend?.o) .dtors)
 *(SORT(.dtors.*))
 *(.dtors)
 *(.rodata*)
 .rodata        0x080063c8       0xe4 obj\debug\src\drivers\tlc5941\leddriver.o
 .rodata.DMA_Flags_Bit_Pos
                0x080064ac        0x4 obj\debug\src\drivers\tlc5941\tm_stm32f4_dma.o
 .rodata.DMA_IRQs
                0x080064b0       0x10 obj\debug\src\drivers\tlc5941\tm_stm32f4_dma.o
 .rodata        0x080064c0       0x40 obj\debug\src\propeller\clockmanager.o
 .rodata        0x08006500       0x30 obj\debug\src\propeller\frametimemanager.o
 .rodata        0x08006530      0x3a0 obj\debug\src\propeller\messagemanager.o
 .rodata        0x080068d0       0x44 obj\debug\src\propeller\propellermanager.o
 .rodata.str1.1
                0x08006914        0x4 c:/program files (x86)/embitz/0.42/share/em_armgcc/bin/../lib/gcc/arm-none-eabi/4.8.4/../../../../arm-none-eabi/lib/armv7e-m/fpu\librdimon_n.a(rdimon-syscalls.o)
 .rodata.__sf_fake_stdin
                0x08006918       0x20 c:/program files (x86)/embitz/0.42/share/em_armgcc/bin/../lib/gcc/arm-none-eabi/4.8.4/../../../../arm-none-eabi/lib/armv7e-m/fpu\libg_n.a(lib_a-findfp.o)
                0x08006918                __sf_fake_stdin
 .rodata.__sf_fake_stdout
                0x08006938       0x20 c:/program files (x86)/embitz/0.42/share/em_armgcc/bin/../lib/gcc/arm-none-eabi/4.8.4/../../../../arm-none-eabi/lib/armv7e-m/fpu\libg_n.a(lib_a-findfp.o)
                0x08006938                __sf_fake_stdout
 .rodata.__sf_fake_stderr
                0x08006958       0x20 c:/program files (x86)/embitz/0.42/share/em_armgcc/bin/../lib/gcc/arm-none-eabi/4.8.4/../../../../arm-none-eabi/lib/armv7e-m/fpu\libg_n.a(lib_a-findfp.o)
                0x08006958                __sf_fake_stderr
 .rodata.str1.1
                0x08006978        0x2 c:/program files (x86)/embitz/0.42/share/em_armgcc/bin/../lib/gcc/arm-none-eabi/4.8.4/../../../../arm-none-eabi/lib/armv7e-m/fpu\libg_n.a(lib_a-impure.o)
 *fill*         0x0800697a        0x2 
 .rodata._global_impure_ptr
                0x0800697c        0x4 c:/program files (x86)/embitz/0.42/share/em_armgcc/bin/../lib/gcc/arm-none-eabi/4.8.4/../../../../arm-none-eabi/lib/armv7e-m/fpu\libg_n.a(lib_a-impure.o)
                0x0800697c                _global_impure_ptr
 .rodata.str1.1
                0x08006980       0x11 c:/program files (x86)/embitz/0.42/share/em_armgcc/bin/../lib/gcc/arm-none-eabi/4.8.4/../../../../arm-none-eabi/lib/armv7e-m/fpu\libg_n.a(lib_a-vfprintf.o)
 .rodata.str1.1
                0x08006991       0x22 c:/program files (x86)/embitz/0.42/share/em_armgcc/bin/../lib/gcc/arm-none-eabi/4.8.4/../../../../arm-none-eabi/lib/armv7e-m/fpu\libg_n.a(lib_a-vfprintf_i.o)
 *(.eh_frame*)
 *fill*         0x080069b3        0x1 
 .eh_frame      0x080069b4        0x0 c:/program files (x86)/embitz/0.42/share/em_armgcc/bin/../lib/gcc/arm-none-eabi/4.8.4/armv7e-m/fpu/crtbegin.o
 .eh_frame      0x080069b4        0x4 c:/program files (x86)/embitz/0.42/share/em_armgcc/bin/../lib/gcc/arm-none-eabi/4.8.4/armv7e-m/fpu/crtend.o

.glue_7         0x080069b8        0x0
 .glue_7        0x00000000        0x0 linker stubs

.glue_7t        0x080069b8        0x0
 .glue_7t       0x00000000        0x0 linker stubs

.vfp11_veneer   0x080069b8        0x0
 .vfp11_veneer  0x00000000        0x0 linker stubs

.v4_bx          0x080069b8        0x0
 .v4_bx         0x00000000        0x0 linker stubs

.iplt           0x080069b8        0x0
 .iplt          0x00000000        0x0 c:/program files (x86)/embitz/0.42/share/em_armgcc/bin/../lib/gcc/arm-none-eabi/4.8.4/armv7e-m/fpu/crtbegin.o

.ARM.extab
 *(.ARM.extab* .gnu.linkonce.armextab.*)
                0x080069b8                __exidx_start = .

.ARM.exidx      0x080069b8        0x8
 *(.ARM.exidx* .gnu.linkonce.armexidx.*)
 .ARM.exidx     0x080069b8        0x8 c:/program files (x86)/embitz/0.42/share/em_armgcc/bin/../lib/gcc/arm-none-eabi/4.8.4/../../../../arm-none-eabi/lib/armv7e-m/fpu/rdimon-crt0.o
                0x080069c0                __exidx_end = .
                0x080069c0                __etext = .

.rel.dyn        0x080069c0        0x0
 .rel.iplt      0x00000000        0x0 c:/program files (x86)/embitz/0.42/share/em_armgcc/bin/../lib/gcc/arm-none-eabi/4.8.4/armv7e-m/fpu/crtbegin.o

.data           0x20000000      0x210 load address 0x080069c0
                0x20000000                __data_start__ = .
 *(vtable)
 *(.data*)
 .data          0x20000000      0x110 c:/program files (x86)/embitz/0.42/share/em_armgcc/bin/../lib/gcc/arm-none-eabi/4.8.4/../../../../arm-none-eabi/lib/armv7e-m/fpu/rdimon-crt0.o
                0x20000008                __stack_base__
 .data.APBAHBPrescTable
                0x20000110       0x10 obj\debug\spl\src\stm32f4xx_rcc.o
 .data.TM_USART3
                0x20000120       0x10 obj\debug\src\comm\tm_stm32f4_usart.o
                0x20000120                TM_USART3
 .data.TM_RTC_Months
                0x20000130       0x18 obj\debug\src\drivers\rtc\tm_stm32f4_rtc.o
                0x20000130                TM_RTC_Months
 .data.SPI1_DMA_INT
                0x20000148       0x18 obj\debug\src\drivers\tlc5941\tm_stm32f4_spi_dma.o
 .data.SPI2_DMA_INT
                0x20000160       0x18 obj\debug\src\drivers\tlc5941\tm_stm32f4_spi_dma.o
 .data.SPI3_DMA_INT
                0x20000178       0x18 obj\debug\src\drivers\tlc5941\tm_stm32f4_spi_dma.o
 .data.SystemCoreClock
                0x20000190        0x4 obj\debug\src\system\system_stm32f4xx.o
                0x20000190                SystemCoreClock
 .data.AHBPrescTable
                0x20000194       0x10 obj\debug\src\system\system_stm32f4xx.o
                0x20000194                AHBPrescTable
 .data.impure_data
                0x200001a4       0x60 c:/program files (x86)/embitz/0.42/share/em_armgcc/bin/../lib/gcc/arm-none-eabi/4.8.4/../../../../arm-none-eabi/lib/armv7e-m/fpu\libg_n.a(lib_a-impure.o)
 .data._impure_ptr
                0x20000204        0x4 c:/program files (x86)/embitz/0.42/share/em_armgcc/bin/../lib/gcc/arm-none-eabi/4.8.4/../../../../arm-none-eabi/lib/armv7e-m/fpu\libg_n.a(lib_a-impure.o)
                0x20000204                _impure_ptr
                0x20000208                . = ALIGN (0x4)
                0x20000208                PROVIDE (__preinit_array_start, .)
 *(.preinit_array)
                0x20000208                PROVIDE (__preinit_array_end, .)
                0x20000208                . = ALIGN (0x4)
                0x20000208                PROVIDE (__init_array_start, .)
 *(SORT(.init_array.*))
 *(.init_array)
 .init_array    0x20000208        0x4 c:/program files (x86)/embitz/0.42/share/em_armgcc/bin/../lib/gcc/arm-none-eabi/4.8.4/armv7e-m/fpu/crtbegin.o
                0x2000020c                PROVIDE (__init_array_end, .)
                0x2000020c                . = ALIGN (0x4)
                0x2000020c                PROVIDE (__fini_array_start, .)
 *(SORT(.fini_array.*))
 *(.fini_array)
 .fini_array    0x2000020c        0x4 c:/program files (x86)/embitz/0.42/share/em_armgcc/bin/../lib/gcc/arm-none-eabi/4.8.4/armv7e-m/fpu/crtbegin.o
                0x20000210                PROVIDE (__fini_array_end, .)
                0x20000210                . = ALIGN (0x4)
                0x20000210                __data_end__ = .

.jcr            0x20000210        0x0 load address 0x08006bd0
 .jcr           0x20000210        0x0 c:/program files (x86)/embitz/0.42/share/em_armgcc/bin/../lib/gcc/arm-none-eabi/4.8.4/armv7e-m/fpu/crtbegin.o

.igot.plt       0x20000210        0x0 load address 0x08006bd0
 .igot.plt      0x00000000        0x0 c:/program files (x86)/embitz/0.42/share/em_armgcc/bin/../lib/gcc/arm-none-eabi/4.8.4/armv7e-m/fpu/crtbegin.o

.bss            0x20000220     0x5458 load address 0x08006be0
                0x20000220                __bss_start__ = .
 *(.bss*)
 .bss           0x20000220       0x1c c:/program files (x86)/embitz/0.42/share/em_armgcc/bin/../lib/gcc/arm-none-eabi/4.8.4/armv7e-m/fpu/crtbegin.o
 *fill*         0x2000023c        0x4 
 .bss           0x20000240       0x40 obj\debug\src\comm\bluetooth.o
                0x20000260                rx_carrier_ptr
                0x20000264                rx_carrier_ptr_index
                0x20000265                start_flag
 .bss._ZGVZN16BluetoothManager3getEvE8instance
                0x20000280        0x4 obj\debug\src\comm\bluetooth.o
                0x20000280                guard variable for BluetoothManager::get()::instance
 *fill*         0x20000284       0x1c 
 .bss._ZZN16BluetoothManager3getEvE8instance
                0x200002a0       0x40 obj\debug\src\comm\bluetooth.o
                0x200002a0                BluetoothManager::get()::instance
 .bss.TM_RTC_Status
                0x200002e0        0x4 obj\debug\src\drivers\rtc\tm_stm32f4_rtc.o
                0x200002e0                TM_RTC_Status
 .bss.TM_Time   0x200002e4        0x4 obj\debug\src\drivers\sdcard\tm_stm32f4_delay.o
                0x200002e4                TM_Time
 .bss.TM_Time2  0x200002e8        0x4 obj\debug\src\drivers\sdcard\tm_stm32f4_delay.o
                0x200002e8                TM_Time2
 .bss.CustomTimers
                0x200002ec       0x18 obj\debug\src\drivers\sdcard\tm_stm32f4_delay.o
 .bss.GPIO_UsedPins
                0x20000304       0x18 obj\debug\src\drivers\sdcard\tm_stm32f4_gpio.o
 .bss._ZGVZN12PropellerMan3getEvE8instance
                0x2000031c        0x4 obj\debug\src\drivers\tlc5941\leddriver.o
                0x2000031c                guard variable for PropellerMan::get()::instance
 .bss._ZZN12PropellerMan3getEvE8instance
                0x20000320     0x5210 obj\debug\src\drivers\tlc5941\leddriver.o
                0x20000320                PropellerMan::get()::instance
 .bss.DMA_InitStruct
                0x20005530       0x3c obj\debug\src\drivers\tlc5941\tm_stm32f4_spi_dma.o
 .bss           0x2000556c       0x10 obj\debug\src\propeller\clockmanager.o
                0x2000556c                ClockManager::rtcTime
 .bss.monitor_stdout
                0x2000557c        0x4 c:/program files (x86)/embitz/0.42/share/em_armgcc/bin/../lib/gcc/arm-none-eabi/4.8.4/../../../../arm-none-eabi/lib/armv7e-m/fpu\librdimon_n.a(rdimon-syscalls.o)
 .bss.monitor_stdin
                0x20005580        0x4 c:/program files (x86)/embitz/0.42/share/em_armgcc/bin/../lib/gcc/arm-none-eabi/4.8.4/../../../../arm-none-eabi/lib/armv7e-m/fpu\librdimon_n.a(rdimon-syscalls.o)
 .bss.heap_end.5781
                0x20005584        0x4 c:/program files (x86)/embitz/0.42/share/em_armgcc/bin/../lib/gcc/arm-none-eabi/4.8.4/../../../../arm-none-eabi/lib/armv7e-m/fpu\librdimon_n.a(rdimon-syscalls.o)
 .bss.monitor_stderr
                0x20005588        0x4 c:/program files (x86)/embitz/0.42/share/em_armgcc/bin/../lib/gcc/arm-none-eabi/4.8.4/../../../../arm-none-eabi/lib/armv7e-m/fpu\librdimon_n.a(rdimon-syscalls.o)
 .bss.openfiles
                0x2000558c       0xa0 c:/program files (x86)/embitz/0.42/share/em_armgcc/bin/../lib/gcc/arm-none-eabi/4.8.4/../../../../arm-none-eabi/lib/armv7e-m/fpu\librdimon_n.a(rdimon-syscalls.o)
 .bss.__malloc_sbrk_start
                0x2000562c        0x4 c:/program files (x86)/embitz/0.42/share/em_armgcc/bin/../lib/gcc/arm-none-eabi/4.8.4/../../../../arm-none-eabi/lib/armv7e-m/fpu\libg_n.a(lib_a-nano-mallocr.o)
                0x2000562c                __malloc_sbrk_start
 .bss.__malloc_free_list
                0x20005630        0x4 c:/program files (x86)/embitz/0.42/share/em_armgcc/bin/../lib/gcc/arm-none-eabi/4.8.4/../../../../arm-none-eabi/lib/armv7e-m/fpu\libg_n.a(lib_a-nano-mallocr.o)
                0x20005630                __malloc_free_list
 *(COMMON)
 COMMON         0x20005634       0x20 obj\debug\src\comm\tm_stm32f4_usart.o
                0x20005634                TM_USART3_Buffer
 COMMON         0x20005654       0x20 obj\debug\src\drivers\rtc\tm_stm32f4_rtc.o
                0x20005654                RTC_TimeStruct
                0x20005658                RTC_InitStruct
                0x20005664                RTC_DateStruct
                0x20005668                NVIC_InitStruct
                0x2000566c                EXTI_InitStruct
 COMMON         0x20005674        0x4 c:/program files (x86)/embitz/0.42/share/em_armgcc/bin/../lib/gcc/arm-none-eabi/4.8.4/../../../../arm-none-eabi/lib/armv7e-m/fpu\libg_n.a(lib_a-reent.o)
                0x20005674                errno
                0x20005678                __bss_end__ = .

.heap           0x20005678        0x0
                0x20005678                __end__ = .
                0x20005678                end = __end__
 *(.heap*)
 .heap          0x20005678        0x0 obj\debug\src\system\startup_stm32f4xx.o
                0x20005678                __HeapLimit = .

.stack_dummy    0x20005678      0x100
 *(.stack)
 .stack         0x20005678      0x100 obj\debug\src\system\startup_stm32f4xx.o
                0x20020000                __StackTop = (ORIGIN (RAM) + 0x20000)
                0x2001ff00                __StackLimit = (__StackTop - SIZEOF (.stack_dummy))
                0x20020000                PROVIDE (__stack, __StackTop)
                0x00000001                ASSERT ((__StackLimit >= __HeapLimit), region RAM overflowed with stack)
LOAD obj\debug\spl\src\misc.o
LOAD obj\debug\spl\src\stm32f4xx_adc.o
LOAD obj\debug\spl\src\stm32f4xx_can.o
LOAD obj\debug\spl\src\stm32f4xx_crc.o
LOAD obj\debug\spl\src\stm32f4xx_cryp.o
LOAD obj\debug\spl\src\stm32f4xx_cryp_aes.o
LOAD obj\debug\spl\src\stm32f4xx_cryp_des.o
LOAD obj\debug\spl\src\stm32f4xx_cryp_tdes.o
LOAD obj\debug\spl\src\stm32f4xx_dac.o
LOAD obj\debug\spl\src\stm32f4xx_dbgmcu.o
LOAD obj\debug\spl\src\stm32f4xx_dcmi.o
LOAD obj\debug\spl\src\stm32f4xx_dma.o
LOAD obj\debug\spl\src\stm32f4xx_exti.o
LOAD obj\debug\spl\src\stm32f4xx_flash.o
LOAD obj\debug\spl\src\stm32f4xx_fsmc.o
LOAD obj\debug\spl\src\stm32f4xx_gpio.o
LOAD obj\debug\spl\src\stm32f4xx_hash.o
LOAD obj\debug\spl\src\stm32f4xx_hash_md5.o
LOAD obj\debug\spl\src\stm32f4xx_hash_sha1.o
LOAD obj\debug\spl\src\stm32f4xx_i2c.o
LOAD obj\debug\spl\src\stm32f4xx_iwdg.o
LOAD obj\debug\spl\src\stm32f4xx_pwr.o
LOAD obj\debug\spl\src\stm32f4xx_rcc.o
LOAD obj\debug\spl\src\stm32f4xx_rng.o
LOAD obj\debug\spl\src\stm32f4xx_rtc.o
LOAD obj\debug\spl\src\stm32f4xx_sdio.o
LOAD obj\debug\spl\src\stm32f4xx_spi.o
LOAD obj\debug\spl\src\stm32f4xx_syscfg.o
LOAD obj\debug\spl\src\stm32f4xx_tim.o
LOAD obj\debug\spl\src\stm32f4xx_usart.o
LOAD obj\debug\spl\src\stm32f4xx_wwdg.o
LOAD obj\debug\src\comm\bluetooth.o
LOAD obj\debug\src\comm\tm_stm32f4_usart.o
LOAD obj\debug\src\drivers\rtc\tm_stm32f4_rtc.o
LOAD obj\debug\src\drivers\sdcard\ccsbcs.o
LOAD obj\debug\src\drivers\sdcard\fatfs\diskio.o
LOAD obj\debug\src\drivers\sdcard\fatfs\drivers\fatfs_sd.o
LOAD obj\debug\src\drivers\sdcard\fatfs\drivers\fatfs_spi_flash.o
LOAD obj\debug\src\drivers\sdcard\fatfs\ff.o
LOAD obj\debug\src\drivers\sdcard\syscall.o
LOAD obj\debug\src\drivers\sdcard\tm_stm32f4_delay.o
LOAD obj\debug\src\drivers\sdcard\tm_stm32f4_fatfs.o
LOAD obj\debug\src\drivers\sdcard\tm_stm32f4_gpio.o
LOAD obj\debug\src\drivers\sdcard\tm_stm32f4_timer_properties.o
LOAD obj\debug\src\drivers\tlc5941\leddriver.o
LOAD obj\debug\src\drivers\tlc5941\tm_stm32f4_dma.o
LOAD obj\debug\src\drivers\tlc5941\tm_stm32f4_spi.o
LOAD obj\debug\src\drivers\tlc5941\tm_stm32f4_spi_dma.o
LOAD obj\debug\src\graphics\fonts\clockfonts.o
LOAD obj\debug\src\main.o
LOAD obj\debug\src\propeller\clockmanager.o
LOAD obj\debug\src\propeller\frametimemanager.o
LOAD obj\debug\src\propeller\messagemanager.o
LOAD obj\debug\src\propeller\propellermanager.o
LOAD obj\debug\src\system\startup_stm32f4xx.o
LOAD obj\debug\src\system\system_stm32f4xx.o
LOAD c:/program files (x86)/embitz/0.42/share/em_armgcc/bin/../lib/gcc/arm-none-eabi/4.8.4/../../../../arm-none-eabi/lib/armv7e-m/fpu\libstdc++_n.a
LOAD c:/program files (x86)/embitz/0.42/share/em_armgcc/bin/../lib/gcc/arm-none-eabi/4.8.4/../../../../arm-none-eabi/lib/armv7e-m/fpu\librdimon_n.a
START GROUP
LOAD c:/program files (x86)/embitz/0.42/share/em_armgcc/bin/../lib/gcc/arm-none-eabi/4.8.4/armv7e-m/fpu\libgcc.a
LOAD c:/program files (x86)/embitz/0.42/share/em_armgcc/bin/../lib/gcc/arm-none-eabi/4.8.4/../../../../arm-none-eabi/lib/armv7e-m/fpu\libg_n.a
LOAD c:/program files (x86)/embitz/0.42/share/em_armgcc/bin/../lib/gcc/arm-none-eabi/4.8.4/../../../../arm-none-eabi/lib/armv7e-m/fpu\libc_n.a
END GROUP
START GROUP
LOAD c:/program files (x86)/embitz/0.42/share/em_armgcc/bin/../lib/gcc/arm-none-eabi/4.8.4/armv7e-m/fpu\libgcc.a
LOAD c:/program files (x86)/embitz/0.42/share/em_armgcc/bin/../lib/gcc/arm-none-eabi/4.8.4/../../../../arm-none-eabi/lib/armv7e-m/fpu\libc_n.a
LOAD c:/program files (x86)/embitz/0.42/share/em_armgcc/bin/../lib/gcc/arm-none-eabi/4.8.4/../../../../arm-none-eabi/lib/armv7e-m/fpu\librdimon_n.a
LOAD c:/program files (x86)/embitz/0.42/share/em_armgcc/bin/../lib/gcc/arm-none-eabi/4.8.4/../../../../arm-none-eabi/lib/armv7e-m/fpu\libnosys_s.a
END GROUP
START GROUP
LOAD c:/program files (x86)/embitz/0.42/share/em_armgcc/bin/../lib/gcc/arm-none-eabi/4.8.4/armv7e-m/fpu\libgcc.a
LOAD c:/program files (x86)/embitz/0.42/share/em_armgcc/bin/../lib/gcc/arm-none-eabi/4.8.4/../../../../arm-none-eabi/lib/armv7e-m/fpu\libc_n.a
LOAD c:/program files (x86)/embitz/0.42/share/em_armgcc/bin/../lib/gcc/arm-none-eabi/4.8.4/../../../../arm-none-eabi/lib/armv7e-m/fpu\librdimon_n.a
END GROUP
LOAD c:/program files (x86)/embitz/0.42/share/em_armgcc/bin/../lib/gcc/arm-none-eabi/4.8.4/armv7e-m/fpu/crtend.o
LOAD c:/program files (x86)/embitz/0.42/share/em_armgcc/bin/../lib/gcc/arm-none-eabi/4.8.4/armv7e-m/fpu/crtn.o
OUTPUT(bin\Debug\PropellerDisplay.elf elf32-littlearm)

.ARM.attributes
                0x00000000       0x30
 .ARM.attributes
                0x00000000       0x22 c:/program files (x86)/embitz/0.42/share/em_armgcc/bin/../lib/gcc/arm-none-eabi/4.8.4/armv7e-m/fpu/crti.o
 .ARM.attributes
                0x00000022       0x34 c:/program files (x86)/embitz/0.42/share/em_armgcc/bin/../lib/gcc/arm-none-eabi/4.8.4/armv7e-m/fpu/crtbegin.o
 .ARM.attributes
                0x00000056       0x20 c:/program files (x86)/embitz/0.42/share/em_armgcc/bin/../lib/gcc/arm-none-eabi/4.8.4/../../../../arm-none-eabi/lib/armv7e-m/fpu/rdimon-crt0.o
 .ARM.attributes
                0x00000076       0x39 obj\debug\spl\src\misc.o
 .ARM.attributes
                0x000000af       0x39 obj\debug\spl\src\stm32f4xx_dma.o
 .ARM.attributes
                0x000000e8       0x39 obj\debug\spl\src\stm32f4xx_exti.o
 .ARM.attributes
                0x00000121       0x39 obj\debug\spl\src\stm32f4xx_gpio.o
 .ARM.attributes
                0x0000015a       0x39 obj\debug\spl\src\stm32f4xx_pwr.o
 .ARM.attributes
                0x00000193       0x39 obj\debug\spl\src\stm32f4xx_rcc.o
 .ARM.attributes
                0x000001cc       0x39 obj\debug\spl\src\stm32f4xx_rtc.o
 .ARM.attributes
                0x00000205       0x39 obj\debug\spl\src\stm32f4xx_spi.o
 .ARM.attributes
                0x0000023e       0x39 obj\debug\spl\src\stm32f4xx_syscfg.o
 .ARM.attributes
                0x00000277       0x39 obj\debug\spl\src\stm32f4xx_tim.o
 .ARM.attributes
                0x000002b0       0x39 obj\debug\spl\src\stm32f4xx_usart.o
 .ARM.attributes
                0x000002e9       0x39 obj\debug\src\comm\bluetooth.o
 .ARM.attributes
                0x00000322       0x39 obj\debug\src\comm\tm_stm32f4_usart.o
 .ARM.attributes
                0x0000035b       0x39 obj\debug\src\drivers\rtc\tm_stm32f4_rtc.o
 .ARM.attributes
                0x00000394       0x39 obj\debug\src\drivers\sdcard\tm_stm32f4_delay.o
 .ARM.attributes
                0x000003cd       0x39 obj\debug\src\drivers\sdcard\tm_stm32f4_gpio.o
 .ARM.attributes
                0x00000406       0x39 obj\debug\src\drivers\tlc5941\leddriver.o
 .ARM.attributes
                0x0000043f       0x39 obj\debug\src\drivers\tlc5941\tm_stm32f4_dma.o
 .ARM.attributes
                0x00000478       0x39 obj\debug\src\drivers\tlc5941\tm_stm32f4_spi.o
 .ARM.attributes
                0x000004b1       0x39 obj\debug\src\drivers\tlc5941\tm_stm32f4_spi_dma.o
 .ARM.attributes
                0x000004ea       0x39 obj\debug\src\main.o
 .ARM.attributes
                0x00000523       0x39 obj\debug\src\propeller\clockmanager.o
 .ARM.attributes
                0x0000055c       0x39 obj\debug\src\propeller\frametimemanager.o
 .ARM.attributes
                0x00000595       0x39 obj\debug\src\propeller\messagemanager.o
 .ARM.attributes
                0x000005ce       0x39 obj\debug\src\propeller\propellermanager.o
 .ARM.attributes
                0x00000607       0x1f obj\debug\src\system\startup_stm32f4xx.o
 .ARM.attributes
                0x00000626       0x39 obj\debug\src\system\system_stm32f4xx.o
 .ARM.attributes
                0x0000065f       0x34 c:/program files (x86)/embitz/0.42/share/em_armgcc/bin/../lib/gcc/arm-none-eabi/4.8.4/../../../../arm-none-eabi/lib/armv7e-m/fpu\librdimon_n.a(rdimon-syscalls.o)
 .ARM.attributes
                0x00000693       0x34 c:/program files (x86)/embitz/0.42/share/em_armgcc/bin/../lib/gcc/arm-none-eabi/4.8.4/../../../../arm-none-eabi/lib/armv7e-m/fpu\libg_n.a(lib_a-errno.o)
 .ARM.attributes
                0x000006c7       0x34 c:/program files (x86)/embitz/0.42/share/em_armgcc/bin/../lib/gcc/arm-none-eabi/4.8.4/../../../../arm-none-eabi/lib/armv7e-m/fpu\libg_n.a(lib_a-exit.o)
 .ARM.attributes
                0x000006fb       0x34 c:/program files (x86)/embitz/0.42/share/em_armgcc/bin/../lib/gcc/arm-none-eabi/4.8.4/../../../../arm-none-eabi/lib/armv7e-m/fpu\libg_n.a(lib_a-findfp.o)
 .ARM.attributes
                0x0000072f       0x34 c:/program files (x86)/embitz/0.42/share/em_armgcc/bin/../lib/gcc/arm-none-eabi/4.8.4/../../../../arm-none-eabi/lib/armv7e-m/fpu\libg_n.a(lib_a-impure.o)
 .ARM.attributes
                0x00000763       0x34 c:/program files (x86)/embitz/0.42/share/em_armgcc/bin/../lib/gcc/arm-none-eabi/4.8.4/../../../../arm-none-eabi/lib/armv7e-m/fpu\libg_n.a(lib_a-init.o)
 .ARM.attributes
                0x00000797       0x34 c:/program files (x86)/embitz/0.42/share/em_armgcc/bin/../lib/gcc/arm-none-eabi/4.8.4/../../../../arm-none-eabi/lib/armv7e-m/fpu\libg_n.a(lib_a-memcpy-stub.o)
 .ARM.attributes
                0x000007cb       0x34 c:/program files (x86)/embitz/0.42/share/em_armgcc/bin/../lib/gcc/arm-none-eabi/4.8.4/../../../../arm-none-eabi/lib/armv7e-m/fpu\libg_n.a(lib_a-memset.o)
 .ARM.attributes
                0x000007ff       0x34 c:/program files (x86)/embitz/0.42/share/em_armgcc/bin/../lib/gcc/arm-none-eabi/4.8.4/../../../../arm-none-eabi/lib/armv7e-m/fpu\libg_n.a(lib_a-nano-freer.o)
 .ARM.attributes
                0x00000833       0x34 c:/program files (x86)/embitz/0.42/share/em_armgcc/bin/../lib/gcc/arm-none-eabi/4.8.4/../../../../arm-none-eabi/lib/armv7e-m/fpu\libg_n.a(lib_a-nano-mallocr.o)
 .ARM.attributes
                0x00000867       0x34 c:/program files (x86)/embitz/0.42/share/em_armgcc/bin/../lib/gcc/arm-none-eabi/4.8.4/../../../../arm-none-eabi/lib/armv7e-m/fpu\libg_n.a(lib_a-printf.o)
 .ARM.attributes
                0x0000089b       0x34 c:/program files (x86)/embitz/0.42/share/em_armgcc/bin/../lib/gcc/arm-none-eabi/4.8.4/../../../../arm-none-eabi/lib/armv7e-m/fpu\libg_n.a(lib_a-puts.o)
 .ARM.attributes
                0x000008cf       0x34 c:/program files (x86)/embitz/0.42/share/em_armgcc/bin/../lib/gcc/arm-none-eabi/4.8.4/../../../../arm-none-eabi/lib/armv7e-m/fpu\libg_n.a(lib_a-sbrkr.o)
 .ARM.attributes
                0x00000903       0x34 c:/program files (x86)/embitz/0.42/share/em_armgcc/bin/../lib/gcc/arm-none-eabi/4.8.4/../../../../arm-none-eabi/lib/armv7e-m/fpu\libg_n.a(lib_a-stdio.o)
 .ARM.attributes
                0x00000937       0x34 c:/program files (x86)/embitz/0.42/share/em_armgcc/bin/../lib/gcc/arm-none-eabi/4.8.4/../../../../arm-none-eabi/lib/armv7e-m/fpu\libg_n.a(lib_a-strlen.o)
 .ARM.attributes
                0x0000096b       0x34 c:/program files (x86)/embitz/0.42/share/em_armgcc/bin/../lib/gcc/arm-none-eabi/4.8.4/../../../../arm-none-eabi/lib/armv7e-m/fpu\libg_n.a(lib_a-vfprintf.o)
 .ARM.attributes
                0x0000099f       0x34 c:/program files (x86)/embitz/0.42/share/em_armgcc/bin/../lib/gcc/arm-none-eabi/4.8.4/../../../../arm-none-eabi/lib/armv7e-m/fpu\libg_n.a(lib_a-vfprintf_i.o)
 .ARM.attributes
                0x000009d3       0x34 c:/program files (x86)/embitz/0.42/share/em_armgcc/bin/../lib/gcc/arm-none-eabi/4.8.4/../../../../arm-none-eabi/lib/armv7e-m/fpu\libg_n.a(lib_a-wbuf.o)
 .ARM.attributes
                0x00000a07       0x34 c:/program files (x86)/embitz/0.42/share/em_armgcc/bin/../lib/gcc/arm-none-eabi/4.8.4/../../../../arm-none-eabi/lib/armv7e-m/fpu\libg_n.a(lib_a-writer.o)
 .ARM.attributes
                0x00000a3b       0x34 c:/program files (x86)/embitz/0.42/share/em_armgcc/bin/../lib/gcc/arm-none-eabi/4.8.4/../../../../arm-none-eabi/lib/armv7e-m/fpu\libg_n.a(lib_a-wsetup.o)
 .ARM.attributes
                0x00000a6f       0x34 c:/program files (x86)/embitz/0.42/share/em_armgcc/bin/../lib/gcc/arm-none-eabi/4.8.4/../../../../arm-none-eabi/lib/armv7e-m/fpu\libg_n.a(lib_a-closer.o)
 .ARM.attributes
                0x00000aa3       0x34 c:/program files (x86)/embitz/0.42/share/em_armgcc/bin/../lib/gcc/arm-none-eabi/4.8.4/../../../../arm-none-eabi/lib/armv7e-m/fpu\libg_n.a(lib_a-fflush.o)
 .ARM.attributes
                0x00000ad7       0x34 c:/program files (x86)/embitz/0.42/share/em_armgcc/bin/../lib/gcc/arm-none-eabi/4.8.4/../../../../arm-none-eabi/lib/armv7e-m/fpu\libg_n.a(lib_a-lseekr.o)
 .ARM.attributes
                0x00000b0b       0x34 c:/program files (x86)/embitz/0.42/share/em_armgcc/bin/../lib/gcc/arm-none-eabi/4.8.4/../../../../arm-none-eabi/lib/armv7e-m/fpu\libg_n.a(lib_a-makebuf.o)
 .ARM.attributes
                0x00000b3f       0x34 c:/program files (x86)/embitz/0.42/share/em_armgcc/bin/../lib/gcc/arm-none-eabi/4.8.4/../../../../arm-none-eabi/lib/armv7e-m/fpu\libg_n.a(lib_a-memchr-stub.o)
 .ARM.attributes
                0x00000b73       0x34 c:/program files (x86)/embitz/0.42/share/em_armgcc/bin/../lib/gcc/arm-none-eabi/4.8.4/../../../../arm-none-eabi/lib/armv7e-m/fpu\libg_n.a(lib_a-readr.o)
 .ARM.attributes
                0x00000ba7       0x34 c:/program files (x86)/embitz/0.42/share/em_armgcc/bin/../lib/gcc/arm-none-eabi/4.8.4/../../../../arm-none-eabi/lib/armv7e-m/fpu\libg_n.a(lib_a-reent.o)
 .ARM.attributes
                0x00000bdb       0x34 c:/program files (x86)/embitz/0.42/share/em_armgcc/bin/../lib/gcc/arm-none-eabi/4.8.4/../../../../arm-none-eabi/lib/armv7e-m/fpu\libg_n.a(lib_a-fstatr.o)
 .ARM.attributes
                0x00000c0f       0x34 c:/program files (x86)/embitz/0.42/share/em_armgcc/bin/../lib/gcc/arm-none-eabi/4.8.4/../../../../arm-none-eabi/lib/armv7e-m/fpu\libg_n.a(lib_a-isattyr.o)
 .ARM.attributes
                0x00000c43       0x34 c:/program files (x86)/embitz/0.42/share/em_armgcc/bin/../lib/gcc/arm-none-eabi/4.8.4/../../../../arm-none-eabi/lib/armv7e-m/fpu\librdimon_n.a(rdimon-_exit.o)
 .ARM.attributes
                0x00000c77       0x34 c:/program files (x86)/embitz/0.42/share/em_armgcc/bin/../lib/gcc/arm-none-eabi/4.8.4/../../../../arm-none-eabi/lib/armv7e-m/fpu\librdimon_n.a(rdimon-_kill.o)
 .ARM.attributes
                0x00000cab       0x34 c:/program files (x86)/embitz/0.42/share/em_armgcc/bin/../lib/gcc/arm-none-eabi/4.8.4/armv7e-m/fpu/crtend.o
 .ARM.attributes
                0x00000cdf       0x22 c:/program files (x86)/embitz/0.42/share/em_armgcc/bin/../lib/gcc/arm-none-eabi/4.8.4/armv7e-m/fpu/crtn.o

.comment        0x00000000       0x46
 .comment       0x00000000       0x46 obj\debug\spl\src\misc.o
                                 0x47 (size before relaxing)
 .comment       0x00000000       0x47 obj\debug\spl\src\stm32f4xx_dma.o
 .comment       0x00000000       0x47 obj\debug\spl\src\stm32f4xx_exti.o
 .comment       0x00000000       0x47 obj\debug\spl\src\stm32f4xx_gpio.o
 .comment       0x00000000       0x47 obj\debug\spl\src\stm32f4xx_pwr.o
 .comment       0x00000000       0x47 obj\debug\spl\src\stm32f4xx_rcc.o
 .comment       0x00000000       0x47 obj\debug\spl\src\stm32f4xx_rtc.o
 .comment       0x00000000       0x47 obj\debug\spl\src\stm32f4xx_spi.o
 .comment       0x00000000       0x47 obj\debug\spl\src\stm32f4xx_syscfg.o
 .comment       0x00000000       0x47 obj\debug\spl\src\stm32f4xx_tim.o
 .comment       0x00000000       0x47 obj\debug\spl\src\stm32f4xx_usart.o
 .comment       0x00000000       0x47 obj\debug\src\comm\bluetooth.o
 .comment       0x00000000       0x47 obj\debug\src\comm\tm_stm32f4_usart.o
 .comment       0x00000000       0x47 obj\debug\src\drivers\rtc\tm_stm32f4_rtc.o
 .comment       0x00000000       0x47 obj\debug\src\drivers\sdcard\tm_stm32f4_delay.o
 .comment       0x00000000       0x47 obj\debug\src\drivers\sdcard\tm_stm32f4_gpio.o
 .comment       0x00000000       0x47 obj\debug\src\drivers\tlc5941\leddriver.o
 .comment       0x00000000       0x47 obj\debug\src\drivers\tlc5941\tm_stm32f4_dma.o
 .comment       0x00000000       0x47 obj\debug\src\drivers\tlc5941\tm_stm32f4_spi.o
 .comment       0x00000000       0x47 obj\debug\src\drivers\tlc5941\tm_stm32f4_spi_dma.o
 .comment       0x00000000       0x47 obj\debug\src\main.o
 .comment       0x00000000       0x47 obj\debug\src\propeller\clockmanager.o
 .comment       0x00000000       0x47 obj\debug\src\propeller\frametimemanager.o
 .comment       0x00000000       0x47 obj\debug\src\propeller\messagemanager.o
 .comment       0x00000000       0x47 obj\debug\src\propeller\propellermanager.o
 .comment       0x00000000       0x47 obj\debug\src\system\system_stm32f4xx.o

.debug_info     0x00000000     0xbc3a
 .debug_info    0x00000000      0x545 obj\debug\spl\src\misc.o
 .debug_info    0x00000545      0x741 obj\debug\spl\src\stm32f4xx_dma.o
 .debug_info    0x00000c86      0x34f obj\debug\spl\src\stm32f4xx_exti.o
 .debug_info    0x00000fd5      0x60a obj\debug\spl\src\stm32f4xx_gpio.o
 .debug_info    0x000015df      0x504 obj\debug\spl\src\stm32f4xx_pwr.o
 .debug_info    0x00001ae3      0xc55 obj\debug\spl\src\stm32f4xx_rcc.o
 .debug_info    0x00002738     0x10e7 obj\debug\spl\src\stm32f4xx_rtc.o
 .debug_info    0x0000381f      0xb0f obj\debug\spl\src\stm32f4xx_spi.o
 .debug_info    0x0000432e      0x274 obj\debug\spl\src\stm32f4xx_syscfg.o
 .debug_info    0x000045a2     0x1c69 obj\debug\spl\src\stm32f4xx_tim.o
 .debug_info    0x0000620b      0x9ca obj\debug\spl\src\stm32f4xx_usart.o
 .debug_info    0x00006bd5      0xe22 obj\debug\src\comm\tm_stm32f4_usart.o
 .debug_info    0x000079f7      0xdd3 obj\debug\src\drivers\rtc\tm_stm32f4_rtc.o
 .debug_info    0x000087ca      0x9f9 obj\debug\src\drivers\sdcard\tm_stm32f4_delay.o
 .debug_info    0x000091c3      0x825 obj\debug\src\drivers\sdcard\tm_stm32f4_gpio.o
 .debug_info    0x000099e8      0x937 obj\debug\src\drivers\tlc5941\tm_stm32f4_dma.o
 .debug_info    0x0000a31f      0xa50 obj\debug\src\drivers\tlc5941\tm_stm32f4_spi.o
 .debug_info    0x0000ad6f      0x87f obj\debug\src\drivers\tlc5941\tm_stm32f4_spi_dma.o
 .debug_info    0x0000b5ee       0xb2 obj\debug\src\system\startup_stm32f4xx.o
 .debug_info    0x0000b6a0      0x59a obj\debug\src\system\system_stm32f4xx.o

.debug_abbrev   0x00000000     0x1fbc
 .debug_abbrev  0x00000000      0x14a obj\debug\spl\src\misc.o
 .debug_abbrev  0x0000014a      0x15a obj\debug\spl\src\stm32f4xx_dma.o
 .debug_abbrev  0x000002a4      0x1aa obj\debug\spl\src\stm32f4xx_exti.o
 .debug_abbrev  0x0000044e      0x1a8 obj\debug\spl\src\stm32f4xx_gpio.o
 .debug_abbrev  0x000005f6      0x184 obj\debug\spl\src\stm32f4xx_pwr.o
 .debug_abbrev  0x0000077a      0x1e8 obj\debug\spl\src\stm32f4xx_rcc.o
 .debug_abbrev  0x00000962      0x1b3 obj\debug\spl\src\stm32f4xx_rtc.o
 .debug_abbrev  0x00000b15      0x16c obj\debug\spl\src\stm32f4xx_spi.o
 .debug_abbrev  0x00000c81      0x136 obj\debug\spl\src\stm32f4xx_syscfg.o
 .debug_abbrev  0x00000db7      0x18c obj\debug\spl\src\stm32f4xx_tim.o
 .debug_abbrev  0x00000f43      0x15a obj\debug\spl\src\stm32f4xx_usart.o
 .debug_abbrev  0x0000109d      0x288 obj\debug\src\comm\tm_stm32f4_usart.o
 .debug_abbrev  0x00001325      0x221 obj\debug\src\drivers\rtc\tm_stm32f4_rtc.o
 .debug_abbrev  0x00001546      0x269 obj\debug\src\drivers\sdcard\tm_stm32f4_delay.o
 .debug_abbrev  0x000017af      0x154 obj\debug\src\drivers\sdcard\tm_stm32f4_gpio.o
 .debug_abbrev  0x00001903      0x1fe obj\debug\src\drivers\tlc5941\tm_stm32f4_dma.o
 .debug_abbrev  0x00001b01      0x1e9 obj\debug\src\drivers\tlc5941\tm_stm32f4_spi.o
 .debug_abbrev  0x00001cea      0x183 obj\debug\src\drivers\tlc5941\tm_stm32f4_spi_dma.o
 .debug_abbrev  0x00001e6d       0x14 obj\debug\src\system\startup_stm32f4xx.o
 .debug_abbrev  0x00001e81      0x13b obj\debug\src\system\system_stm32f4xx.o

.debug_aranges  0x00000000      0xf80
 .debug_aranges
                0x00000000       0x40 obj\debug\spl\src\misc.o
 .debug_aranges
                0x00000040       0xb0 obj\debug\spl\src\stm32f4xx_dma.o
 .debug_aranges
                0x000000f0       0x58 obj\debug\spl\src\stm32f4xx_exti.o
 .debug_aranges
                0x00000148       0x88 obj\debug\spl\src\stm32f4xx_gpio.o
 .debug_aranges
                0x000001d0       0x78 obj\debug\spl\src\stm32f4xx_pwr.o
 .debug_aranges
                0x00000248      0x178 obj\debug\spl\src\stm32f4xx_rcc.o
 .debug_aranges
                0x000003c0      0x1e0 obj\debug\spl\src\stm32f4xx_rtc.o
 .debug_aranges
                0x000005a0       0xe0 obj\debug\spl\src\stm32f4xx_spi.o
 .debug_aranges
                0x00000680       0x48 obj\debug\spl\src\stm32f4xx_syscfg.o
 .debug_aranges
                0x000006c8      0x2f8 obj\debug\spl\src\stm32f4xx_tim.o
 .debug_aranges
                0x000009c0      0x100 obj\debug\spl\src\stm32f4xx_usart.o
 .debug_aranges
                0x00000ac0       0xb0 obj\debug\src\comm\tm_stm32f4_usart.o
 .debug_aranges
                0x00000b70       0xb0 obj\debug\src\drivers\rtc\tm_stm32f4_rtc.o
 .debug_aranges
                0x00000c20       0x78 obj\debug\src\drivers\sdcard\tm_stm32f4_delay.o
 .debug_aranges
                0x00000c98       0x98 obj\debug\src\drivers\sdcard\tm_stm32f4_gpio.o
 .debug_aranges
                0x00000d30       0xf8 obj\debug\src\drivers\tlc5941\tm_stm32f4_dma.o
 .debug_aranges
                0x00000e28       0x90 obj\debug\src\drivers\tlc5941\tm_stm32f4_spi.o
 .debug_aranges
                0x00000eb8       0x78 obj\debug\src\drivers\tlc5941\tm_stm32f4_spi_dma.o
 .debug_aranges
                0x00000f30       0x20 obj\debug\src\system\startup_stm32f4xx.o
 .debug_aranges
                0x00000f50       0x30 obj\debug\src\system\system_stm32f4xx.o

.debug_ranges   0x00000000      0xe30
 .debug_ranges  0x00000000       0x30 obj\debug\spl\src\misc.o
 .debug_ranges  0x00000030       0xa0 obj\debug\spl\src\stm32f4xx_dma.o
 .debug_ranges  0x000000d0       0x48 obj\debug\spl\src\stm32f4xx_exti.o
 .debug_ranges  0x00000118       0x78 obj\debug\spl\src\stm32f4xx_gpio.o
 .debug_ranges  0x00000190       0x68 obj\debug\spl\src\stm32f4xx_pwr.o
 .debug_ranges  0x000001f8      0x168 obj\debug\spl\src\stm32f4xx_rcc.o
 .debug_ranges  0x00000360      0x1d0 obj\debug\spl\src\stm32f4xx_rtc.o
 .debug_ranges  0x00000530       0xd0 obj\debug\spl\src\stm32f4xx_spi.o
 .debug_ranges  0x00000600       0x38 obj\debug\spl\src\stm32f4xx_syscfg.o
 .debug_ranges  0x00000638      0x2e8 obj\debug\spl\src\stm32f4xx_tim.o
 .debug_ranges  0x00000920       0xf0 obj\debug\spl\src\stm32f4xx_usart.o
 .debug_ranges  0x00000a10       0xa0 obj\debug\src\comm\tm_stm32f4_usart.o
 .debug_ranges  0x00000ab0       0xa0 obj\debug\src\drivers\rtc\tm_stm32f4_rtc.o
 .debug_ranges  0x00000b50       0x68 obj\debug\src\drivers\sdcard\tm_stm32f4_delay.o
 .debug_ranges  0x00000bb8       0x88 obj\debug\src\drivers\sdcard\tm_stm32f4_gpio.o
 .debug_ranges  0x00000c40       0xe8 obj\debug\src\drivers\tlc5941\tm_stm32f4_dma.o
 .debug_ranges  0x00000d28       0x80 obj\debug\src\drivers\tlc5941\tm_stm32f4_spi.o
 .debug_ranges  0x00000da8       0x68 obj\debug\src\drivers\tlc5941\tm_stm32f4_spi_dma.o
 .debug_ranges  0x00000e10       0x20 obj\debug\src\system\system_stm32f4xx.o

.debug_macro    0x00000000    0x11925
 .debug_macro   0x00000000      0x1a5 obj\debug\spl\src\misc.o
 .debug_macro   0x000001a5      0x874 obj\debug\spl\src\misc.o
 .debug_macro   0x00000a19       0x5d obj\debug\spl\src\misc.o
 .debug_macro   0x00000a76       0x35 obj\debug\spl\src\misc.o
 .debug_macro   0x00000aab       0x16 obj\debug\spl\src\misc.o
 .debug_macro   0x00000ac1       0x44 obj\debug\spl\src\misc.o
 .debug_macro   0x00000b05      0x209 obj\debug\spl\src\misc.o
 .debug_macro   0x00000d0e       0x18 obj\debug\spl\src\misc.o
 .debug_macro   0x00000d26       0x42 obj\debug\spl\src\misc.o
 .debug_macro   0x00000d68      0x8cb obj\debug\spl\src\misc.o