Archive member included because of file (symbol)

c:/program files (x86)/embitz/0.42/share/em_armgcc/bin/../lib/gcc/arm-none-eabi/4.8.4/../../../../arm-none-eabi/lib/armv7e-m/fpu\libc_n.a(lib_a-exit.o)
                              c:/program files (x86)/embitz/0.42/share/em_armgcc/bin/../lib/gcc/arm-none-eabi/4.8.4/../../../../arm-none-eabi/lib/armv7e-m/fpu/crt0.o (exit)
c:/program files (x86)/embitz/0.42/share/em_armgcc/bin/../lib/gcc/arm-none-eabi/4.8.4/../../../../arm-none-eabi/lib/armv7e-m/fpu\libc_n.a(lib_a-impure.o)
                              c:/program files (x86)/embitz/0.42/share/em_armgcc/bin/../lib/gcc/arm-none-eabi/4.8.4/../../../../arm-none-eabi/lib/armv7e-m/fpu\libc_n.a(lib_a-exit.o) (_global_impure_ptr)
c:/program files (x86)/embitz/0.42/share/em_armgcc/bin/../lib/gcc/arm-none-eabi/4.8.4/../../../../arm-none-eabi/lib/armv7e-m/fpu\libc_n.a(lib_a-init.o)
                              c:/program files (x86)/embitz/0.42/share/em_armgcc/bin/../lib/gcc/arm-none-eabi/4.8.4/../../../../arm-none-eabi/lib/armv7e-m/fpu/crt0.o (__libc_init_array)
c:/program files (x86)/embitz/0.42/share/em_armgcc/bin/../lib/gcc/arm-none-eabi/4.8.4/../../../../arm-none-eabi/lib/armv7e-m/fpu\libc_n.a(lib_a-memset.o)
                              c:/program files (x86)/embitz/0.42/share/em_armgcc/bin/../lib/gcc/arm-none-eabi/4.8.4/../../../../arm-none-eabi/lib/armv7e-m/fpu/crt0.o (memset)
c:/program files (x86)/embitz/0.42/share/em_armgcc/bin/../lib/gcc/arm-none-eabi/4.8.4/../../../../arm-none-eabi/lib/armv7e-m/fpu\libnosys_s.a(_exit.o)
                              c:/program files (x86)/embitz/0.42/share/em_armgcc/bin/../lib/gcc/arm-none-eabi/4.8.4/../../../../arm-none-eabi/lib/armv7e-m/fpu\libc_n.a(lib_a-exit.o) (_exit)
c:/program files (x86)/embitz/0.42/share/em_armgcc/bin/../lib/gcc/arm-none-eabi/4.8.4/../../../../arm-none-eabi/lib/armv7e-m/fpu\libc_n.a(lib_a-memcmp.o)
                              C:\Users\agoraine\AppData\Local\Temp\cc9LsLNa.ltrans0.ltrans.o (memcmp)
c:/program files (x86)/embitz/0.42/share/em_armgcc/bin/../lib/gcc/arm-none-eabi/4.8.4/../../../../arm-none-eabi/lib/armv7e-m/fpu\libc_n.a(lib_a-memcpy-stub.o)
                              C:\Users\agoraine\AppData\Local\Temp\cc9LsLNa.ltrans0.ltrans.o (memcpy)
c:/program files (x86)/embitz/0.42/share/em_armgcc/bin/../lib/gcc/arm-none-eabi/4.8.4/../../../../arm-none-eabi/lib/armv7e-m/fpu\libc_n.a(lib_a-printf.o)
                              C:\Users\agoraine\AppData\Local\Temp\cc9LsLNa.ltrans0.ltrans.o (printf)
c:/program files (x86)/embitz/0.42/share/em_armgcc/bin/../lib/gcc/arm-none-eabi/4.8.4/../../../../arm-none-eabi/lib/armv7e-m/fpu\libc_n.a(lib_a-puts.o)
                              C:\Users\agoraine\AppData\Local\Temp\cc9LsLNa.ltrans0.ltrans.o (puts)
c:/program files (x86)/embitz/0.42/share/em_armgcc/bin/../lib/gcc/arm-none-eabi/4.8.4/../../../../arm-none-eabi/lib/armv7e-m/fpu\libc_n.a(lib_a-vfprintf.o)
                              c:/program files (x86)/embitz/0.42/share/em_armgcc/bin/../lib/gcc/arm-none-eabi/4.8.4/../../../../arm-none-eabi/lib/armv7e-m/fpu\libc_n.a(lib_a-printf.o) (_vfprintf_r)
c:/program files (x86)/embitz/0.42/share/em_armgcc/bin/../lib/gcc/arm-none-eabi/4.8.4/../../../../arm-none-eabi/lib/armv7e-m/fpu\libc_n.a(lib_a-vfprintf_i.o)
                              c:/program files (x86)/embitz/0.42/share/em_armgcc/bin/../lib/gcc/arm-none-eabi/4.8.4/../../../../arm-none-eabi/lib/armv7e-m/fpu\libc_n.a(lib_a-vfprintf.o) (_printf_i)
c:/program files (x86)/embitz/0.42/share/em_armgcc/bin/../lib/gcc/arm-none-eabi/4.8.4/../../../../arm-none-eabi/lib/armv7e-m/fpu\libc_n.a(lib_a-wbuf.o)
                              c:/program files (x86)/embitz/0.42/share/em_armgcc/bin/../lib/gcc/arm-none-eabi/4.8.4/../../../../arm-none-eabi/lib/armv7e-m/fpu\libc_n.a(lib_a-puts.o) (__swbuf_r)
c:/program files (x86)/embitz/0.42/share/em_armgcc/bin/../lib/gcc/arm-none-eabi/4.8.4/../../../../arm-none-eabi/lib/armv7e-m/fpu\libc_n.a(lib_a-wsetup.o)
                              c:/program files (x86)/embitz/0.42/share/em_armgcc/bin/../lib/gcc/arm-none-eabi/4.8.4/../../../../arm-none-eabi/lib/armv7e-m/fpu\libc_n.a(lib_a-puts.o) (__swsetup_r)
c:/program files (x86)/embitz/0.42/share/em_armgcc/bin/../lib/gcc/arm-none-eabi/4.8.4/../../../../arm-none-eabi/lib/armv7e-m/fpu\libc_n.a(lib_a-fflush.o)
                              c:/program files (x86)/embitz/0.42/share/em_armgcc/bin/../lib/gcc/arm-none-eabi/4.8.4/../../../../arm-none-eabi/lib/armv7e-m/fpu\libc_n.a(lib_a-wbuf.o) (_fflush_r)
c:/program files (x86)/embitz/0.42/share/em_armgcc/bin/../lib/gcc/arm-none-eabi/4.8.4/../../../../arm-none-eabi/lib/armv7e-m/fpu\libc_n.a(lib_a-findfp.o)
                              c:/program files (x86)/embitz/0.42/share/em_armgcc/bin/../lib/gcc/arm-none-eabi/4.8.4/../../../../arm-none-eabi/lib/armv7e-m/fpu\libc_n.a(lib_a-printf.o) (__sinit)
[...]
Memory Configuration

Name             Origin             Length             Attributes
ROM              0x08000000         0x00100000         xr
RAM              0x20000000         0x00020000         xrw
CCRAM            0x10000000         0x00010000         xrw
*default*        0x00000000         0xffffffff

Linker script and memory map

LOAD c:/program files (x86)/embitz/0.42/share/em_armgcc/bin/../lib/gcc/arm-none-eabi/4.8.4/armv7e-m/fpu/crti.o
LOAD c:/program files (x86)/embitz/0.42/share/em_armgcc/bin/../lib/gcc/arm-none-eabi/4.8.4/armv7e-m/fpu/crtbegin.o
LOAD c:/program files (x86)/embitz/0.42/share/em_armgcc/bin/../lib/gcc/arm-none-eabi/4.8.4/../../../../arm-none-eabi/lib/armv7e-m/fpu/crt0.o
                0x00000000                __HEAP_SIZE = 0x0
                0x00000100                __STACK_SIZE = 0x100

.text           0x08000000     0x8164
 *(.isr_vector)
 .isr_vector    0x08000000      0x188 obj\release\src\startup_stm32f4xx.o
                0x08000000                __isr_vector
 *(.text*)
 .text          0x08000188       0x54 c:/program files (x86)/embitz/0.42/share/em_armgcc/bin/../lib/gcc/arm-none-eabi/4.8.4/armv7e-m/fpu/crtbegin.o
 .text          0x080001dc       0x74 c:/program files (x86)/embitz/0.42/share/em_armgcc/bin/../lib/gcc/arm-none-eabi/4.8.4/../../../../arm-none-eabi/lib/armv7e-m/fpu/crt0.o
                0x080001dc                _start
                0x080001dc                _mainCRTStartup
 .text.startup  0x08000250     0x1e90 C:\Users\agoraine\AppData\Local\Temp\cc9LsLNa.ltrans0.ltrans.o
                0x08000250                main
 .text          0x080020e0      0xfe0 C:\Users\agoraine\AppData\Local\Temp\cc9LsLNa.ltrans1.ltrans.o
                0x080020e0                (anonymous namespace)::drawFontC(ImageBuffer&, unsigned char, ColourT, int, int) [clone .8714] [clone .constprop.46]
                0x080022ac                TM_SPI_DMA_Transmit.constprop.90
                0x080024f0                TM_RTC_GetDateTime.constprop.48
                0x080027ec                TM_DMA_TransferCompleteHandler.part.8.9522
                0x08002808                TM_GPIO_INT_Init.constprop.98
                0x08002d30                TM_SPIx_Init.10932.constprop.30
                0x08002dfc                RTC_WakeUpCmd
                0x08002e54                RTC_WaitForSynchro
                0x08002e98                TM_RTC_Config.constprop.41
                0x08002efc                RTC_EnterInitMode
                0x08002f3c                EXTI_Init.part.0.5813
                0x08002fbc                NVIC_Init.part.0.4527
                0x08003014                TM_DMA_EnableInterrupts
 .text          0x080030c0      0xa30 C:\Users\agoraine\AppData\Local\Temp\cc9LsLNa.ltrans2.ltrans.o
                0x080030c0                DMA1_Stream5_IRQHandler
                0x08003348                DMA1_Stream4_IRQHandler
                0x080035cc                DMA1_Stream3_IRQHandler
                0x08003868                DMA1_Stream2_IRQHandler
 .text          0x08003af0      0xa1c C:\Users\agoraine\AppData\Local\Temp\cc9LsLNa.ltrans3.ltrans.o
                0x08003af0                DMA2_Stream1_IRQHandler
                0x08003d78                DMA2_Stream0_IRQHandler
                0x08003ffc                DMA1_Stream7_IRQHandler
                0x08004284                DMA1_Stream6_IRQHandler
 .text          0x0800450c      0xa1c C:\Users\agoraine\AppData\Local\Temp\cc9LsLNa.ltrans4.ltrans.o
                0x0800450c                DMA2_Stream5_IRQHandler
                0x08004794                DMA2_Stream4_IRQHandler
                0x08004a18                DMA2_Stream3_IRQHandler
                0x08004ca0                DMA2_Stream2_IRQHandler
 .text          0x08004f28      0xac8 C:\Users\agoraine\AppData\Local\Temp\cc9LsLNa.ltrans5.ltrans.o
                0x08004f28                SystemInit
                0x0800502c                EXTI15_10_IRQHandler
                0x080057b4                TIM5_IRQHandler
 .text          0x080059f0      0xa2c C:\Users\agoraine\AppData\Local\Temp\cc9LsLNa.ltrans6.ltrans.o
                0x080059f0                TIM2_IRQHandler
                0x08005a18                TM_RTC_SetDateTime.constprop.43
                0x08005cc0                drawClockFaceImpl(ImageBuffer&, ColourT) [clone .8730]
                0x08005eac                ClockManager::drawClockFace() [clone .constprop.45]
 .text          0x0800641c      0x58c C:\Users\agoraine\AppData\Local\Temp\cc9LsLNa.ltrans7.ltrans.o
                0x0800641c                RTC_Alarm_IRQHandler
                0x08006474                RTC_WKUP_IRQHandler
                0x080064b8                DMA2_Stream7_IRQHandler
                0x08006730                DMA2_Stream6_IRQHandler
 .text          0x080069a8      0x50c C:\Users\agoraine\AppData\Local\Temp\cc9LsLNa.ltrans8.ltrans.o
                0x080069a8                DMA1_Stream1_IRQHandler
                0x08006c30                DMA1_Stream0_IRQHandler
 .text.memcmp   0x08006eb4       0x1e c:/program files (x86)/embitz/0.42/share/em_armgcc/bin/../lib/gcc/arm-none-eabi/4.8.4/../../../../arm-none-eabi/lib/armv7e-m/fpu\libc_n.a(lib_a-memcmp.o)
                0x08006eb4                memcmp
 .text.memcpy   0x08006ed2       0x12 c:/program files (x86)/embitz/0.42/share/em_armgcc/bin/../lib/gcc/arm-none-eabi/4.8.4/../../../../arm-none-eabi/lib/armv7e-m/fpu\libc_n.a(lib_a-memcpy-stub.o)
                0x08006ed2                memcpy
 .text.printf   0x08006ee4       0x30 c:/program files (x86)/embitz/0.42/share/em_armgcc/bin/../lib/gcc/arm-none-eabi/4.8.4/../../../../arm-none-eabi/lib/armv7e-m/fpu\libc_n.a(lib_a-printf.o)
                0x08006ee4                iprintf
                0x08006ee4                printf
 .text._puts_r  0x08006f14       0xc0 c:/program files (x86)/embitz/0.42/share/em_armgcc/bin/../lib/gcc/arm-none-eabi/4.8.4/../../../../arm-none-eabi/lib/armv7e-m/fpu\libc_n.a(lib_a-puts.o)
                0x08006f14                _puts_r
 .text.puts     0x08006fd4       0x10 c:/program files (x86)/embitz/0.42/share/em_armgcc/bin/../lib/gcc/arm-none-eabi/4.8.4/../../../../arm-none-eabi/lib/armv7e-m/fpu\libc_n.a(lib_a-puts.o)
                0x08006fd4                puts
 .text.__sfputc_r
                0x08006fe4       0x2c c:/program files (x86)/embitz/0.42/share/em_armgcc/bin/../lib/gcc/arm-none-eabi/4.8.4/../../../../arm-none-eabi/lib/armv7e-m/fpu\libc_n.a(lib_a-vfprintf.o)
 .text.__sfputs_r
                0x08007010       0x24 c:/program files (x86)/embitz/0.42/share/em_armgcc/bin/../lib/gcc/arm-none-eabi/4.8.4/../../../../arm-none-eabi/lib/armv7e-m/fpu\libc_n.a(lib_a-vfprintf.o)
                0x08007010                __sfputs_r
 .text._vfprintf_r
                0x08007034      0x208 c:/program files (x86)/embitz/0.42/share/em_armgcc/bin/../lib/gcc/arm-none-eabi/4.8.4/../../../../arm-none-eabi/lib/armv7e-m/fpu\libc_n.a(lib_a-vfprintf.o)
                0x08007034                _vfprintf_r
                0x08007034                _vfiprintf_r
 .text._printf_common
                0x0800723c       0xe4 c:/program files (x86)/embitz/0.42/share/em_armgcc/bin/../lib/gcc/arm-none-eabi/4.8.4/../../../../arm-none-eabi/lib/armv7e-m/fpu\libc_n.a(lib_a-vfprintf_i.o)
                0x0800723c                _printf_common
 .text._printf_i
                0x08007320      0x228 c:/program files (x86)/embitz/0.42/share/em_armgcc/bin/../lib/gcc/arm-none-eabi/4.8.4/../../../../arm-none-eabi/lib/armv7e-m/fpu\libc_n.a(lib_a-vfprintf_i.o)
                0x08007320                _printf_i
 .text.__swbuf_r
                0x08007548       0xa8 c:/program files (x86)/embitz/0.42/share/em_armgcc/bin/../lib/gcc/arm-none-eabi/4.8.4/../../../../arm-none-eabi/lib/armv7e-m/fpu\libc_n.a(lib_a-wbuf.o)
                0x08007548                __swbuf_r
 .text.__swsetup_r
                0x080075f0       0xdc c:/program files (x86)/embitz/0.42/share/em_armgcc/bin/../lib/gcc/arm-none-eabi/4.8.4/../../../../arm-none-eabi/lib/armv7e-m/fpu\libc_n.a(lib_a-wsetup.o)
                0x080075f0                __swsetup_r
 .text.__sflush_r
                0x080076cc      0x106 c:/program files (x86)/embitz/0.42/share/em_armgcc/bin/../lib/gcc/arm-none-eabi/4.8.4/../../../../arm-none-eabi/lib/armv7e-m/fpu\libc_n.a(lib_a-fflush.o)
                0x080076cc                __sflush_r
 *fill*         0x080077d2        0x2 
 .text._fflush_r
                0x080077d4       0x54 c:/program files (x86)/embitz/0.42/share/em_armgcc/bin/../lib/gcc/arm-none-eabi/4.8.4/../../../../arm-none-eabi/lib/armv7e-m/fpu\libc_n.a(lib_a-fflush.o)
                0x080077d4                _fflush_r
 .text._cleanup_r
                0x08007828       0x32 c:/program files (x86)/embitz/0.42/share/em_armgcc/bin/../lib/gcc/arm-none-eabi/4.8.4/../../../../arm-none-eabi/lib/armv7e-m/fpu\libc_n.a(lib_a-findfp.o)
                0x08007828                _cleanup_r
 *fill*         0x0800785a        0x2 
 .text.std.isra.0
                0x0800785c       0x48 c:/program files (x86)/embitz/0.42/share/em_armgcc/bin/../lib/gcc/arm-none-eabi/4.8.4/../../../../arm-none-eabi/lib/armv7e-m/fpu\libc_n.a(lib_a-findfp.o)
 .text.__sfmoreglue
                0x080078a4       0x2c c:/program files (x86)/embitz/0.42/share/em_armgcc/bin/../lib/gcc/arm-none-eabi/4.8.4/../../../../arm-none-eabi/lib/armv7e-m/fpu\libc_n.a(lib_a-findfp.o)
                0x080078a4                __sfmoreglue
 .text.__sinit  0x080078d0       0x60 c:/program files (x86)/embitz/0.42/share/em_armgcc/bin/../lib/gcc/arm-none-eabi/4.8.4/../../../../arm-none-eabi/lib/armv7e-m/fpu\libc_n.a(lib_a-findfp.o)
                0x080078d0                __sinit
 .text.__sfp    0x08007930       0x74 c:/program files (x86)/embitz/0.42/share/em_armgcc/bin/../lib/gcc/arm-none-eabi/4.8.4/../../../../arm-none-eabi/lib/armv7e-m/fpu\libc_n.a(lib_a-findfp.o)
                0x08007930                __sfp
 .text.__smakebuf_r
                0x080079a4       0x9c c:/program files (x86)/embitz/0.42/share/em_armgcc/bin/../lib/gcc/arm-none-eabi/4.8.4/../../../../arm-none-eabi/lib/armv7e-m/fpu\libc_n.a(lib_a-makebuf.o)
                0x080079a4                __smakebuf_r
 .text.memchr   0x08007a40       0x1e c:/program files (x86)/embitz/0.42/share/em_armgcc/bin/../lib/gcc/arm-none-eabi/4.8.4/../../../../arm-none-eabi/lib/armv7e-m/fpu\libc_n.a(lib_a-memchr-stub.o)
                0x08007a40                memchr
 *fill*         0x08007a5e        0x2 
 .text._free_r  0x08007a60       0x88 c:/program files (x86)/embitz/0.42/share/em_armgcc/bin/../lib/gcc/arm-none-eabi/4.8.4/../../../../arm-none-eabi/lib/armv7e-m/fpu\libc_n.a(lib_a-nano-freer.o)
                0x08007a60                _free_r
 .text._malloc_r
                0x08007ae8       0xa8 c:/program files (x86)/embitz/0.42/share/em_armgcc/bin/../lib/gcc/arm-none-eabi/4.8.4/../../../../arm-none-eabi/lib/armv7e-m/fpu\libc_n.a(lib_a-nano-mallocr.o)
                0x08007ae8                _malloc_r
 .text._sbrk_r  0x08007b90       0x20 c:/program files (x86)/embitz/0.42/share/em_armgcc/bin/../lib/gcc/arm-none-eabi/4.8.4/../../../../arm-none-eabi/lib/armv7e-m/fpu\libc_n.a(lib_a-sbrkr.o)
                0x08007b90                _sbrk_r
 .text.__sread  0x08007bb0       0x22 c:/program files (x86)/embitz/0.42/share/em_armgcc/bin/../lib/gcc/arm-none-eabi/4.8.4/../../../../arm-none-eabi/lib/armv7e-m/fpu\libc_n.a(lib_a-stdio.o)
                0x08007bb0                __sread
 .text.__swrite
                0x08007bd2       0x38 c:/program files (x86)/embitz/0.42/share/em_armgcc/bin/../lib/gcc/arm-none-eabi/4.8.4/../../../../arm-none-eabi/lib/armv7e-m/fpu\libc_n.a(lib_a-stdio.o)
                0x08007bd2                __swrite
 .text.__sseek  0x08007c0a       0x24 c:/program files (x86)/embitz/0.42/share/em_armgcc/bin/../lib/gcc/arm-none-eabi/4.8.4/../../../../arm-none-eabi/lib/armv7e-m/fpu\libc_n.a(lib_a-stdio.o)
                0x08007c0a                __sseek
 .text.__sclose
                0x08007c2e        0x8 c:/program files (x86)/embitz/0.42/share/em_armgcc/bin/../lib/gcc/arm-none-eabi/4.8.4/../../../../arm-none-eabi/lib/armv7e-m/fpu\libc_n.a(lib_a-stdio.o)
                0x08007c2e                __sclose
 .text.strlen   0x08007c36       0x10 c:/program files (x86)/embitz/0.42/share/em_armgcc/bin/../lib/gcc/arm-none-eabi/4.8.4/../../../../arm-none-eabi/lib/armv7e-m/fpu\libc_n.a(lib_a-strlen.o)
                0x08007c36                strlen
 *fill*         0x08007c46        0x2 
 .text._write_r
                0x08007c48       0x24 c:/program files (x86)/embitz/0.42/share/em_armgcc/bin/../lib/gcc/arm-none-eabi/4.8.4/../../../../arm-none-eabi/lib/armv7e-m/fpu\libc_n.a(lib_a-writer.o)
                0x08007c48                _write_r
 .text._close_r
                0x08007c6c       0x20 c:/program files (x86)/embitz/0.42/share/em_armgcc/bin/../lib/gcc/arm-none-eabi/4.8.4/../../../../arm-none-eabi/lib/armv7e-m/fpu\libc_n.a(lib_a-closer.o)
                0x08007c6c                _close_r
 .text._fstat_r
                0x08007c8c       0x24 c:/program files (x86)/embitz/0.42/share/em_armgcc/bin/../lib/gcc/arm-none-eabi/4.8.4/../../../../arm-none-eabi/lib/armv7e-m/fpu\libc_n.a(lib_a-fstatr.o)
                0x08007c8c                _fstat_r
 .text._isatty_r
                0x08007cb0       0x20 c:/program files (x86)/embitz/0.42/share/em_armgcc/bin/../lib/gcc/arm-none-eabi/4.8.4/../../../../arm-none-eabi/lib/armv7e-m/fpu\libc_n.a(lib_a-isattyr.o)
                0x08007cb0                _isatty_r
 .text._lseek_r
                0x08007cd0       0x24 c:/program files (x86)/embitz/0.42/share/em_armgcc/bin/../lib/gcc/arm-none-eabi/4.8.4/../../../../arm-none-eabi/lib/armv7e-m/fpu\libc_n.a(lib_a-lseekr.o)
                0x08007cd0                _lseek_r
 .text._read_r  0x08007cf4       0x24 c:/program files (x86)/embitz/0.42/share/em_armgcc/bin/../lib/gcc/arm-none-eabi/4.8.4/../../../../arm-none-eabi/lib/armv7e-m/fpu\libc_n.a(lib_a-readr.o)
                0x08007cf4                _read_r
 .text          0x08007d18       0x10 c:/program files (x86)/embitz/0.42/share/em_armgcc/bin/../lib/gcc/arm-none-eabi/4.8.4/../../../../arm-none-eabi/lib/armv7e-m/fpu\libnosys_s.a(close.o)
                0x08007d18                _close
 .text          0x08007d28       0x10 c:/program files (x86)/embitz/0.42/share/em_armgcc/bin/../lib/gcc/arm-none-eabi/4.8.4/../../../../arm-none-eabi/lib/armv7e-m/fpu\libnosys_s.a(fstat.o)
                0x08007d28                _fstat
 .text          0x08007d38       0x10 c:/program files (x86)/embitz/0.42/share/em_armgcc/bin/../lib/gcc/arm-none-eabi/4.8.4/../../../../arm-none-eabi/lib/armv7e-m/fpu\libnosys_s.a(isatty.o)
                0x08007d38                _isatty
 .text          0x08007d48       0x10 c:/program files (x86)/embitz/0.42/share/em_armgcc/bin/../lib/gcc/arm-none-eabi/4.8.4/../../../../arm-none-eabi/lib/armv7e-m/fpu\libnosys_s.a(lseek.o)
                0x08007d48                _lseek
 .text          0x08007d58       0x10 c:/program files (x86)/embitz/0.42/share/em_armgcc/bin/../lib/gcc/arm-none-eabi/4.8.4/../../../../arm-none-eabi/lib/armv7e-m/fpu\libnosys_s.a(read.o)
                0x08007d58                _read
 .text          0x08007d68       0x34 c:/program files (x86)/embitz/0.42/share/em_armgcc/bin/../lib/gcc/arm-none-eabi/4.8.4/../../../../arm-none-eabi/lib/armv7e-m/fpu\libnosys_s.a(sbrk.o)
                0x08007d68                _sbrk
 .text          0x08007d9c       0x10 c:/program files (x86)/embitz/0.42/share/em_armgcc/bin/../lib/gcc/arm-none-eabi/4.8.4/../../../../arm-none-eabi/lib/armv7e-m/fpu\libnosys_s.a(write.o)
                0x08007d9c                _write
 .text          0x08007dac      0x108 obj\release\src\startup_stm32f4xx.o
                0x08007dac                Reset_Handler
                0x08007df2                NMI_Handler
                0x08007df4                HardFault_Handler
                0x08007df6                MemManage_Handler
                0x08007df8                BusFault_Handler
                0x08007dfa                UsageFault_Handler
                0x08007dfc                SVC_Handler
                0x08007dfe                DebugMon_Handler
                0x08007e00                PendSV_Handler
                0x08007e02                SysTick_Handler
                0x08007e04                Default_Handler
                0x08007e06                WWDG_IRQHandler
                0x08007e08                PVD_IRQHandler
                0x08007e0a                TAMP_STAMP_IRQHandler
                0x08007e0e                FLASH_IRQHandler
                0x08007e10                RCC_IRQHandler
                0x08007e12                EXTI0_IRQHandler
                0x08007e14                EXTI1_IRQHandler
                0x08007e16                EXTI2_IRQHandler
                0x08007e18                EXTI3_IRQHandler
                0x08007e1a                EXTI4_IRQHandler
                0x08007e2a                ADC_IRQHandler
                0x08007e2c                CAN1_TX_IRQHandler
                0x08007e2e                CAN1_RX0_IRQHandler
                0x08007e30                CAN1_RX1_IRQHandler
                0x08007e32                CAN1_SCE_IRQHandler
                0x08007e34                EXTI9_5_IRQHandler
                0x08007e36                TIM1_BRK_TIM9_IRQHandler
                0x08007e38                TIM1_UP_TIM10_IRQHandler
                0x08007e3a                TIM1_TRG_COM_TIM11_IRQHandler
                0x08007e3c                TIM1_CC_IRQHandler
                0x08007e40                TIM3_IRQHandler
                0x08007e42                TIM4_IRQHandler
                0x08007e44                I2C1_EV_IRQHandler
                0x08007e46                I2C1_ER_IRQHandler
                0x08007e48                I2C2_EV_IRQHandler
                0x08007e4a                I2C2_ER_IRQHandler
                0x08007e4c                SPI1_IRQHandler
                0x08007e4e                SPI2_IRQHandler
                0x08007e50                USART1_IRQHandler
                0x08007e52                USART2_IRQHandler
                0x08007e54                USART3_IRQHandler
                0x08007e5a                OTG_FS_WKUP_IRQHandler
                0x08007e5c                TIM8_BRK_TIM12_IRQHandler
                0x08007e5e                TIM8_UP_TIM13_IRQHandler
                0x08007e60                TIM8_TRG_COM_TIM14_IRQHandler
                0x08007e62                TIM8_CC_IRQHandler
                0x08007e66                FSMC_IRQHandler
                0x08007e68                SDIO_IRQHandler
                0x08007e6c                SPI3_IRQHandler
                0x08007e6e                UART4_IRQHandler
                0x08007e70                UART5_IRQHandler
                0x08007e72                TIM6_DAC_IRQHandler
                0x08007e74                TIM7_IRQHandler
                0x08007e80                ETH_IRQHandler
                0x08007e82                ETH_WKUP_IRQHandler
                0x08007e84                CAN2_TX_IRQHandler
                0x08007e86                CAN2_RX0_IRQHandler
                0x08007e88                CAN2_RX1_IRQHandler
                0x08007e8a                CAN2_SCE_IRQHandler
                0x08007e8c                OTG_FS_IRQHandler
                0x08007e94                USART6_IRQHandler
                0x08007e96                I2C3_EV_IRQHandler
                0x08007e98                I2C3_ER_IRQHandler
                0x08007e9a                OTG_HS_EP1_OUT_IRQHandler
                0x08007e9c                OTG_HS_EP1_IN_IRQHandler
                0x08007e9e                OTG_HS_WKUP_IRQHandler
                0x08007ea0                OTG_HS_IRQHandler
                0x08007ea2                DCMI_IRQHandler
                0x08007ea4                CRYP_IRQHandler
                0x08007ea6                HASH_RNG_IRQHandler
                0x08007ea8                FPU_IRQHandler
 .text.exit     0x08007eb4       0x28 c:/program files (x86)/embitz/0.42/share/em_armgcc/bin/../lib/gcc/arm-none-eabi/4.8.4/../../../../arm-none-eabi/lib/armv7e-m/fpu\libc_n.a(lib_a-exit.o)
                0x08007eb4                exit
 .text.__libc_init_array
                0x08007edc       0x4c c:/program files (x86)/embitz/0.42/share/em_armgcc/bin/../lib/gcc/arm-none-eabi/4.8.4/../../../../arm-none-eabi/lib/armv7e-m/fpu\libc_n.a(lib_a-init.o)
                0x08007edc                __libc_init_array
 .text.memset   0x08007f28       0x10 c:/program files (x86)/embitz/0.42/share/em_armgcc/bin/../lib/gcc/arm-none-eabi/4.8.4/../../../../arm-none-eabi/lib/armv7e-m/fpu\libc_n.a(lib_a-memset.o)
                0x08007f28                memset
 .text          0x08007f38        0x2 c:/program files (x86)/embitz/0.42/share/em_armgcc/bin/../lib/gcc/arm-none-eabi/4.8.4/../../../../arm-none-eabi/lib/armv7e-m/fpu\libnosys_s.a(_exit.o)
                0x08007f38                _exit
 *(.init)
 *fill*         0x08007f3a        0x2 
 .init          0x08007f3c        0x4 c:/program files (x86)/embitz/0.42/share/em_armgcc/bin/../lib/gcc/arm-none-eabi/4.8.4/armv7e-m/fpu/crti.o
                0x08007f3c                _init
 .init          0x08007f40        0x8 c:/program files (x86)/embitz/0.42/share/em_armgcc/bin/../lib/gcc/arm-none-eabi/4.8.4/armv7e-m/fpu/crtn.o
 *(.fini)
 .fini          0x08007f48        0x4 c:/program files (x86)/embitz/0.42/share/em_armgcc/bin/../lib/gcc/arm-none-eabi/4.8.4/armv7e-m/fpu/crti.o
                0x08007f48                _fini
 .fini          0x08007f4c        0x8 c:/program files (x86)/embitz/0.42/share/em_armgcc/bin/../lib/gcc/arm-none-eabi/4.8.4/armv7e-m/fpu/crtn.o
 *crtbegin.o(.ctors)
 *crtbegin?.o(.ctors)
 *(EXCLUDE_FILE(*crtend.o *crtend?.o) .ctors)
 *(SORT(.ctors.*))
 *(.ctors)
 *crtbegin.o(.dtors)
 *crtbegin?.o(.dtors)
 *(EXCLUDE_FILE(*crtend.o *crtend?.o) .dtors)
 *(SORT(.dtors.*))
 *(.dtors)
 *(.rodata*)
 .rodata.str1.4
                0x08007f54       0x77 C:\Users\agoraine\AppData\Local\Temp\cc9LsLNa.ltrans0.ltrans.o
                                 0x78 (size before relaxing)
 *fill*         0x08007fcb        0x1 
 .rodata        0x08007fcc       0x10 C:\Users\agoraine\AppData\Local\Temp\cc9LsLNa.ltrans1.ltrans.o
 .rodata.str1.4
                0x08007fdc       0x1f C:\Users\agoraine\AppData\Local\Temp\cc9LsLNa.ltrans1.ltrans.o
                                 0x20 (size before relaxing)
 *fill*         0x08007ffb        0x1 
 .rodata.str1.4
                0x08007ffc       0x5e C:\Users\agoraine\AppData\Local\Temp\cc9LsLNa.ltrans2.ltrans.o
                                 0x80 (size before relaxing)
 .rodata.str1.4
                0x00000000       0x60 C:\Users\agoraine\AppData\Local\Temp\cc9LsLNa.ltrans3.ltrans.o
 .rodata.str1.4
                0x00000000       0x60 C:\Users\agoraine\AppData\Local\Temp\cc9LsLNa.ltrans4.ltrans.o
 *fill*         0x0800805a        0x2 
 .rodata.str1.4
                0x0800805c       0x4c C:\Users\agoraine\AppData\Local\Temp\cc9LsLNa.ltrans5.ltrans.o
 .rodata        0x080080a8       0x18 C:\Users\agoraine\AppData\Local\Temp\cc9LsLNa.ltrans6.ltrans.o
                0x080080a8                TM_RTC_Months
 .rodata        0x080080c0        0x4 C:\Users\agoraine\AppData\Local\Temp\cc9LsLNa.ltrans7.ltrans.o
                0x080080c0                DMA_Flags_Bit_Pos.10533
 .rodata.str1.4
                0x00000000       0x60 C:\Users\agoraine\AppData\Local\Temp\cc9LsLNa.ltrans7.ltrans.o
 .rodata.str1.4
                0x00000000       0x60 C:\Users\agoraine\AppData\Local\Temp\cc9LsLNa.ltrans8.ltrans.o
 .rodata.str1.1
                0x080080c4       0x11 c:/program files (x86)/embitz/0.42/share/em_armgcc/bin/../lib/gcc/arm-none-eabi/4.8.4/../../../../arm-none-eabi/lib/armv7e-m/fpu\libc_n.a(lib_a-vfprintf.o)
 .rodata.str1.1
                0x080080d5       0x22 c:/program files (x86)/embitz/0.42/share/em_armgcc/bin/../lib/gcc/arm-none-eabi/4.8.4/../../../../arm-none-eabi/lib/armv7e-m/fpu\libc_n.a(lib_a-vfprintf_i.o)
 *fill*         0x080080f7        0x1 
 .rodata.__sf_fake_stdin
                0x080080f8       0x20 c:/program files (x86)/embitz/0.42/share/em_armgcc/bin/../lib/gcc/arm-none-eabi/4.8.4/../../../../arm-none-eabi/lib/armv7e-m/fpu\libc_n.a(lib_a-findfp.o)
                0x080080f8                __sf_fake_stdin
 .rodata.__sf_fake_stdout
                0x08008118       0x20 c:/program files (x86)/embitz/0.42/share/em_armgcc/bin/../lib/gcc/arm-none-eabi/4.8.4/../../../../arm-none-eabi/lib/armv7e-m/fpu\libc_n.a(lib_a-findfp.o)
                0x08008118                __sf_fake_stdout
 .rodata.__sf_fake_stderr
                0x08008138       0x20 c:/program files (x86)/embitz/0.42/share/em_armgcc/bin/../lib/gcc/arm-none-eabi/4.8.4/../../../../arm-none-eabi/lib/armv7e-m/fpu\libc_n.a(lib_a-findfp.o)
                0x08008138                __sf_fake_stderr
 .rodata.str1.1
                0x08008158        0x2 c:/program files (x86)/embitz/0.42/share/em_armgcc/bin/../lib/gcc/arm-none-eabi/4.8.4/../../../../arm-none-eabi/lib/armv7e-m/fpu\libc_n.a(lib_a-impure.o)
 *fill*         0x0800815a        0x2 
 .rodata._global_impure_ptr
                0x0800815c        0x4 c:/program files (x86)/embitz/0.42/share/em_armgcc/bin/../lib/gcc/arm-none-eabi/4.8.4/../../../../arm-none-eabi/lib/armv7e-m/fpu\libc_n.a(lib_a-impure.o)
                0x0800815c                _global_impure_ptr
 *(.eh_frame*)
 .eh_frame      0x08008160        0x0 c:/program files (x86)/embitz/0.42/share/em_armgcc/bin/../lib/gcc/arm-none-eabi/4.8.4/armv7e-m/fpu/crtbegin.o
 .eh_frame      0x08008160        0x4 c:/program files (x86)/embitz/0.42/share/em_armgcc/bin/../lib/gcc/arm-none-eabi/4.8.4/armv7e-m/fpu/crtend.o

.glue_7         0x08008164        0x0
 .glue_7        0x00000000        0x0 linker stubs

.glue_7t        0x08008164        0x0
 .glue_7t       0x00000000        0x0 linker stubs

.vfp11_veneer   0x08008164        0x0
 .vfp11_veneer  0x00000000        0x0 linker stubs

.v4_bx          0x08008164        0x0
 .v4_bx         0x00000000        0x0 linker stubs

.iplt           0x08008164        0x0
 .iplt          0x00000000        0x0 c:/program files (x86)/embitz/0.42/share/em_armgcc/bin/../lib/gcc/arm-none-eabi/4.8.4/armv7e-m/fpu/crtbegin.o

.ARM.extab
 *(.ARM.extab* .gnu.linkonce.armextab.*)
                0x08008164                __exidx_start = .

.ARM.exidx      0x08008164        0x8
 *(.ARM.exidx* .gnu.linkonce.armexidx.*)
 .ARM.exidx     0x08008164        0x8 c:/program files (x86)/embitz/0.42/share/em_armgcc/bin/../lib/gcc/arm-none-eabi/4.8.4/../../../../arm-none-eabi/lib/armv7e-m/fpu/crt0.o
                0x0800816c                __exidx_end = .
                0x0800816c                __etext = .

.rel.dyn        0x0800816c        0x0
 .rel.iplt      0x00000000        0x0 c:/program files (x86)/embitz/0.42/share/em_armgcc/bin/../lib/gcc/arm-none-eabi/4.8.4/armv7e-m/fpu/crtbegin.o

.data           0x20000000      0x718 load address 0x0800816c
                0x20000000                __data_start__ = .
 *(vtable)
 *(.data*)
 .data          0x20000000      0x5dc C:\Users\agoraine\AppData\Local\Temp\cc9LsLNa.ltrans0.ltrans.o
 .data          0x200005dc       0x88 C:\Users\agoraine\AppData\Local\Temp\cc9LsLNa.ltrans1.ltrans.o
 .data          0x20000664       0x48 C:\Users\agoraine\AppData\Local\Temp\cc9LsLNa.ltrans7.ltrans.o
                0x20000664                SPI1_DMA_INT.4400
                0x2000067c                SPI3_DMA_INT.4410
                0x20000694                SPI2_DMA_INT.4409
 .data.impure_data
                0x200006ac       0x60 c:/program files (x86)/embitz/0.42/share/em_armgcc/bin/../lib/gcc/arm-none-eabi/4.8.4/../../../../arm-none-eabi/lib/armv7e-m/fpu\libc_n.a(lib_a-impure.o)
 .data._impure_ptr
                0x2000070c        0x4 c:/program files (x86)/embitz/0.42/share/em_armgcc/bin/../lib/gcc/arm-none-eabi/4.8.4/../../../../arm-none-eabi/lib/armv7e-m/fpu\libc_n.a(lib_a-impure.o)
                0x2000070c                _impure_ptr
                0x20000710                . = ALIGN (0x4)
                0x20000710                PROVIDE (__preinit_array_start, .)
 *(.preinit_array)
                0x20000710                PROVIDE (__preinit_array_end, .)
                0x20000710                . = ALIGN (0x4)
                0x20000710                PROVIDE (__init_array_start, .)
 *(SORT(.init_array.*))
 *(.init_array)
 .init_array    0x20000710        0x4 c:/program files (x86)/embitz/0.42/share/em_armgcc/bin/../lib/gcc/arm-none-eabi/4.8.4/armv7e-m/fpu/crtbegin.o
                0x20000714                PROVIDE (__init_array_end, .)
                0x20000714                . = ALIGN (0x4)
                0x20000714                PROVIDE (__fini_array_start, .)
 *(SORT(.fini_array.*))
 *(.fini_array)
 .fini_array    0x20000714        0x4 c:/program files (x86)/embitz/0.42/share/em_armgcc/bin/../lib/gcc/arm-none-eabi/4.8.4/armv7e-m/fpu/crtbegin.o
                0x20000718                PROVIDE (__fini_array_end, .)
                0x20000718                . = ALIGN (0x4)
                0x20000718                __data_end__ = .

.jcr            0x20000718        0x0 load address 0x08008884
 .jcr           0x20000718        0x0 c:/program files (x86)/embitz/0.42/share/em_armgcc/bin/../lib/gcc/arm-none-eabi/4.8.4/armv7e-m/fpu/crtbegin.o

.igot.plt       0x20000718        0x0 load address 0x08008884
 .igot.plt      0x00000000        0x0 c:/program files (x86)/embitz/0.42/share/em_armgcc/bin/../lib/gcc/arm-none-eabi/4.8.4/armv7e-m/fpu/crtbegin.o

.bss            0x20000720     0xccb8 load address 0x080088a0
                0x20000720                __bss_start__ = .
 *(.bss*)
 .bss           0x20000720       0x1c c:/program files (x86)/embitz/0.42/share/em_armgcc/bin/../lib/gcc/arm-none-eabi/4.8.4/armv7e-m/fpu/crtbegin.o
 *fill*         0x2000073c        0x4 
 .bss           0x20000740       0xa0 C:\Users\agoraine\AppData\Local\Temp\cc9LsLNa.ltrans0.ltrans.o
                0x20000740                TM_RTC_Status
                0x20000750                DMA_InitStruct.4399
 .bss           0x200007e0       0x20 C:\Users\agoraine\AppData\Local\Temp\cc9LsLNa.ltrans1.ltrans.o
 .bss           0x20000800     0x43a0 C:\Users\agoraine\AppData\Local\Temp\cc9LsLNa.ltrans6.ltrans.o
                0x20000808                RTC_TimeStruct
                0x2000080c                RTC_DateStruct
 .bss           0x20004ba0     0x8828 C:\Users\agoraine\AppData\Local\Temp\cc9LsLNa.ltrans7.ltrans.o
                0x20004ba0                ClockManager::rtcTime
                0x20004bb0                guard variable for DrawManager::get()::instance [clone .local.15]
                0x20004bb8                _ZZN11DrawManager3getEvE8instance.local.16
 .bss.__malloc_sbrk_start
                0x2000d3c8        0x4 c:/program files (x86)/embitz/0.42/share/em_armgcc/bin/../lib/gcc/arm-none-eabi/4.8.4/../../../../arm-none-eabi/lib/armv7e-m/fpu\libc_n.a(lib_a-nano-mallocr.o)
                0x2000d3c8                __malloc_sbrk_start
 .bss.__malloc_free_list
                0x2000d3cc        0x4 c:/program files (x86)/embitz/0.42/share/em_armgcc/bin/../lib/gcc/arm-none-eabi/4.8.4/../../../../arm-none-eabi/lib/armv7e-m/fpu\libc_n.a(lib_a-nano-mallocr.o)
                0x2000d3cc                __malloc_free_list
 .bss           0x2000d3d0        0x4 c:/program files (x86)/embitz/0.42/share/em_armgcc/bin/../lib/gcc/arm-none-eabi/4.8.4/../../../../arm-none-eabi/lib/armv7e-m/fpu\libnosys_s.a(sbrk.o)
 *(COMMON)
 COMMON         0x2000d3d4        0x4 c:/program files (x86)/embitz/0.42/share/em_armgcc/bin/../lib/gcc/arm-none-eabi/4.8.4/../../../../arm-none-eabi/lib/armv7e-m/fpu\libc_n.a(lib_a-reent.o)
                0x2000d3d4                errno
                0x2000d3d8                __bss_end__ = .

.heap           0x2000d3d8        0x0
                0x2000d3d8                __end__ = .
                0x2000d3d8                end = __end__
 *(.heap*)
 .heap          0x2000d3d8        0x0 obj\release\src\startup_stm32f4xx.o
                0x2000d3d8                __HeapLimit = .

.stack_dummy    0x2000d3d8      0x100
 *(.stack)
 .stack         0x2000d3d8      0x100 obj\release\src\startup_stm32f4xx.o
                0x20020000                __StackTop = (ORIGIN (RAM) + 0x20000)
                0x2001ff00                __StackLimit = (__StackTop - SIZEOF (.stack_dummy))
                0x20020000                PROVIDE (__stack, __StackTop)
                0x00000001                ASSERT ((__StackLimit >= __HeapLimit), region RAM overflowed with stack)
LOAD obj\release\inc\tm_stm32f4_delay.o
LOAD C:\Users\agoraine\AppData\Local\Temp\cc9LsLNa.ltrans0.ltrans.o
LOAD C:\Users\agoraine\AppData\Local\Temp\cc9LsLNa.ltrans1.ltrans.o
LOAD C:\Users\agoraine\AppData\Local\Temp\cc9LsLNa.ltrans2.ltrans.o
LOAD C:\Users\agoraine\AppData\Local\Temp\cc9LsLNa.ltrans3.ltrans.o
LOAD C:\Users\agoraine\AppData\Local\Temp\cc9LsLNa.ltrans4.ltrans.o
LOAD C:\Users\agoraine\AppData\Local\Temp\cc9LsLNa.ltrans5.ltrans.o
LOAD C:\Users\agoraine\AppData\Local\Temp\cc9LsLNa.ltrans6.ltrans.o
LOAD C:\Users\agoraine\AppData\Local\Temp\cc9LsLNa.ltrans7.ltrans.o
LOAD C:\Users\agoraine\AppData\Local\Temp\cc9LsLNa.ltrans8.ltrans.o
LOAD c:/program files (x86)/embitz/0.42/share/em_armgcc/bin/../lib/gcc/arm-none-eabi/4.8.4/armv7e-m/fpu\libgcc.a
LOAD c:/program files (x86)/embitz/0.42/share/em_armgcc/bin/../lib/gcc/arm-none-eabi/4.8.4/../../../../arm-none-eabi/lib/armv7e-m/fpu\libc_n.a
LOAD c:/program files (x86)/embitz/0.42/share/em_armgcc/bin/../lib/gcc/arm-none-eabi/4.8.4/armv7e-m/fpu\libgcc.a
LOAD c:/program files (x86)/embitz/0.42/share/em_armgcc/bin/../lib/gcc/arm-none-eabi/4.8.4/../../../../arm-none-eabi/lib/armv7e-m/fpu\libc_n.a
LOAD c:/program files (x86)/embitz/0.42/share/em_armgcc/bin/../lib/gcc/arm-none-eabi/4.8.4/../../../../arm-none-eabi/lib/armv7e-m/fpu\libnosys_s.a
LOAD obj\release\inc\tm_stm32f4_gpio.o
LOAD obj\release\inc\tm_stm32f4_spi_dma.o
LOAD obj\release\inc\tm_stm32f4_timer_properties.o
LOAD obj\release\spl\src\misc.o
LOAD obj\release\spl\src\stm32f4xx_adc.o
LOAD obj\release\spl\src\stm32f4xx_can.o
LOAD obj\release\spl\src\stm32f4xx_crc.o
LOAD obj\release\spl\src\stm32f4xx_cryp.o
LOAD obj\release\spl\src\stm32f4xx_cryp_aes.o
LOAD obj\release\spl\src\stm32f4xx_cryp_des.o
LOAD obj\release\spl\src\stm32f4xx_cryp_tdes.o
LOAD obj\release\spl\src\stm32f4xx_dac.o
LOAD obj\release\spl\src\stm32f4xx_dbgmcu.o
LOAD obj\release\spl\src\stm32f4xx_dcmi.o
LOAD obj\release\spl\src\stm32f4xx_dma.o
LOAD obj\release\spl\src\stm32f4xx_exti.o
LOAD obj\release\spl\src\stm32f4xx_flash.o
LOAD obj\release\spl\src\stm32f4xx_fsmc.o
LOAD obj\release\spl\src\stm32f4xx_gpio.o
LOAD obj\release\spl\src\stm32f4xx_hash.o
LOAD obj\release\spl\src\stm32f4xx_hash_md5.o
LOAD obj\release\spl\src\stm32f4xx_hash_sha1.o
LOAD obj\release\spl\src\stm32f4xx_i2c.o
LOAD obj\release\spl\src\stm32f4xx_iwdg.o
LOAD obj\release\spl\src\stm32f4xx_pwr.o
LOAD obj\release\spl\src\stm32f4xx_rcc.o
LOAD obj\release\spl\src\stm32f4xx_rng.o
LOAD obj\release\spl\src\stm32f4xx_rtc.o
LOAD obj\release\spl\src\stm32f4xx_sdio.o
LOAD obj\release\spl\src\stm32f4xx_spi.o
LOAD obj\release\spl\src\stm32f4xx_syscfg.o
LOAD obj\release\spl\src\stm32f4xx_tim.o
LOAD obj\release\spl\src\stm32f4xx_usart.o
LOAD obj\release\spl\src\stm32f4xx_wwdg.o
LOAD obj\release\src\bluetooth.o
LOAD obj\release\src\clockfonts.o
LOAD obj\release\src\clockmanager.o
LOAD obj\release\src\frametimemanager.o
LOAD obj\release\src\leddriver.o
LOAD obj\release\src\main.o
LOAD obj\release\src\messagemanager.o
LOAD obj\release\src\startup_stm32f4xx.o
LOAD obj\release\src\system_stm32f4xx.o
LOAD obj\release\src\tm_stm32f4_dma.o
LOAD obj\release\src\tm_stm32f4_rtc.o
LOAD obj\release\src\tm_stm32f4_spi.o
LOAD obj\release\src\tm_stm32f4_usart.o
LOAD c:/program files (x86)/embitz/0.42/share/em_armgcc/bin/../lib/gcc/arm-none-eabi/4.8.4/../../../../arm-none-eabi/lib/armv7e-m/fpu\libstdc++_n.a
START GROUP
LOAD c:/program files (x86)/embitz/0.42/share/em_armgcc/bin/../lib/gcc/arm-none-eabi/4.8.4/armv7e-m/fpu\libgcc.a
LOAD c:/program files (x86)/embitz/0.42/share/em_armgcc/bin/../lib/gcc/arm-none-eabi/4.8.4/../../../../arm-none-eabi/lib/armv7e-m/fpu\libc_n.a
END GROUP
START GROUP
LOAD c:/program files (x86)/embitz/0.42/share/em_armgcc/bin/../lib/gcc/arm-none-eabi/4.8.4/armv7e-m/fpu\libgcc.a
LOAD c:/program files (x86)/embitz/0.42/share/em_armgcc/bin/../lib/gcc/arm-none-eabi/4.8.4/../../../../arm-none-eabi/lib/armv7e-m/fpu\libc_n.a
LOAD c:/program files (x86)/embitz/0.42/share/em_armgcc/bin/../lib/gcc/arm-none-eabi/4.8.4/../../../../arm-none-eabi/lib/armv7e-m/fpu\libnosys_s.a
END GROUP
LOAD c:/program files (x86)/embitz/0.42/share/em_armgcc/bin/../lib/gcc/arm-none-eabi/4.8.4/armv7e-m/fpu/crtend.o
LOAD c:/program files (x86)/embitz/0.42/share/em_armgcc/bin/../lib/gcc/arm-none-eabi/4.8.4/armv7e-m/fpu/crtn.o
OUTPUT(bin\Release\Actual.elf elf32-littlearm)

.ARM.attributes
                0x00000000       0x30
 .ARM.attributes
                0x00000000       0x22 c:/program files (x86)/embitz/0.42/share/em_armgcc/bin/../lib/gcc/arm-none-eabi/4.8.4/armv7e-m/fpu/crti.o
 .ARM.attributes
                0x00000022       0x34 c:/program files (x86)/embitz/0.42/share/em_armgcc/bin/../lib/gcc/arm-none-eabi/4.8.4/armv7e-m/fpu/crtbegin.o
 .ARM.attributes
                0x00000056       0x20 c:/program files (x86)/embitz/0.42/share/em_armgcc/bin/../lib/gcc/arm-none-eabi/4.8.4/../../../../arm-none-eabi/lib/armv7e-m/fpu/crt0.o
 .ARM.attributes
                0x00000076       0x37 C:\Users\agoraine\AppData\Local\Temp\cc9LsLNa.ltrans0.ltrans.o
 .ARM.attributes
                0x000000ad       0x37 C:\Users\agoraine\AppData\Local\Temp\cc9LsLNa.ltrans1.ltrans.o
 .ARM.attributes
                0x000000e4       0x37 C:\Users\agoraine\AppData\Local\Temp\cc9LsLNa.ltrans2.ltrans.o
 .ARM.attributes
                0x0000011b       0x37 C:\Users\agoraine\AppData\Local\Temp\cc9LsLNa.ltrans3.ltrans.o
 .ARM.attributes
                0x00000152       0x37 C:\Users\agoraine\AppData\Local\Temp\cc9LsLNa.ltrans4.ltrans.o
 .ARM.attributes
                0x00000189       0x37 C:\Users\agoraine\AppData\Local\Temp\cc9LsLNa.ltrans5.ltrans.o
 .ARM.attributes
                0x000001c0       0x37 C:\Users\agoraine\AppData\Local\Temp\cc9LsLNa.ltrans6.ltrans.o
 .ARM.attributes
                0x000001f7       0x37 C:\Users\agoraine\AppData\Local\Temp\cc9LsLNa.ltrans7.ltrans.o
 .ARM.attributes
                0x0000022e       0x37 C:\Users\agoraine\AppData\Local\Temp\cc9LsLNa.ltrans8.ltrans.o
 .ARM.attributes
                0x00000265       0x34 c:/program files (x86)/embitz/0.42/share/em_armgcc/bin/../lib/gcc/arm-none-eabi/4.8.4/../../../../arm-none-eabi/lib/armv7e-m/fpu\libc_n.a(lib_a-memcmp.o)
 .ARM.attributes
                0x00000299       0x34 c:/program files (x86)/embitz/0.42/share/em_armgcc/bin/../lib/gcc/arm-none-eabi/4.8.4/../../../../arm-none-eabi/lib/armv7e-m/fpu\libc_n.a(lib_a-memcpy-stub.o)
 .ARM.attributes
                0x000002cd       0x34 c:/program files (x86)/embitz/0.42/share/em_armgcc/bin/../lib/gcc/arm-none-eabi/4.8.4/../../../../arm-none-eabi/lib/armv7e-m/fpu\libc_n.a(lib_a-printf.o)
 .ARM.attributes
                0x00000301       0x34 c:/program files (x86)/embitz/0.42/share/em_armgcc/bin/../lib/gcc/arm-none-eabi/4.8.4/../../../../arm-none-eabi/lib/armv7e-m/fpu\libc_n.a(lib_a-puts.o)
 .ARM.attributes
                0x00000335       0x34 c:/program files (x86)/embitz/0.42/share/em_armgcc/bin/../lib/gcc/arm-none-eabi/4.8.4/../../../../arm-none-eabi/lib/armv7e-m/fpu\libc_n.a(lib_a-vfprintf.o)
 .ARM.attributes
                0x00000369       0x34 c:/program files (x86)/embitz/0.42/share/em_armgcc/bin/../lib/gcc/arm-none-eabi/4.8.4/../../../../arm-none-eabi/lib/armv7e-m/fpu\libc_n.a(lib_a-vfprintf_i.o)
 .ARM.attributes
                0x0000039d       0x34 c:/program files (x86)/embitz/0.42/share/em_armgcc/bin/../lib/gcc/arm-none-eabi/4.8.4/../../../../arm-none-eabi/lib/armv7e-m/fpu\libc_n.a(lib_a-wbuf.o)
 .ARM.attributes
                0x000003d1       0x34 c:/program files (x86)/embitz/0.42/share/em_armgcc/bin/../lib/gcc/arm-none-eabi/4.8.4/../../../../arm-none-eabi/lib/armv7e-m/fpu\libc_n.a(lib_a-wsetup.o)
 .ARM.attributes
                0x00000405       0x34 c:/program files (x86)/embitz/0.42/share/em_armgcc/bin/../lib/gcc/arm-none-eabi/4.8.4/../../../../arm-none-eabi/lib/armv7e-m/fpu\libc_n.a(lib_a-fflush.o)
 .ARM.attributes
                0x00000439       0x34 c:/program files (x86)/embitz/0.42/share/em_armgcc/bin/../lib/gcc/arm-none-eabi/4.8.4/../../../../arm-none-eabi/lib/armv7e-m/fpu\libc_n.a(lib_a-findfp.o)
 .ARM.attributes
                0x0000046d       0x34 c:/program files (x86)/embitz/0.42/share/em_armgcc/bin/../lib/gcc/arm-none-eabi/4.8.4/../../../../arm-none-eabi/lib/armv7e-m/fpu\libc_n.a(lib_a-makebuf.o)
 .ARM.attributes
                0x000004a1       0x34 c:/program files (x86)/embitz/0.42/share/em_armgcc/bin/../lib/gcc/arm-none-eabi/4.8.4/../../../../arm-none-eabi/lib/armv7e-m/fpu\libc_n.a(lib_a-memchr-stub.o)
 .ARM.attributes
                0x000004d5       0x34 c:/program files (x86)/embitz/0.42/share/em_armgcc/bin/../lib/gcc/arm-none-eabi/4.8.4/../../../../arm-none-eabi/lib/armv7e-m/fpu\libc_n.a(lib_a-nano-freer.o)
 .ARM.attributes
                0x00000509       0x34 c:/program files (x86)/embitz/0.42/share/em_armgcc/bin/../lib/gcc/arm-none-eabi/4.8.4/../../../../arm-none-eabi/lib/armv7e-m/fpu\libc_n.a(lib_a-nano-mallocr.o)
 .ARM.attributes
                0x0000053d       0x34 c:/program files (x86)/embitz/0.42/share/em_armgcc/bin/../lib/gcc/arm-none-eabi/4.8.4/../../../../arm-none-eabi/lib/armv7e-m/fpu\libc_n.a(lib_a-sbrkr.o)
 .ARM.attributes
                0x00000571       0x34 c:/program files (x86)/embitz/0.42/share/em_armgcc/bin/../lib/gcc/arm-none-eabi/4.8.4/../../../../arm-none-eabi/lib/armv7e-m/fpu\libc_n.a(lib_a-stdio.o)
 .ARM.attributes
                0x000005a5       0x34 c:/program files (x86)/embitz/0.42/share/em_armgcc/bin/../lib/gcc/arm-none-eabi/4.8.4/../../../../arm-none-eabi/lib/armv7e-m/fpu\libc_n.a(lib_a-strlen.o)
 .ARM.attributes
                0x000005d9       0x34 c:/program files (x86)/embitz/0.42/share/em_armgcc/bin/../lib/gcc/arm-none-eabi/4.8.4/../../../../arm-none-eabi/lib/armv7e-m/fpu\libc_n.a(lib_a-writer.o)
 .ARM.attributes
                0x0000060d       0x34 c:/program files (x86)/embitz/0.42/share/em_armgcc/bin/../lib/gcc/arm-none-eabi/4.8.4/../../../../arm-none-eabi/lib/armv7e-m/fpu\libc_n.a(lib_a-closer.o)
 .ARM.attributes
                0x00000641       0x34 c:/program files (x86)/embitz/0.42/share/em_armgcc/bin/../lib/gcc/arm-none-eabi/4.8.4/../../../../arm-none-eabi/lib/armv7e-m/fpu\libc_n.a(lib_a-fstatr.o)
 .ARM.attributes
                0x00000675       0x34 c:/program files (x86)/embitz/0.42/share/em_armgcc/bin/../lib/gcc/arm-none-eabi/4.8.4/../../../../arm-none-eabi/lib/armv7e-m/fpu\libc_n.a(lib_a-isattyr.o)
 .ARM.attributes
                0x000006a9       0x34 c:/program files (x86)/embitz/0.42/share/em_armgcc/bin/../lib/gcc/arm-none-eabi/4.8.4/../../../../arm-none-eabi/lib/armv7e-m/fpu\libc_n.a(lib_a-lseekr.o)
 .ARM.attributes
                0x000006dd       0x34 c:/program files (x86)/embitz/0.42/share/em_armgcc/bin/../lib/gcc/arm-none-eabi/4.8.4/../../../../arm-none-eabi/lib/armv7e-m/fpu\libc_n.a(lib_a-readr.o)
 .ARM.attributes
                0x00000711       0x34 c:/program files (x86)/embitz/0.42/share/em_armgcc/bin/../lib/gcc/arm-none-eabi/4.8.4/../../../../arm-none-eabi/lib/armv7e-m/fpu\libc_n.a(lib_a-reent.o)
 .ARM.attributes
                0x00000745       0x34 c:/program files (x86)/embitz/0.42/share/em_armgcc/bin/../lib/gcc/arm-none-eabi/4.8.4/../../../../arm-none-eabi/lib/armv7e-m/fpu\libnosys_s.a(close.o)
 .ARM.attributes
                0x00000779       0x34 c:/program files (x86)/embitz/0.42/share/em_armgcc/bin/../lib/gcc/arm-none-eabi/4.8.4/../../../../arm-none-eabi/lib/armv7e-m/fpu\libnosys_s.a(fstat.o)
 .ARM.attributes
                0x000007ad       0x34 c:/program files (x86)/embitz/0.42/share/em_armgcc/bin/../lib/gcc/arm-none-eabi/4.8.4/../../../../arm-none-eabi/lib/armv7e-m/fpu\libnosys_s.a(isatty.o)
 .ARM.attributes
                0x000007e1       0x34 c:/program files (x86)/embitz/0.42/share/em_armgcc/bin/../lib/gcc/arm-none-eabi/4.8.4/../../../../arm-none-eabi/lib/armv7e-m/fpu\libnosys_s.a(lseek.o)
 .ARM.attributes
                0x00000815       0x34 c:/program files (x86)/embitz/0.42/share/em_armgcc/bin/../lib/gcc/arm-none-eabi/4.8.4/../../../../arm-none-eabi/lib/armv7e-m/fpu\libnosys_s.a(read.o)
 .ARM.attributes
                0x00000849       0x34 c:/program files (x86)/embitz/0.42/share/em_armgcc/bin/../lib/gcc/arm-none-eabi/4.8.4/../../../../arm-none-eabi/lib/armv7e-m/fpu\libnosys_s.a(sbrk.o)
 .ARM.attributes
                0x0000087d       0x34 c:/program files (x86)/embitz/0.42/share/em_armgcc/bin/../lib/gcc/arm-none-eabi/4.8.4/../../../../arm-none-eabi/lib/armv7e-m/fpu\libnosys_s.a(write.o)
 .ARM.attributes
                0x000008b1       0x1f obj\release\src\startup_stm32f4xx.o
 .ARM.attributes
                0x000008d0       0x34 c:/program files (x86)/embitz/0.42/share/em_armgcc/bin/../lib/gcc/arm-none-eabi/4.8.4/../../../../arm-none-eabi/lib/armv7e-m/fpu\libc_n.a(lib_a-exit.o)
 .ARM.attributes
                0x00000904       0x34 c:/program files (x86)/embitz/0.42/share/em_armgcc/bin/../lib/gcc/arm-none-eabi/4.8.4/../../../../arm-none-eabi/lib/armv7e-m/fpu\libc_n.a(lib_a-impure.o)
 .ARM.attributes
                0x00000938       0x34 c:/program files (x86)/embitz/0.42/share/em_armgcc/bin/../lib/gcc/arm-none-eabi/4.8.4/../../../../arm-none-eabi/lib/armv7e-m/fpu\libc_n.a(lib_a-init.o)
 .ARM.attributes
                0x0000096c       0x34 c:/program files (x86)/embitz/0.42/share/em_armgcc/bin/../lib/gcc/arm-none-eabi/4.8.4/../../../../arm-none-eabi/lib/armv7e-m/fpu\libc_n.a(lib_a-memset.o)
 .ARM.attributes
                0x000009a0       0x34 c:/program files (x86)/embitz/0.42/share/em_armgcc/bin/../lib/gcc/arm-none-eabi/4.8.4/../../../../arm-none-eabi/lib/armv7e-m/fpu\libnosys_s.a(_exit.o)
 .ARM.attributes
                0x000009d4       0x34 c:/program files (x86)/embitz/0.42/share/em_armgcc/bin/../lib/gcc/arm-none-eabi/4.8.4/armv7e-m/fpu/crtend.o
 .ARM.attributes
                0x00000a08       0x22 c:/program files (x86)/embitz/0.42/share/em_armgcc/bin/../lib/gcc/arm-none-eabi/4.8.4/armv7e-m/fpu/crtn.o

.comment        0x00000000       0x46
 .comment       0x00000000       0x46 C:\Users\agoraine\AppData\Local\Temp\cc9LsLNa.ltrans0.ltrans.o
                                 0x47 (size before relaxing)
 .comment       0x00000000       0x47 C:\Users\agoraine\AppData\Local\Temp\cc9LsLNa.ltrans1.ltrans.o
 .comment       0x00000000       0x47 C:\Users\agoraine\AppData\Local\Temp\cc9LsLNa.ltrans2.ltrans.o
 .comment       0x00000000       0x47 C:\Users\agoraine\AppData\Local\Temp\cc9LsLNa.ltrans3.ltrans.o
 .comment       0x00000000       0x47 C:\Users\agoraine\AppData\Local\Temp\cc9LsLNa.ltrans4.ltrans.o
 .comment       0x00000000       0x47 C:\Users\agoraine\AppData\Local\Temp\cc9LsLNa.ltrans5.ltrans.o
 .comment       0x00000000       0x47 C:\Users\agoraine\AppData\Local\Temp\cc9LsLNa.ltrans6.ltrans.o
 .comment       0x00000000       0x47 C:\Users\agoraine\AppData\Local\Temp\cc9LsLNa.ltrans7.ltrans.o
 .comment       0x00000000       0x47 C:\Users\agoraine\AppData\Local\Temp\cc9LsLNa.ltrans8.ltrans.o

.debug_frame    0x00000000      0x828
 .debug_frame   0x00000000       0x2c c:/program files (x86)/embitz/0.42/share/em_armgcc/bin/../lib/gcc/arm-none-eabi/4.8.4/../../../../arm-none-eabi/lib/armv7e-m/fpu\libc_n.a(lib_a-memcmp.o)
 .debug_frame   0x0000002c       0x28 c:/program files (x86)/embitz/0.42/share/em_armgcc/bin/../lib/gcc/arm-none-eabi/4.8.4/../../../../arm-none-eabi/lib/armv7e-m/fpu\libc_n.a(lib_a-memcpy-stub.o)
 .debug_frame   0x00000054       0x60 c:/program files (x86)/embitz/0.42/share/em_armgcc/bin/../lib/gcc/arm-none-eabi/4.8.4/../../../../arm-none-eabi/lib/armv7e-m/fpu\libc_n.a(lib_a-printf.o)
 .debug_frame   0x000000b4       0x3c c:/program files (x86)/embitz/0.42/share/em_armgcc/bin/../lib/gcc/arm-none-eabi/4.8.4/../../../../arm-none-eabi/lib/armv7e-m/fpu\libc_n.a(lib_a-puts.o)
 .debug_frame   0x000000f0       0xa8 c:/program files (x86)/embitz/0.42/share/em_armgcc/bin/../lib/gcc/arm-none-eabi/4.8.4/../../../../arm-none-eabi/lib/armv7e-m/fpu\libc_n.a(lib_a-vfprintf.o)
 .debug_frame   0x00000198       0x60 c:/program files (x86)/embitz/0.42/share/em_armgcc/bin/../lib/gcc/arm-none-eabi/4.8.4/../../../../arm-none-eabi/lib/armv7e-m/fpu\libc_n.a(lib_a-vfprintf_i.o)
 .debug_frame   0x000001f8       0x3c c:/program files (x86)/embitz/0.42/share/em_armgcc/bin/../lib/gcc/arm-none-eabi/4.8.4/../../../../arm-none-eabi/lib/armv7e-m/fpu\libc_n.a(lib_a-wbuf.o)
 .debug_frame   0x00000234       0x2c c:/program files (x86)/embitz/0.42/share/em_armgcc/bin/../lib/gcc/arm-none-eabi/4.8.4/../../../../arm-none-eabi/lib/armv7e-m/fpu\libc_n.a(lib_a-wsetup.o)
 .debug_frame   0x00000260       0x5c c:/program files (x86)/embitz/0.42/share/em_armgcc/bin/../lib/gcc/arm-none-eabi/4.8.4/../../../../arm-none-eabi/lib/armv7e-m/fpu\libc_n.a(lib_a-fflush.o)
 .debug_frame   0x000002bc      0x12c c:/program files (x86)/embitz/0.42/share/em_armgcc/bin/../lib/gcc/arm-none-eabi/4.8.4/../../../../arm-none-eabi/lib/armv7e-m/fpu\libc_n.a(lib_a-findfp.o)
 .debug_frame   0x000003e8       0x30 c:/program files (x86)/embitz/0.42/share/em_armgcc/bin/../lib/gcc/arm-none-eabi/4.8.4/../../../../arm-none-eabi/lib/armv7e-m/fpu\libc_n.a(lib_a-makebuf.o)
 .debug_frame   0x00000418       0x28 c:/program files (x86)/embitz/0.42/share/em_armgcc/bin/../lib/gcc/arm-none-eabi/4.8.4/../../../../arm-none-eabi/lib/armv7e-m/fpu\libc_n.a(lib_a-memchr-stub.o)
 .debug_frame   0x00000440       0x2c c:/program files (x86)/embitz/0.42/share/em_armgcc/bin/../lib/gcc/arm-none-eabi/4.8.4/../../../../arm-none-eabi/lib/armv7e-m/fpu\libc_n.a(lib_a-nano-freer.o)
 .debug_frame   0x0000046c       0x2c c:/program files (x86)/embitz/0.42/share/em_armgcc/bin/../lib/gcc/arm-none-eabi/4.8.4/../../../../arm-none-eabi/lib/armv7e-m/fpu\libc_n.a(lib_a-nano-mallocr.o)
 .debug_frame   0x00000498       0x2c c:/program files (x86)/embitz/0.42/share/em_armgcc/bin/../lib/gcc/arm-none-eabi/4.8.4/../../../../arm-none-eabi/lib/armv7e-m/fpu\libc_n.a(lib_a-sbrkr.o)
 .debug_frame   0x000004c4       0x80 c:/program files (x86)/embitz/0.42/share/em_armgcc/bin/../lib/gcc/arm-none-eabi/4.8.4/../../../../arm-none-eabi/lib/armv7e-m/fpu\libc_n.a(lib_a-stdio.o)
 .debug_frame   0x00000544       0x20 c:/program files (x86)/embitz/0.42/share/em_armgcc/bin/../lib/gcc/arm-none-eabi/4.8.4/../../../../arm-none-eabi/lib/armv7e-m/fpu\libc_n.a(lib_a-strlen.o)
 .debug_frame   0x00000564       0x2c c:/program files (x86)/embitz/0.42/share/em_armgcc/bin/../lib/gcc/arm-none-eabi/4.8.4/../../../../arm-none-eabi/lib/armv7e-m/fpu\libc_n.a(lib_a-writer.o)
 .debug_frame   0x00000590       0x2c c:/program files (x86)/embitz/0.42/share/em_armgcc/bin/../lib/gcc/arm-none-eabi/4.8.4/../../../../arm-none-eabi/lib/armv7e-m/fpu\libc_n.a(lib_a-closer.o)
 .debug_frame   0x000005bc       0x2c c:/program files (x86)/embitz/0.42/share/em_armgcc/bin/../lib/gcc/arm-none-eabi/4.8.4/../../../../arm-none-eabi/lib/armv7e-m/fpu\libc_n.a(lib_a-fstatr.o)
 .debug_frame   0x000005e8       0x2c c:/program files (x86)/embitz/0.42/share/em_armgcc/bin/../lib/gcc/arm-none-eabi/4.8.4/../../../../arm-none-eabi/lib/armv7e-m/fpu\libc_n.a(lib_a-isattyr.o)
 .debug_frame   0x00000614       0x2c c:/program files (x86)/embitz/0.42/share/em_armgcc/bin/../lib/gcc/arm-none-eabi/4.8.4/../../../../arm-none-eabi/lib/armv7e-m/fpu\libc_n.a(lib_a-lseekr.o)
 .debug_frame   0x00000640       0x2c c:/program files (x86)/embitz/0.42/share/em_armgcc/bin/../lib/gcc/arm-none-eabi/4.8.4/../../../../arm-none-eabi/lib/armv7e-m/fpu\libc_n.a(lib_a-readr.o)
 .debug_frame   0x0000066c       0x48 c:/program files (x86)/embitz/0.42/share/em_armgcc/bin/../lib/gcc/arm-none-eabi/4.8.4/../../../../arm-none-eabi/lib/armv7e-m/fpu\libc_n.a(lib_a-reent.o)
 .debug_frame   0x000006b4       0x20 c:/program files (x86)/embitz/0.42/share/em_armgcc/bin/../lib/gcc/arm-none-eabi/4.8.4/../../../../arm-none-eabi/lib/armv7e-m/fpu\libnosys_s.a(close.o)
 .debug_frame   0x000006d4       0x20 c:/program files (x86)/embitz/0.42/share/em_armgcc/bin/../lib/gcc/arm-none-eabi/4.8.4/../../../../arm-none-eabi/lib/armv7e-m/fpu\libnosys_s.a(fstat.o)
 .debug_frame   0x000006f4       0x20 c:/program files (x86)/embitz/0.42/share/em_armgcc/bin/../lib/gcc/arm-none-eabi/4.8.4/../../../../arm-none-eabi/lib/armv7e-m/fpu\libnosys_s.a(isatty.o)
 .debug_frame   0x00000714       0x20 c:/program files (x86)/embitz/0.42/share/em_armgcc/bin/../lib/gcc/arm-none-eabi/4.8.4/../../../../arm-none-eabi/lib/armv7e-m/fpu\libnosys_s.a(lseek.o)
 .debug_frame   0x00000734       0x20 c:/program files (x86)/embitz/0.42/share/em_armgcc/bin/../lib/gcc/arm-none-eabi/4.8.4/../../../../arm-none-eabi/lib/armv7e-m/fpu\libnosys_s.a(read.o)
 .debug_frame   0x00000754       0x20 c:/program files (x86)/embitz/0.42/share/em_armgcc/bin/../lib/gcc/arm-none-eabi/4.8.4/../../../../arm-none-eabi/lib/armv7e-m/fpu\libnosys_s.a(sbrk.o)
 .debug_frame   0x00000774       0x20 c:/program files (x86)/embitz/0.42/share/em_armgcc/bin/../lib/gcc/arm-none-eabi/4.8.4/../../../../arm-none-eabi/lib/armv7e-m/fpu\libnosys_s.a(write.o)
 .debug_frame   0x00000794       0x28 c:/program files (x86)/embitz/0.42/share/em_armgcc/bin/../lib/gcc/arm-none-eabi/4.8.4/../../../../arm-none-eabi/lib/armv7e-m/fpu\libc_n.a(lib_a-exit.o)
 .debug_frame   0x000007bc       0x2c c:/program files (x86)/embitz/0.42/share/em_armgcc/bin/../lib/gcc/arm-none-eabi/4.8.4/../../../../arm-none-eabi/lib/armv7e-m/fpu\libc_n.a(lib_a-init.o)
 .debug_frame   0x000007e8       0x20 c:/program files (x86)/embitz/0.42/share/em_armgcc/bin/../lib/gcc/arm-none-eabi/4.8.4/../../../../arm-none-eabi/lib/armv7e-m/fpu\libc_n.a(lib_a-memset.o)
 .debug_frame   0x00000808       0x20 c:/program files (x86)/embitz/0.42/share/em_armgcc/bin/../lib/gcc/arm-none-eabi/4.8.4/../../../../arm-none-eabi/lib/armv7e-m/fpu\libnosys_s.a(_exit.o)

.stab           0x00000000       0x9c
 .stab          0x00000000       0x24 c:/program files (x86)/embitz/0.42/share/em_armgcc/bin/../lib/gcc/arm-none-eabi/4.8.4/../../../../arm-none-eabi/lib/armv7e-m/fpu\libnosys_s.a(close.o)
 .stab          0x00000024       0x18 c:/program files (x86)/embitz/0.42/share/em_armgcc/bin/../lib/gcc/arm-none-eabi/4.8.4/../../../../arm-none-eabi/lib/armv7e-m/fpu\libnosys_s.a(fstat.o)
                                 0x24 (size before relaxing)
 .stab          0x0000003c       0x18 c:/program files (x86)/embitz/0.42/share/em_armgcc/bin/../lib/gcc/arm-none-eabi/4.8.4/../../../../arm-none-eabi/lib/armv7e-m/fpu\libnosys_s.a(isatty.o)
                                 0x24 (size before relaxing)
 .stab          0x00000054       0x18 c:/program files (x86)/embitz/0.42/share/em_armgcc/bin/../lib/gcc/arm-none-eabi/4.8.4/../../../../arm-none-eabi/lib/armv7e-m/fpu\libnosys_s.a(lseek.o)
                                 0x24 (size before relaxing)
 .stab          0x0000006c       0x18 c:/program files (x86)/embitz/0.42/share/em_armgcc/bin/../lib/gcc/arm-none-eabi/4.8.4/../../../../arm-none-eabi/lib/armv7e-m/fpu\libnosys_s.a(read.o)
                                 0x24 (size before relaxing)
 .stab          0x00000084       0x18 c:/program files (x86)/embitz/0.42/share/em_armgcc/bin/../lib/gcc/arm-none-eabi/4.8.4/../../../../arm-none-eabi/lib/armv7e-m/fpu\libnosys_s.a(write.o)
                                 0x24 (size before relaxing)

.stabstr        0x00000000      0x14d
 .stabstr       0x00000000      0x14d c:/program files (x86)/embitz/0.42/share/em_armgcc/bin/../lib/gcc/arm-none-eabi/4.8.4/../../../../arm-none-eabi/lib/armv7e-m/fpu\libnosys_s.a(close.o)
